============================= test session starts ==============================
platform linux -- Python 3.13.14, pytest-9.1.1, pluggy-1.6.0 -- /usr/local/bin/python3.13
cachedir: .pytest_cache
rootdir: /app
configfile: pyproject.toml
testpaths: tests
plugins: anyio-4.14.1, asyncio-1.4.0
asyncio: mode=Mode.AUTO, debug=False, asyncio_default_fixture_loop_scope=session, asyncio_default_test_loop_scope=session
collecting ... collected 206 items

tests/integration/test_api_requests.py::test_create_request_succeeds_with_defaults PASSED [  0%]
tests/integration/test_api_requests.py::test_create_request_auto_increments_order_index PASSED [  0%]
tests/integration/test_api_requests.py::test_create_request_respects_explicit_order_index PASSED [  1%]
tests/integration/test_api_requests.py::test_create_request_with_valid_extract_rules PASSED [  1%]
tests/integration/test_api_requests.py::test_create_request_rejects_unknown_extract_rule_type PASSED [  2%]
tests/integration/test_api_requests.py::test_create_request_rejects_jsonpath_without_dollar_prefix PASSED [  2%]
tests/integration/test_api_requests.py::test_get_request_hides_existence_from_non_members PASSED [  3%]
tests/integration/test_api_requests.py::test_update_request_rejects_explicit_null_for_required_field PASSED [  3%]
tests/integration/test_api_requests.py::test_update_request_can_clear_body PASSED [  4%]
tests/integration/test_api_requests.py::test_member_cannot_delete_request PASSED [  4%]
tests/integration/test_assertions.py::test_create_status_code_assertion PASSED [  5%]
tests/integration/test_assertions.py::test_create_json_path_assertion PASSED [  5%]
tests/integration/test_assertions.py::test_create_assertion_rejects_config_mismatched_with_type PASSED [  6%]
tests/integration/test_assertions.py::test_create_assertion_rejects_unknown_type PASSED [  6%]
tests/integration/test_assertions.py::test_list_assertions_returns_all_for_request PASSED [  7%]
tests/integration/test_assertions.py::test_delete_assertion_succeeds PASSED [  7%]
tests/integration/test_assertions.py::test_deleting_request_cascades_to_its_assertions PASSED [  8%]
tests/integration/test_auth.py::test_register_creates_user PASSED        [  8%]
tests/integration/test_auth.py::test_register_duplicate_email_fails PASSED [  9%]
tests/integration/test_auth.py::test_register_weak_password_fails PASSED [  9%]
tests/integration/test_auth.py::test_login_success PASSED                [ 10%]
tests/integration/test_auth.py::test_login_rejects_wrong_password_and_unknown_email_identically PASSED [ 10%]
tests/integration/test_auth.py::test_me_requires_token PASSED            [ 11%]
tests/integration/test_auth.py::test_me_returns_current_user PASSED      [ 11%]
tests/integration/test_collections.py::test_create_collection_succeeds PASSED [ 12%]
tests/integration/test_collections.py::test_create_collection_fails_for_non_member PASSED [ 12%]
tests/integration/test_collections.py::test_list_collections_scoped_to_project PASSED [ 13%]
tests/integration/test_collections.py::test_get_collection_hides_existence_from_non_members PASSED [ 13%]
tests/integration/test_collections.py::test_member_can_update_collection PASSED [ 14%]
tests/integration/test_collections.py::test_member_cannot_delete_collection PASSED [ 14%]
tests/integration/test_collections.py::test_owner_can_delete_collection PASSED [ 15%]
tests/integration/test_collections.py::test_deleting_project_cascades_to_its_collections PASSED [ 15%]
tests/integration/test_cron_scheduler.py::test_sweep_once_triggers_a_due_active_schedule FAILED [ 16%]

=================================== FAILURES ===================================
________________ test_sweep_once_triggers_a_due_active_schedule ________________

db_session = <sqlalchemy.ext.asyncio.session.AsyncSession object at 0x791986836e10>
redis_client = <redis.asyncio.client.Redis(<redis.asyncio.connection.ConnectionPool(<redis.asyncio.connection.Connection(decode_responses=True,host=redis,port=6379,db=0)>)>)>

    @pytest.mark.asyncio
    async def test_sweep_once_triggers_a_due_active_schedule(
        db_session: AsyncSession, redis_client: Redis
    ) -> None:
        ctx = await _build_schedule(db_session)
        stream_queue = _isolated_stream(redis_client)
        await stream_queue.ensure_group()
    
        scheduler = CronScheduler(stream_queue)
        triggered = await scheduler.sweep_once()
    
>       assert triggered == 1
E       assert 44 == 1

tests/integration/test_cron_scheduler.py:106: AssertionError
----------------------------- Captured stdout call -----------------------------
2026-07-08 15:25:35,552 INFO sqlalchemy.engine.Engine BEGIN (implicit)
2026-07-08 15:25:35,553 INFO sqlalchemy.engine.Engine INSERT INTO users (id, email, hashed_password, full_name, is_active) VALUES ($1::UUID, $2::VARCHAR, $3::VARCHAR, $4::VARCHAR, $5::BOOLEAN) RETURNING users.created_at, users.updated_at
2026-07-08 15:25:35,553 INFO sqlalchemy.engine.Engine [cached since 10.1s ago] (UUID('019f4255-9fc1-7a32-aea0-c7fdf4728c58'), 'cron-test-52a7df35-ef14-4c73-a1b7-823c782aa20f@example.com', '$argon2id$v=19$m=65536,t=3,p=1$YlmeTGe9NXphXQ3iEAwdEQ$MSptq7FdFN6JAAIbTtz3dX+XlyTYv948KPO9M2Y0lzc', 'Cron Test User', True)
2026-07-08 15:25:35,553 INFO sqlalchemy.engine.Engine INSERT INTO organizations (id, name, slug) VALUES ($1::UUID, $2::VARCHAR, $3::VARCHAR) RETURNING organizations.created_at, organizations.updated_at
2026-07-08 15:25:35,553 INFO sqlalchemy.engine.Engine [cached since 9.975s ago] (UUID('019f4255-9fc2-70c8-b413-f6cb9be2ff47'), 'Cron Test Org', 'cron-test-46b1ccc28863')
2026-07-08 15:25:35,554 INFO sqlalchemy.engine.Engine INSERT INTO organization_members (id, organization_id, user_id, role) VALUES ($1::UUID, $2::UUID, $3::UUID, $4::organization_role) RETURNING organization_members.created_at, organization_members.updated_at
2026-07-08 15:25:35,554 INFO sqlalchemy.engine.Engine [cached since 9.973s ago] (UUID('019f4255-9fc3-7eb5-bb4d-c74f95bff7d8'), UUID('019f4255-9fc2-70c8-b413-f6cb9be2ff47'), UUID('019f4255-9fc1-7a32-aea0-c7fdf4728c58'), 'owner')
2026-07-08 15:25:35,555 INFO sqlalchemy.engine.Engine INSERT INTO projects (id, organization_id, name, description, created_by) VALUES ($1::UUID, $2::UUID, $3::VARCHAR, $4::VARCHAR, $5::UUID) RETURNING projects.created_at, projects.updated_at
2026-07-08 15:25:35,555 INFO sqlalchemy.engine.Engine [cached since 9.943s ago] (UUID('019f4255-9fc4-78fa-8c8a-875c8a46abe1'), UUID('019f4255-9fc2-70c8-b413-f6cb9be2ff47'), 'Project', None, UUID('019f4255-9fc1-7a32-aea0-c7fdf4728c58'))
2026-07-08 15:25:35,555 INFO sqlalchemy.engine.Engine INSERT INTO collections (id, project_id, name, description) VALUES ($1::UUID, $2::UUID, $3::VARCHAR, $4::VARCHAR) RETURNING collections.created_at, collections.updated_at
2026-07-08 15:25:35,555 INFO sqlalchemy.engine.Engine [cached since 9.928s ago] (UUID('019f4255-9fc5-7ac3-9f64-ec4807546fc8'), UUID('019f4255-9fc4-78fa-8c8a-875c8a46abe1'), 'Collection', None)
2026-07-08 15:25:35,556 INFO sqlalchemy.engine.Engine INSERT INTO api_requests (id, collection_id, name, method, url, headers, query_params, body, order_index, timeout_ms, extract_rules) VALUES ($1::UUID, $2::UUID, $3::VARCHAR, $4::http_method, $5::VARCHAR, $6::JSONB, $7::JSONB, $8::VARCHAR, $9::INTEGER, $10::INTEGER, $11::JSONB) RETURNING api_requests.created_at, api_requests.updated_at
2026-07-08 15:25:35,556 INFO sqlalchemy.engine.Engine [generated in 0.00014s] (UUID('019f4255-9fc6-7b75-9e15-2c1c4a55fd6c'), UUID('019f4255-9fc5-7ac3-9f64-ec4807546fc8'), 'Request 0', 'GET', 'https://example.com', '{}', '{}', None, 0, 30000, '[]')
2026-07-08 15:25:35,557 INFO sqlalchemy.engine.Engine INSERT INTO schedules (id, collection_id, cron_expression, timezone, is_active, next_run_at, last_run_at, created_by) VALUES ($1::UUID, $2::UUID, $3::VARCHAR, $4::VARCHAR, $5::BOOLEAN, $6::TIMESTAMP WITH TIME ZONE, $7::TIMESTAMP WITH TIME ZONE, $8::UUID) RETURNING schedules.created_at, schedules.updated_at
2026-07-08 15:25:35,558 INFO sqlalchemy.engine.Engine [generated in 0.00013s] (UUID('019f4255-9fc7-7f37-afae-6b261c011c9b'), UUID('019f4255-9fc5-7ac3-9f64-ec4807546fc8'), '* * * * *', 'UTC', True, datetime.datetime(2026, 7, 8, 15, 25, 34, 557372, tzinfo=datetime.timezone.utc), None, UUID('019f4255-9fc1-7a32-aea0-c7fdf4728c58'))
2026-07-08 15:25:35,558 INFO sqlalchemy.engine.Engine COMMIT
2026-07-08 15:25:35,570 INFO sqlalchemy.engine.Engine BEGIN (implicit)
2026-07-08 15:25:35,570 INFO sqlalchemy.engine.Engine SELECT schedules.id, schedules.collection_id, schedules.cron_expression, schedules.timezone, schedules.is_active, schedules.next_run_at, schedules.last_run_at, schedules.created_by, schedules.created_at, schedules.updated_at 
FROM schedules 
WHERE schedules.is_active IS true AND schedules.next_run_at IS NOT NULL AND schedules.next_run_at <= $1::TIMESTAMP WITH TIME ZONE ORDER BY schedules.next_run_at 
 LIMIT $2::INTEGER
2026-07-08 15:25:35,570 INFO sqlalchemy.engine.Engine [generated in 0.00011s] (datetime.datetime(2026, 7, 8, 15, 25, 35, 569250, tzinfo=datetime.timezone.utc), 50)
2026-07-08 15:25:35,572 INFO sqlalchemy.engine.Engine SELECT api_requests.id, api_requests.collection_id, api_requests.name, api_requests.method, api_requests.url, api_requests.headers, api_requests.query_params, api_requests.body, api_requests.order_index, api_requests.timeout_ms, api_requests.extract_rules, api_requests.created_at, api_requests.updated_at 
FROM api_requests 
WHERE api_requests.collection_id = $1::UUID ORDER BY api_requests.order_index, api_requests.created_at
2026-07-08 15:25:35,572 INFO sqlalchemy.engine.Engine [cached since 9.926s ago] (UUID('019f4252-be81-735f-9e8e-4e739a2dc6e9'),)
2026-07-08 15:25:35,573 INFO sqlalchemy.engine.Engine SELECT collections.id, collections.project_id, collections.name, collections.description, collections.created_at, collections.updated_at 
FROM collections 
WHERE collections.id = $1::UUID
2026-07-08 15:25:35,573 INFO sqlalchemy.engine.Engine [cached since 9.931s ago] (UUID('019f4252-be81-735f-9e8e-4e739a2dc6e9'),)
2026-07-08 15:25:35,574 INFO sqlalchemy.engine.Engine SELECT environment_variables.id, environment_variables.project_id, environment_variables.key, environment_variables.value, environment_variables.is_secret, environment_variables.created_at, environment_variables.updated_at 
FROM environment_variables 
WHERE environment_variables.project_id = $1::UUID ORDER BY environment_variables.key
2026-07-08 15:25:35,574 INFO sqlalchemy.engine.Engine [generated in 0.00009s] (UUID('019f4252-be80-727e-b48b-1e2a4e0041e4'),)
2026-07-08 15:25:35,575 INFO sqlalchemy.engine.Engine INSERT INTO test_runs (id, collection_id, initiated_by, status, run_type, started_at, completed_at, total_tasks, completed_tasks, failed_tasks, config) VALUES ($1::UUID, $2::UUID, $3::UUID, $4::test_run_status, $5::test_run_type, $6::TIMESTAMP WITH TIME ZONE, $7::TIMESTAMP WITH TIME ZONE, $8::INTEGER, $9::INTEGER, $10::INTEGER, $11::JSONB) RETURNING test_runs.created_at, test_runs.updated_at
2026-07-08 15:25:35,575 INFO sqlalchemy.engine.Engine [generated in 0.00016s] (UUID('019f4255-9fd7-728a-96c5-0d62d0782172'), UUID('019f4252-be81-735f-9e8e-4e739a2dc6e9'), UUID('019f4252-be7d-70cd-b751-3ffc069ca4db'), 'running', 'scheduled', datetime.datetime(2026, 7, 8, 15, 25, 35, 574900, tzinfo=datetime.timezone.utc), None, 1, 0, 0, '{"environment_variables": {}}')
2026-07-08 15:25:35,577 INFO sqlalchemy.engine.Engine SELECT test_runs.id, test_runs.collection_id, test_runs.initiated_by, test_runs.status, test_runs.run_type, test_runs.started_at, test_runs.completed_at, test_runs.total_tasks, test_runs.completed_tasks, test_runs.failed_tasks, test_runs.config, test_runs.created_at, test_runs.updated_at 
FROM test_runs 
WHERE test_runs.id = $1::UUID
2026-07-08 15:25:35,577 INFO sqlalchemy.engine.Engine [generated in 0.00008s] (UUID('019f4255-9fd7-728a-96c5-0d62d0782172'),)
2026-07-08 15:25:35,578 INFO sqlalchemy.engine.Engine INSERT INTO test_tasks (id, test_run_id, api_request_id, sequence_order, data_row_index, data_context, status, retry_count, max_retries, next_retry_at, assigned_worker_id) VALUES ($1::UUID, $2::UUID, $3::UUID, $4::INTEGER, $5::INTEGER, $6::JSONB, $7::test_task_status, $8::INTEGER, $9::INTEGER, $10::TIMESTAMP WITH TIME ZONE, $11::UUID) RETURNING test_tasks.created_at, test_tasks.updated_at
2026-07-08 15:25:35,578 INFO sqlalchemy.engine.Engine [generated in 0.00014s] (UUID('019f4255-9fda-7614-b7d7-99e7382b6295'), UUID('019f4255-9fd7-728a-96c5-0d62d0782172'), UUID('019f4252-be82-75a5-94a9-ddaa8979c162'), 0, None, 'null', 'pending', 0, 3, None, None)
2026-07-08 15:25:35,581 INFO sqlalchemy.engine.Engine UPDATE schedules SET next_run_at=$1::TIMESTAMP WITH TIME ZONE, last_run_at=$2::TIMESTAMP WITH TIME ZONE, updated_at=now() WHERE schedules.id = $3::UUID
2026-07-08 15:25:35,581 INFO sqlalchemy.engine.Engine [generated in 0.00012s] (datetime.datetime(2026, 7, 8, 15, 26, tzinfo=zoneinfo.ZoneInfo(key='UTC')), datetime.datetime(2026, 7, 8, 15, 25, 35, 580745, tzinfo=datetime.timezone.utc), UUID('019f4252-be83-7385-bea8-4a51d1d4044b'))
2026-07-08 15:25:35,582 INFO sqlalchemy.engine.Engine SELECT schedules.id, schedules.collection_id, schedules.cron_expression, schedules.timezone, schedules.is_active, schedules.next_run_at, schedules.last_run_at, schedules.created_by, schedules.created_at, schedules.updated_at 
FROM schedules 
WHERE schedules.id = $1::UUID
2026-07-08 15:25:35,582 INFO sqlalchemy.engine.Engine [generated in 0.00010s] (UUID('019f4252-be83-7385-bea8-4a51d1d4044b'),)
2026-07-08 15:25:35,583 INFO sqlalchemy.engine.Engine SELECT api_requests.id, api_requests.collection_id, api_requests.name, api_requests.method, api_requests.url, api_requests.headers, api_requests.query_params, api_requests.body, api_requests.order_index, api_requests.timeout_ms, api_requests.extract_rules, api_requests.created_at, api_requests.updated_at 
FROM api_requests 
WHERE api_requests.collection_id = $1::UUID ORDER BY api_requests.order_index, api_requests.created_at
2026-07-08 15:25:35,583 INFO sqlalchemy.engine.Engine [cached since 9.937s ago] (UUID('019f4219-4d31-7965-8a47-8299c39467f4'),)
2026-07-08 15:25:35,583 INFO sqlalchemy.engine.Engine SELECT collections.id, collections.project_id, collections.name, collections.description, collections.created_at, collections.updated_at 
FROM collections 
WHERE collections.id = $1::UUID
2026-07-08 15:25:35,584 INFO sqlalchemy.engine.Engine [cached since 9.941s ago] (UUID('019f4219-4d31-7965-8a47-8299c39467f4'),)
2026-07-08 15:25:35,584 INFO sqlalchemy.engine.Engine SELECT environment_variables.id, environment_variables.project_id, environment_variables.key, environment_variables.value, environment_variables.is_secret, environment_variables.created_at, environment_variables.updated_at 
FROM environment_variables 
WHERE environment_variables.project_id = $1::UUID ORDER BY environment_variables.key
2026-07-08 15:25:35,584 INFO sqlalchemy.engine.Engine [cached since 0.01043s ago] (UUID('019f4219-4d30-755e-b1e2-1d66601939d4'),)
2026-07-08 15:25:35,585 INFO sqlalchemy.engine.Engine INSERT INTO test_runs (id, collection_id, initiated_by, status, run_type, started_at, completed_at, total_tasks, completed_tasks, failed_tasks, config) VALUES ($1::UUID, $2::UUID, $3::UUID, $4::test_run_status, $5::test_run_type, $6::TIMESTAMP WITH TIME ZONE, $7::TIMESTAMP WITH TIME ZONE, $8::INTEGER, $9::INTEGER, $10::INTEGER, $11::JSONB) RETURNING test_runs.created_at, test_runs.updated_at
2026-07-08 15:25:35,585 INFO sqlalchemy.engine.Engine [cached since 0.009674s ago] (UUID('019f4255-9fe1-7711-9a7b-8b12f3dde3bb'), UUID('019f4219-4d31-7965-8a47-8299c39467f4'), UUID('019f4219-4d2d-7711-8020-735f5faa5d96'), 'running', 'scheduled', datetime.datetime(2026, 7, 8, 15, 25, 35, 584905, tzinfo=datetime.timezone.utc), None, 1, 0, 0, '{"environment_variables": {}}')
2026-07-08 15:25:35,585 INFO sqlalchemy.engine.Engine SELECT test_runs.id, test_runs.collection_id, test_runs.initiated_by, test_runs.status, test_runs.run_type, test_runs.started_at, test_runs.completed_at, test_runs.total_tasks, test_runs.completed_tasks, test_runs.failed_tasks, test_runs.config, test_runs.created_at, test_runs.updated_at 
FROM test_runs 
WHERE test_runs.id = $1::UUID
2026-07-08 15:25:35,585 INFO sqlalchemy.engine.Engine [cached since 0.008873s ago] (UUID('019f4255-9fe1-7711-9a7b-8b12f3dde3bb'),)
2026-07-08 15:25:35,586 INFO sqlalchemy.engine.Engine INSERT INTO test_tasks (id, test_run_id, api_request_id, sequence_order, data_row_index, data_context, status, retry_count, max_retries, next_retry_at, assigned_worker_id) VALUES ($1::UUID, $2::UUID, $3::UUID, $4::INTEGER, $5::INTEGER, $6::JSONB, $7::test_task_status, $8::INTEGER, $9::INTEGER, $10::TIMESTAMP WITH TIME ZONE, $11::UUID) RETURNING test_tasks.created_at, test_tasks.updated_at
2026-07-08 15:25:35,586 INFO sqlalchemy.engine.Engine [cached since 0.008262s ago] (UUID('019f4255-9fe2-73cc-afc6-c64c3c1fb37d'), UUID('019f4255-9fe1-7711-9a7b-8b12f3dde3bb'), UUID('019f4219-4d32-7c0b-9241-fb2ae598e19e'), 0, None, 'null', 'pending', 0, 3, None, None)
2026-07-08 15:25:35,587 INFO sqlalchemy.engine.Engine UPDATE schedules SET next_run_at=$1::TIMESTAMP WITH TIME ZONE, last_run_at=$2::TIMESTAMP WITH TIME ZONE, updated_at=now() WHERE schedules.id = $3::UUID
2026-07-08 15:25:35,587 INFO sqlalchemy.engine.Engine [cached since 0.006737s ago] (datetime.datetime(2026, 7, 8, 15, 26, tzinfo=zoneinfo.ZoneInfo(key='UTC')), datetime.datetime(2026, 7, 8, 15, 25, 35, 587669, tzinfo=datetime.timezone.utc), UUID('019f4219-4d33-7063-a7d0-1aed85c03ced'))
2026-07-08 15:25:35,588 INFO sqlalchemy.engine.Engine SELECT schedules.id, schedules.collection_id, schedules.cron_expression, schedules.timezone, schedules.is_active, schedules.next_run_at, schedules.last_run_at, schedules.created_by, schedules.created_at, schedules.updated_at 
FROM schedules 
WHERE schedules.id = $1::UUID
2026-07-08 15:25:35,588 INFO sqlalchemy.engine.Engine [cached since 0.00605s ago] (UUID('019f4219-4d33-7063-a7d0-1aed85c03ced'),)
2026-07-08 15:25:35,588 INFO sqlalchemy.engine.Engine SELECT api_requests.id, api_requests.collection_id, api_requests.name, api_requests.method, api_requests.url, api_requests.headers, api_requests.query_params, api_requests.body, api_requests.order_index, api_requests.timeout_ms, api_requests.extract_rules, api_requests.created_at, api_requests.updated_at 
FROM api_requests 
WHERE api_requests.collection_id = $1::UUID ORDER BY api_requests.order_index, api_requests.created_at
2026-07-08 15:25:35,589 INFO sqlalchemy.engine.Engine [cached since 9.943s ago] (UUID('019f4217-eef1-75d0-a1b1-3736a44e65f6'),)
2026-07-08 15:25:35,589 INFO sqlalchemy.engine.Engine SELECT collections.id, collections.project_id, collections.name, collections.description, collections.created_at, collections.updated_at 
FROM collections 
WHERE collections.id = $1::UUID
2026-07-08 15:25:35,589 INFO sqlalchemy.engine.Engine [cached since 9.947s ago] (UUID('019f4217-eef1-75d0-a1b1-3736a44e65f6'),)
2026-07-08 15:25:35,590 INFO sqlalchemy.engine.Engine SELECT environment_variables.id, environment_variables.project_id, environment_variables.key, environment_variables.value, environment_variables.is_secret, environment_variables.created_at, environment_variables.updated_at 
FROM environment_variables 
WHERE environment_variables.project_id = $1::UUID ORDER BY environment_variables.key
2026-07-08 15:25:35,590 INFO sqlalchemy.engine.Engine [cached since 0.01598s ago] (UUID('019f4217-eef0-744c-bda0-1ee3743512a9'),)
2026-07-08 15:25:35,590 INFO sqlalchemy.engine.Engine INSERT INTO test_runs (id, collection_id, initiated_by, status, run_type, started_at, completed_at, total_tasks, completed_tasks, failed_tasks, config) VALUES ($1::UUID, $2::UUID, $3::UUID, $4::test_run_status, $5::test_run_type, $6::TIMESTAMP WITH TIME ZONE, $7::TIMESTAMP WITH TIME ZONE, $8::INTEGER, $9::INTEGER, $10::INTEGER, $11::JSONB) RETURNING test_runs.created_at, test_runs.updated_at
2026-07-08 15:25:35,590 INFO sqlalchemy.engine.Engine [cached since 0.01525s ago] (UUID('019f4255-9fe6-7454-a84e-d4cb6380e667'), UUID('019f4217-eef1-75d0-a1b1-3736a44e65f6'), UUID('019f4217-eeed-714c-8b0c-6bda4c7dc4a0'), 'running', 'scheduled', datetime.datetime(2026, 7, 8, 15, 25, 35, 590493, tzinfo=datetime.timezone.utc), None, 1, 0, 0, '{"environment_variables": {}}')
2026-07-08 15:25:35,591 INFO sqlalchemy.engine.Engine SELECT test_runs.id, test_runs.collection_id, test_runs.initiated_by, test_runs.status, test_runs.run_type, test_runs.started_at, test_runs.completed_at, test_runs.total_tasks, test_runs.completed_tasks, test_runs.failed_tasks, test_runs.config, test_runs.created_at, test_runs.updated_at 
FROM test_runs 
WHERE test_runs.id = $1::UUID
2026-07-08 15:25:35,591 INFO sqlalchemy.engine.Engine [cached since 0.01451s ago] (UUID('019f4255-9fe6-7454-a84e-d4cb6380e667'),)
2026-07-08 15:25:35,592 INFO sqlalchemy.engine.Engine INSERT INTO test_tasks (id, test_run_id, api_request_id, sequence_order, data_row_index, data_context, status, retry_count, max_retries, next_retry_at, assigned_worker_id) VALUES ($1::UUID, $2::UUID, $3::UUID, $4::INTEGER, $5::INTEGER, $6::JSONB, $7::test_task_status, $8::INTEGER, $9::INTEGER, $10::TIMESTAMP WITH TIME ZONE, $11::UUID) RETURNING test_tasks.created_at, test_tasks.updated_at
2026-07-08 15:25:35,592 INFO sqlalchemy.engine.Engine [cached since 0.01399s ago] (UUID('019f4255-9fe8-7b18-a4f8-d4c3c7f9d20f'), UUID('019f4255-9fe6-7454-a84e-d4cb6380e667'), UUID('019f4217-eef2-792e-8fa3-b149032c7c5c'), 0, None, 'null', 'pending', 0, 3, None, None)
2026-07-08 15:25:35,593 INFO sqlalchemy.engine.Engine UPDATE schedules SET next_run_at=$1::TIMESTAMP WITH TIME ZONE, last_run_at=$2::TIMESTAMP WITH TIME ZONE, updated_at=now() WHERE schedules.id = $3::UUID
2026-07-08 15:25:35,593 INFO sqlalchemy.engine.Engine [cached since 0.01273s ago] (datetime.datetime(2026, 7, 8, 15, 26, tzinfo=zoneinfo.ZoneInfo(key='UTC')), datetime.datetime(2026, 7, 8, 15, 25, 35, 593668, tzinfo=datetime.timezone.utc), UUID('019f4217-eef3-7664-813c-46f8079b1865'))
2026-07-08 15:25:35,594 INFO sqlalchemy.engine.Engine SELECT schedules.id, schedules.collection_id, schedules.cron_expression, schedules.timezone, schedules.is_active, schedules.next_run_at, schedules.last_run_at, schedules.created_by, schedules.created_at, schedules.updated_at 
FROM schedules 
WHERE schedules.id = $1::UUID
2026-07-08 15:25:35,594 INFO sqlalchemy.engine.Engine [cached since 0.01204s ago] (UUID('019f4217-eef3-7664-813c-46f8079b1865'),)
2026-07-08 15:25:35,594 INFO sqlalchemy.engine.Engine SELECT api_requests.id, api_requests.collection_id, api_requests.name, api_requests.method, api_requests.url, api_requests.headers, api_requests.query_params, api_requests.body, api_requests.order_index, api_requests.timeout_ms, api_requests.extract_rules, api_requests.created_at, api_requests.updated_at 
FROM api_requests 
WHERE api_requests.collection_id = $1::UUID ORDER BY api_requests.order_index, api_requests.created_at
2026-07-08 15:25:35,595 INFO sqlalchemy.engine.Engine [cached since 9.949s ago] (UUID('019f4232-5156-7ac0-b0a8-56aefc471c60'),)
2026-07-08 15:25:35,595 INFO sqlalchemy.engine.Engine SELECT collections.id, collections.project_id, collections.name, collections.description, collections.created_at, collections.updated_at 
FROM collections 
WHERE collections.id = $1::UUID
2026-07-08 15:25:35,595 INFO sqlalchemy.engine.Engine [cached since 9.953s ago] (UUID('019f4232-5156-7ac0-b0a8-56aefc471c60'),)
2026-07-08 15:25:35,596 INFO sqlalchemy.engine.Engine SELECT environment_variables.id, environment_variables.project_id, environment_variables.key, environment_variables.value, environment_variables.is_secret, environment_variables.created_at, environment_variables.updated_at 
FROM environment_variables 
WHERE environment_variables.project_id = $1::UUID ORDER BY environment_variables.key
2026-07-08 15:25:35,596 INFO sqlalchemy.engine.Engine [cached since 0.02211s ago] (UUID('019f4232-5155-708a-962f-6eb6abef1a7d'),)
2026-07-08 15:25:35,596 INFO sqlalchemy.engine.Engine INSERT INTO test_runs (id, collection_id, initiated_by, status, run_type, started_at, completed_at, total_tasks, completed_tasks, failed_tasks, config) VALUES ($1::UUID, $2::UUID, $3::UUID, $4::test_run_status, $5::test_run_type, $6::TIMESTAMP WITH TIME ZONE, $7::TIMESTAMP WITH TIME ZONE, $8::INTEGER, $9::INTEGER, $10::INTEGER, $11::JSONB) RETURNING test_runs.created_at, test_runs.updated_at
2026-07-08 15:25:35,596 INFO sqlalchemy.engine.Engine [cached since 0.02138s ago] (UUID('019f4255-9fec-7fca-b5a6-fbfc2a9ec5e4'), UUID('019f4232-5156-7ac0-b0a8-56aefc471c60'), UUID('019f4232-5152-7103-8f0f-6fd70f19460a'), 'running', 'scheduled', datetime.datetime(2026, 7, 8, 15, 25, 35, 596624, tzinfo=datetime.timezone.utc), None, 1, 0, 0, '{"environment_variables": {}}')
2026-07-08 15:25:35,597 INFO sqlalchemy.engine.Engine SELECT test_runs.id, test_runs.collection_id, test_runs.initiated_by, test_runs.status, test_runs.run_type, test_runs.started_at, test_runs.completed_at, test_runs.total_tasks, test_runs.completed_tasks, test_runs.failed_tasks, test_runs.config, test_runs.created_at, test_runs.updated_at 
FROM test_runs 
WHERE test_runs.id = $1::UUID
2026-07-08 15:25:35,597 INFO sqlalchemy.engine.Engine [cached since 0.02062s ago] (UUID('019f4255-9fec-7fca-b5a6-fbfc2a9ec5e4'),)
2026-07-08 15:25:35,598 INFO sqlalchemy.engine.Engine INSERT INTO test_tasks (id, test_run_id, api_request_id, sequence_order, data_row_index, data_context, status, retry_count, max_retries, next_retry_at, assigned_worker_id) VALUES ($1::UUID, $2::UUID, $3::UUID, $4::INTEGER, $5::INTEGER, $6::JSONB, $7::test_task_status, $8::INTEGER, $9::INTEGER, $10::TIMESTAMP WITH TIME ZONE, $11::UUID) RETURNING test_tasks.created_at, test_tasks.updated_at
2026-07-08 15:25:35,598 INFO sqlalchemy.engine.Engine [cached since 0.02023s ago] (UUID('019f4255-9fee-7193-ad41-f827f190efaf'), UUID('019f4255-9fec-7fca-b5a6-fbfc2a9ec5e4'), UUID('019f4232-5157-75f0-a7cb-10181e910dea'), 0, None, 'null', 'pending', 0, 3, None, None)
2026-07-08 15:25:35,599 INFO sqlalchemy.engine.Engine UPDATE schedules SET next_run_at=$1::TIMESTAMP WITH TIME ZONE, last_run_at=$2::TIMESTAMP WITH TIME ZONE, updated_at=now() WHERE schedules.id = $3::UUID
2026-07-08 15:25:35,599 INFO sqlalchemy.engine.Engine [cached since 0.0188s ago] (datetime.datetime(2026, 7, 8, 15, 26, tzinfo=zoneinfo.ZoneInfo(key='UTC')), datetime.datetime(2026, 7, 8, 15, 25, 35, 599733, tzinfo=datetime.timezone.utc), UUID('019f4232-5158-76d7-b46e-b853746393c3'))
2026-07-08 15:25:35,600 INFO sqlalchemy.engine.Engine SELECT schedules.id, schedules.collection_id, schedules.cron_expression, schedules.timezone, schedules.is_active, schedules.next_run_at, schedules.last_run_at, schedules.created_by, schedules.created_at, schedules.updated_at 
FROM schedules 
WHERE schedules.id = $1::UUID
2026-07-08 15:25:35,600 INFO sqlalchemy.engine.Engine [cached since 0.01812s ago] (UUID('019f4232-5158-76d7-b46e-b853746393c3'),)
2026-07-08 15:25:35,601 INFO sqlalchemy.engine.Engine SELECT api_requests.id, api_requests.collection_id, api_requests.name, api_requests.method, api_requests.url, api_requests.headers, api_requests.query_params, api_requests.body, api_requests.order_index, api_requests.timeout_ms, api_requests.extract_rules, api_requests.created_at, api_requests.updated_at 
FROM api_requests 
WHERE api_requests.collection_id = $1::UUID ORDER BY api_requests.order_index, api_requests.created_at
2026-07-08 15:25:35,601 INFO sqlalchemy.engine.Engine [cached since 9.955s ago] (UUID('019f420f-7124-7799-9274-b81a6425f800'),)
2026-07-08 15:25:35,601 INFO sqlalchemy.engine.Engine SELECT collections.id, collections.project_id, collections.name, collections.description, collections.created_at, collections.updated_at 
FROM collections 
WHERE collections.id = $1::UUID
2026-07-08 15:25:35,601 INFO sqlalchemy.engine.Engine [cached since 9.959s ago] (UUID('019f420f-7124-7799-9274-b81a6425f800'),)
2026-07-08 15:25:35,602 INFO sqlalchemy.engine.Engine SELECT environment_variables.id, environment_variables.project_id, environment_variables.key, environment_variables.value, environment_variables.is_secret, environment_variables.created_at, environment_variables.updated_at 
FROM environment_variables 
WHERE environment_variables.project_id = $1::UUID ORDER BY environment_variables.key
2026-07-08 15:25:35,602 INFO sqlalchemy.engine.Engine [cached since 0.02808s ago] (UUID('019f420f-7123-7fc8-80bc-fc6b7dc59de2'),)
2026-07-08 15:25:35,602 INFO sqlalchemy.engine.Engine INSERT INTO test_runs (id, collection_id, initiated_by, status, run_type, started_at, completed_at, total_tasks, completed_tasks, failed_tasks, config) VALUES ($1::UUID, $2::UUID, $3::UUID, $4::test_run_status, $5::test_run_type, $6::TIMESTAMP WITH TIME ZONE, $7::TIMESTAMP WITH TIME ZONE, $8::INTEGER, $9::INTEGER, $10::INTEGER, $11::JSONB) RETURNING test_runs.created_at, test_runs.updated_at
2026-07-08 15:25:35,602 INFO sqlalchemy.engine.Engine [cached since 0.02732s ago] (UUID('019f4255-9ff2-7bcb-9ee3-7278f7aabd7f'), UUID('019f420f-7124-7799-9274-b81a6425f800'), UUID('019f420f-7120-772c-ad2a-d0ab143db9d0'), 'running', 'scheduled', datetime.datetime(2026, 7, 8, 15, 25, 35, 602568, tzinfo=datetime.timezone.utc), None, 1, 0, 0, '{"environment_variables": {}}')
2026-07-08 15:25:35,603 INFO sqlalchemy.engine.Engine SELECT test_runs.id, test_runs.collection_id, test_runs.initiated_by, test_runs.status, test_runs.run_type, test_runs.started_at, test_runs.completed_at, test_runs.total_tasks, test_runs.completed_tasks, test_runs.failed_tasks, test_runs.config, test_runs.created_at, test_runs.updated_at 
FROM test_runs 
WHERE test_runs.id = $1::UUID
2026-07-08 15:25:35,603 INFO sqlalchemy.engine.Engine [cached since 0.02684s ago] (UUID('019f4255-9ff2-7bcb-9ee3-7278f7aabd7f'),)
2026-07-08 15:25:35,604 INFO sqlalchemy.engine.Engine INSERT INTO test_tasks (id, test_run_id, api_request_id, sequence_order, data_row_index, data_context, status, retry_count, max_retries, next_retry_at, assigned_worker_id) VALUES ($1::UUID, $2::UUID, $3::UUID, $4::INTEGER, $5::INTEGER, $6::JSONB, $7::test_task_status, $8::INTEGER, $9::INTEGER, $10::TIMESTAMP WITH TIME ZONE, $11::UUID) RETURNING test_tasks.created_at, test_tasks.updated_at
2026-07-08 15:25:35,604 INFO sqlalchemy.engine.Engine [cached since 0.02634s ago] (UUID('019f4255-9ff4-7532-8065-1f9de0102f50'), UUID('019f4255-9ff2-7bcb-9ee3-7278f7aabd7f'), UUID('019f420f-7125-7a07-9e93-27d66a5ebcc4'), 0, None, 'null', 'pending', 0, 3, None, None)
2026-07-08 15:25:35,605 INFO sqlalchemy.engine.Engine UPDATE schedules SET next_run_at=$1::TIMESTAMP WITH TIME ZONE, last_run_at=$2::TIMESTAMP WITH TIME ZONE, updated_at=now() WHERE schedules.id = $3::UUID
2026-07-08 15:25:35,605 INFO sqlalchemy.engine.Engine [cached since 0.02474s ago] (datetime.datetime(2026, 7, 8, 15, 26, tzinfo=zoneinfo.ZoneInfo(key='UTC')), datetime.datetime(2026, 7, 8, 15, 25, 35, 605688, tzinfo=datetime.timezone.utc), UUID('019f420f-7126-70df-b18d-854e663fa194'))
2026-07-08 15:25:35,606 INFO sqlalchemy.engine.Engine SELECT schedules.id, schedules.collection_id, schedules.cron_expression, schedules.timezone, schedules.is_active, schedules.next_run_at, schedules.last_run_at, schedules.created_by, schedules.created_at, schedules.updated_at 
FROM schedules 
WHERE schedules.id = $1::UUID
2026-07-08 15:25:35,606 INFO sqlalchemy.engine.Engine [cached since 0.02403s ago] (UUID('019f420f-7126-70df-b18d-854e663fa194'),)
2026-07-08 15:25:35,606 INFO sqlalchemy.engine.Engine SELECT api_requests.id, api_requests.collection_id, api_requests.name, api_requests.method, api_requests.url, api_requests.headers, api_requests.query_params, api_requests.body, api_requests.order_index, api_requests.timeout_ms, api_requests.extract_rules, api_requests.created_at, api_requests.updated_at 
FROM api_requests 
WHERE api_requests.collection_id = $1::UUID ORDER BY api_requests.order_index, api_requests.created_at
2026-07-08 15:25:35,607 INFO sqlalchemy.engine.Engine [cached since 9.961s ago] (UUID('019f420f-7025-7392-b26c-b3922bcb4e83'),)
2026-07-08 15:25:35,607 INFO sqlalchemy.engine.Engine SELECT collections.id, collections.project_id, collections.name, collections.description, collections.created_at, collections.updated_at 
FROM collections 
WHERE collections.id = $1::UUID
2026-07-08 15:25:35,607 INFO sqlalchemy.engine.Engine [cached since 9.965s ago] (UUID('019f420f-7025-7392-b26c-b3922bcb4e83'),)
2026-07-08 15:25:35,608 INFO sqlalchemy.engine.Engine SELECT environment_variables.id, environment_variables.project_id, environment_variables.key, environment_variables.value, environment_variables.is_secret, environment_variables.created_at, environment_variables.updated_at 
FROM environment_variables 
WHERE environment_variables.project_id = $1::UUID ORDER BY environment_variables.key
2026-07-08 15:25:35,608 INFO sqlalchemy.engine.Engine [cached since 0.03408s ago] (UUID('019f420f-7024-7c46-807e-93dfef7a82d5'),)
2026-07-08 15:25:35,608 INFO sqlalchemy.engine.Engine INSERT INTO test_runs (id, collection_id, initiated_by, status, run_type, started_at, completed_at, total_tasks, completed_tasks, failed_tasks, config) VALUES ($1::UUID, $2::UUID, $3::UUID, $4::test_run_status, $5::test_run_type, $6::TIMESTAMP WITH TIME ZONE, $7::TIMESTAMP WITH TIME ZONE, $8::INTEGER, $9::INTEGER, $10::INTEGER, $11::JSONB) RETURNING test_runs.created_at, test_runs.updated_at
2026-07-08 15:25:35,608 INFO sqlalchemy.engine.Engine [cached since 0.03331s ago] (UUID('019f4255-9ff8-777a-8761-a31605cb8f99'), UUID('019f420f-7025-7392-b26c-b3922bcb4e83'), UUID('019f420f-7021-7780-8887-1ca07d498524'), 'running', 'scheduled', datetime.datetime(2026, 7, 8, 15, 25, 35, 608562, tzinfo=datetime.timezone.utc), None, 1, 0, 0, '{"environment_variables": {}}')
2026-07-08 15:25:35,609 INFO sqlalchemy.engine.Engine SELECT test_runs.id, test_runs.collection_id, test_runs.initiated_by, test_runs.status, test_runs.run_type, test_runs.started_at, test_runs.completed_at, test_runs.total_tasks, test_runs.completed_tasks, test_runs.failed_tasks, test_runs.config, test_runs.created_at, test_runs.updated_at 
FROM test_runs 
WHERE test_runs.id = $1::UUID
2026-07-08 15:25:35,609 INFO sqlalchemy.engine.Engine [cached since 0.03245s ago] (UUID('019f4255-9ff8-777a-8761-a31605cb8f99'),)
2026-07-08 15:25:35,610 INFO sqlalchemy.engine.Engine INSERT INTO test_tasks (id, test_run_id, api_request_id, sequence_order, data_row_index, data_context, status, retry_count, max_retries, next_retry_at, assigned_worker_id) VALUES ($1::UUID, $2::UUID, $3::UUID, $4::INTEGER, $5::INTEGER, $6::JSONB, $7::test_task_status, $8::INTEGER, $9::INTEGER, $10::TIMESTAMP WITH TIME ZONE, $11::UUID) RETURNING test_tasks.created_at, test_tasks.updated_at
2026-07-08 15:25:35,610 INFO sqlalchemy.engine.Engine [cached since 0.03181s ago] (UUID('019f4255-9ffa-7572-8350-ea6b4ac7556c'), UUID('019f4255-9ff8-777a-8761-a31605cb8f99'), UUID('019f420f-7026-77b0-ae61-0cfbef6669e5'), 0, None, 'null', 'pending', 0, 3, None, None)
2026-07-08 15:25:35,611 INFO sqlalchemy.engine.Engine UPDATE schedules SET next_run_at=$1::TIMESTAMP WITH TIME ZONE, last_run_at=$2::TIMESTAMP WITH TIME ZONE, updated_at=now() WHERE schedules.id = $3::UUID
2026-07-08 15:25:35,611 INFO sqlalchemy.engine.Engine [cached since 0.03025s ago] (datetime.datetime(2026, 7, 8, 15, 26, tzinfo=zoneinfo.ZoneInfo(key='UTC')), datetime.datetime(2026, 7, 8, 15, 25, 35, 611154, tzinfo=datetime.timezone.utc), UUID('019f420f-7027-78ea-ad3a-3b1fdaf138ca'))
2026-07-08 15:25:35,611 INFO sqlalchemy.engine.Engine SELECT schedules.id, schedules.collection_id, schedules.cron_expression, schedules.timezone, schedules.is_active, schedules.next_run_at, schedules.last_run_at, schedules.created_by, schedules.created_at, schedules.updated_at 
FROM schedules 
WHERE schedules.id = $1::UUID
2026-07-08 15:25:35,611 INFO sqlalchemy.engine.Engine [cached since 0.02956s ago] (UUID('019f420f-7027-78ea-ad3a-3b1fdaf138ca'),)
2026-07-08 15:25:35,612 INFO sqlalchemy.engine.Engine SELECT api_requests.id, api_requests.collection_id, api_requests.name, api_requests.method, api_requests.url, api_requests.headers, api_requests.query_params, api_requests.body, api_requests.order_index, api_requests.timeout_ms, api_requests.extract_rules, api_requests.created_at, api_requests.updated_at 
FROM api_requests 
WHERE api_requests.collection_id = $1::UUID ORDER BY api_requests.order_index, api_requests.created_at
2026-07-08 15:25:35,612 INFO sqlalchemy.engine.Engine [cached since 9.966s ago] (UUID('019f4237-355f-76c4-b59e-f1d761f03a81'),)
2026-07-08 15:25:35,613 INFO sqlalchemy.engine.Engine SELECT collections.id, collections.project_id, collections.name, collections.description, collections.created_at, collections.updated_at 
FROM collections 
WHERE collections.id = $1::UUID
2026-07-08 15:25:35,613 INFO sqlalchemy.engine.Engine [cached since 9.97s ago] (UUID('019f4237-355f-76c4-b59e-f1d761f03a81'),)
2026-07-08 15:25:35,613 INFO sqlalchemy.engine.Engine SELECT environment_variables.id, environment_variables.project_id, environment_variables.key, environment_variables.value, environment_variables.is_secret, environment_variables.created_at, environment_variables.updated_at 
FROM environment_variables 
WHERE environment_variables.project_id = $1::UUID ORDER BY environment_variables.key
2026-07-08 15:25:35,613 INFO sqlalchemy.engine.Engine [cached since 0.03952s ago] (UUID('019f4237-355e-7041-8cf7-ae74fa9e04f5'),)
2026-07-08 15:25:35,614 INFO sqlalchemy.engine.Engine INSERT INTO test_runs (id, collection_id, initiated_by, status, run_type, started_at, completed_at, total_tasks, completed_tasks, failed_tasks, config) VALUES ($1::UUID, $2::UUID, $3::UUID, $4::test_run_status, $5::test_run_type, $6::TIMESTAMP WITH TIME ZONE, $7::TIMESTAMP WITH TIME ZONE, $8::INTEGER, $9::INTEGER, $10::INTEGER, $11::JSONB) RETURNING test_runs.created_at, test_runs.updated_at
2026-07-08 15:25:35,614 INFO sqlalchemy.engine.Engine [cached since 0.0387s ago] (UUID('019f4255-9ffe-79f2-a9f2-fa9719faec95'), UUID('019f4237-355f-76c4-b59e-f1d761f03a81'), UUID('019f4237-355b-7e5a-b592-4f14186470fb'), 'running', 'scheduled', datetime.datetime(2026, 7, 8, 15, 25, 35, 613966, tzinfo=datetime.timezone.utc), None, 1, 0, 0, '{"environment_variables": {}}')
2026-07-08 15:25:35,614 INFO sqlalchemy.engine.Engine SELECT test_runs.id, test_runs.collection_id, test_runs.initiated_by, test_runs.status, test_runs.run_type, test_runs.started_at, test_runs.completed_at, test_runs.total_tasks, test_runs.completed_tasks, test_runs.failed_tasks, test_runs.config, test_runs.created_at, test_runs.updated_at 
FROM test_runs 
WHERE test_runs.id = $1::UUID
2026-07-08 15:25:35,614 INFO sqlalchemy.engine.Engine [cached since 0.03788s ago] (UUID('019f4255-9ffe-79f2-a9f2-fa9719faec95'),)
2026-07-08 15:25:35,615 INFO sqlalchemy.engine.Engine INSERT INTO test_tasks (id, test_run_id, api_request_id, sequence_order, data_row_index, data_context, status, retry_count, max_retries, next_retry_at, assigned_worker_id) VALUES ($1::UUID, $2::UUID, $3::UUID, $4::INTEGER, $5::INTEGER, $6::JSONB, $7::test_task_status, $8::INTEGER, $9::INTEGER, $10::TIMESTAMP WITH TIME ZONE, $11::UUID) RETURNING test_tasks.created_at, test_tasks.updated_at
2026-07-08 15:25:35,615 INFO sqlalchemy.engine.Engine [cached since 0.03737s ago] (UUID('019f4255-9fff-7a40-9384-67852d9b3d8b'), UUID('019f4255-9ffe-79f2-a9f2-fa9719faec95'), UUID('019f4237-3560-7246-9729-39a7afcd3480'), 0, None, 'null', 'pending', 0, 3, None, None)
2026-07-08 15:25:35,616 INFO sqlalchemy.engine.Engine UPDATE schedules SET next_run_at=$1::TIMESTAMP WITH TIME ZONE, last_run_at=$2::TIMESTAMP WITH TIME ZONE, updated_at=now() WHERE schedules.id = $3::UUID
2026-07-08 15:25:35,616 INFO sqlalchemy.engine.Engine [cached since 0.03581s ago] (datetime.datetime(2026, 7, 8, 15, 26, tzinfo=zoneinfo.ZoneInfo(key='UTC')), datetime.datetime(2026, 7, 8, 15, 25, 35, 616743, tzinfo=datetime.timezone.utc), UUID('019f4237-3561-7b6d-9e78-18384c5ad92b'))
2026-07-08 15:25:35,617 INFO sqlalchemy.engine.Engine SELECT schedules.id, schedules.collection_id, schedules.cron_expression, schedules.timezone, schedules.is_active, schedules.next_run_at, schedules.last_run_at, schedules.created_by, schedules.created_at, schedules.updated_at 
FROM schedules 
WHERE schedules.id = $1::UUID
2026-07-08 15:25:35,617 INFO sqlalchemy.engine.Engine [cached since 0.03513s ago] (UUID('019f4237-3561-7b6d-9e78-18384c5ad92b'),)
2026-07-08 15:25:35,618 INFO sqlalchemy.engine.Engine SELECT api_requests.id, api_requests.collection_id, api_requests.name, api_requests.method, api_requests.url, api_requests.headers, api_requests.query_params, api_requests.body, api_requests.order_index, api_requests.timeout_ms, api_requests.extract_rules, api_requests.created_at, api_requests.updated_at 
FROM api_requests 
WHERE api_requests.collection_id = $1::UUID ORDER BY api_requests.order_index, api_requests.created_at
2026-07-08 15:25:35,618 INFO sqlalchemy.engine.Engine [cached since 9.972s ago] (UUID('019f4219-4f49-7175-bbdf-bb453eef67e9'),)
2026-07-08 15:25:35,618 INFO sqlalchemy.engine.Engine SELECT collections.id, collections.project_id, collections.name, collections.description, collections.created_at, collections.updated_at 
FROM collections 
WHERE collections.id = $1::UUID
2026-07-08 15:25:35,618 INFO sqlalchemy.engine.Engine [cached since 9.976s ago] (UUID('019f4219-4f49-7175-bbdf-bb453eef67e9'),)
2026-07-08 15:25:35,619 INFO sqlalchemy.engine.Engine SELECT environment_variables.id, environment_variables.project_id, environment_variables.key, environment_variables.value, environment_variables.is_secret, environment_variables.created_at, environment_variables.updated_at 
FROM environment_variables 
WHERE environment_variables.project_id = $1::UUID ORDER BY environment_variables.key
2026-07-08 15:25:35,619 INFO sqlalchemy.engine.Engine [cached since 0.04508s ago] (UUID('019f4219-4f48-7e59-b667-f44713d9bd1c'),)
2026-07-08 15:25:35,619 INFO sqlalchemy.engine.Engine INSERT INTO test_runs (id, collection_id, initiated_by, status, run_type, started_at, completed_at, total_tasks, completed_tasks, failed_tasks, config) VALUES ($1::UUID, $2::UUID, $3::UUID, $4::test_run_status, $5::test_run_type, $6::TIMESTAMP WITH TIME ZONE, $7::TIMESTAMP WITH TIME ZONE, $8::INTEGER, $9::INTEGER, $10::INTEGER, $11::JSONB) RETURNING test_runs.created_at, test_runs.updated_at
2026-07-08 15:25:35,619 INFO sqlalchemy.engine.Engine [cached since 0.04435s ago] (UUID('019f4255-a003-79fc-b5c6-917597f4a58b'), UUID('019f4219-4f49-7175-bbdf-bb453eef67e9'), UUID('019f4219-4f45-7e82-8354-2306f2b941f7'), 'running', 'scheduled', datetime.datetime(2026, 7, 8, 15, 25, 35, 619584, tzinfo=datetime.timezone.utc), None, 1, 0, 0, '{"environment_variables": {}}')
2026-07-08 15:25:35,620 INFO sqlalchemy.engine.Engine SELECT test_runs.id, test_runs.collection_id, test_runs.initiated_by, test_runs.status, test_runs.run_type, test_runs.started_at, test_runs.completed_at, test_runs.total_tasks, test_runs.completed_tasks, test_runs.failed_tasks, test_runs.config, test_runs.created_at, test_runs.updated_at 
FROM test_runs 
WHERE test_runs.id = $1::UUID
2026-07-08 15:25:35,620 INFO sqlalchemy.engine.Engine [cached since 0.04351s ago] (UUID('019f4255-a003-79fc-b5c6-917597f4a58b'),)
2026-07-08 15:25:35,621 INFO sqlalchemy.engine.Engine INSERT INTO test_tasks (id, test_run_id, api_request_id, sequence_order, data_row_index, data_context, status, retry_count, max_retries, next_retry_at, assigned_worker_id) VALUES ($1::UUID, $2::UUID, $3::UUID, $4::INTEGER, $5::INTEGER, $6::JSONB, $7::test_task_status, $8::INTEGER, $9::INTEGER, $10::TIMESTAMP WITH TIME ZONE, $11::UUID) RETURNING test_tasks.created_at, test_tasks.updated_at
2026-07-08 15:25:35,621 INFO sqlalchemy.engine.Engine [cached since 0.04289s ago] (UUID('019f4255-a005-7f08-969c-b6dc4709c457'), UUID('019f4255-a003-79fc-b5c6-917597f4a58b'), UUID('019f4219-4f4a-78a9-804a-06d2fb3d3606'), 0, None, 'null', 'pending', 0, 3, None, None)
2026-07-08 15:25:35,622 INFO sqlalchemy.engine.Engine UPDATE schedules SET next_run_at=$1::TIMESTAMP WITH TIME ZONE, last_run_at=$2::TIMESTAMP WITH TIME ZONE, updated_at=now() WHERE schedules.id = $3::UUID
2026-07-08 15:25:35,622 INFO sqlalchemy.engine.Engine [cached since 0.0412s ago] (datetime.datetime(2026, 7, 8, 15, 26, tzinfo=zoneinfo.ZoneInfo(key='UTC')), datetime.datetime(2026, 7, 8, 15, 25, 35, 622150, tzinfo=datetime.timezone.utc), UUID('019f4219-4f4b-7fa0-820b-11a9cee9d21f'))
2026-07-08 15:25:35,622 INFO sqlalchemy.engine.Engine SELECT schedules.id, schedules.collection_id, schedules.cron_expression, schedules.timezone, schedules.is_active, schedules.next_run_at, schedules.last_run_at, schedules.created_by, schedules.created_at, schedules.updated_at 
FROM schedules 
WHERE schedules.id = $1::UUID
2026-07-08 15:25:35,622 INFO sqlalchemy.engine.Engine [cached since 0.04053s ago] (UUID('019f4219-4f4b-7fa0-820b-11a9cee9d21f'),)
2026-07-08 15:25:35,623 INFO sqlalchemy.engine.Engine SELECT api_requests.id, api_requests.collection_id, api_requests.name, api_requests.method, api_requests.url, api_requests.headers, api_requests.query_params, api_requests.body, api_requests.order_index, api_requests.timeout_ms, api_requests.extract_rules, api_requests.created_at, api_requests.updated_at 
FROM api_requests 
WHERE api_requests.collection_id = $1::UUID ORDER BY api_requests.order_index, api_requests.created_at
2026-07-08 15:25:35,623 INFO sqlalchemy.engine.Engine [cached since 9.977s ago] (UUID('019f4219-4db7-7d35-9d24-beed6255d8b2'),)
2026-07-08 15:25:35,624 INFO sqlalchemy.engine.Engine SELECT collections.id, collections.project_id, collections.name, collections.description, collections.created_at, collections.updated_at 
FROM collections 
WHERE collections.id = $1::UUID
2026-07-08 15:25:35,624 INFO sqlalchemy.engine.Engine [cached since 9.981s ago] (UUID('019f4219-4db7-7d35-9d24-beed6255d8b2'),)
2026-07-08 15:25:35,624 INFO sqlalchemy.engine.Engine SELECT environment_variables.id, environment_variables.project_id, environment_variables.key, environment_variables.value, environment_variables.is_secret, environment_variables.created_at, environment_variables.updated_at 
FROM environment_variables 
WHERE environment_variables.project_id = $1::UUID ORDER BY environment_variables.key
2026-07-08 15:25:35,624 INFO sqlalchemy.engine.Engine [cached since 0.05077s ago] (UUID('019f4219-4db6-7da7-8c32-51e131790d83'),)
2026-07-08 15:25:35,625 INFO sqlalchemy.engine.Engine INSERT INTO test_runs (id, collection_id, initiated_by, status, run_type, started_at, completed_at, total_tasks, completed_tasks, failed_tasks, config) VALUES ($1::UUID, $2::UUID, $3::UUID, $4::test_run_status, $5::test_run_type, $6::TIMESTAMP WITH TIME ZONE, $7::TIMESTAMP WITH TIME ZONE, $8::INTEGER, $9::INTEGER, $10::INTEGER, $11::JSONB) RETURNING test_runs.created_at, test_runs.updated_at
2026-07-08 15:25:35,625 INFO sqlalchemy.engine.Engine [cached since 0.05001s ago] (UUID('019f4255-a009-75f8-95b9-b919e2b67085'), UUID('019f4219-4db7-7d35-9d24-beed6255d8b2'), UUID('019f4219-4db3-7fd0-b412-027fb682dbcb'), 'running', 'scheduled', datetime.datetime(2026, 7, 8, 15, 25, 35, 625232, tzinfo=datetime.timezone.utc), None, 1, 0, 0, '{"environment_variables": {}}')
2026-07-08 15:25:35,626 INFO sqlalchemy.engine.Engine SELECT test_runs.id, test_runs.collection_id, test_runs.initiated_by, test_runs.status, test_runs.run_type, test_runs.started_at, test_runs.completed_at, test_runs.total_tasks, test_runs.completed_tasks, test_runs.failed_tasks, test_runs.config, test_runs.created_at, test_runs.updated_at 
FROM test_runs 
WHERE test_runs.id = $1::UUID
2026-07-08 15:25:35,626 INFO sqlalchemy.engine.Engine [cached since 0.04912s ago] (UUID('019f4255-a009-75f8-95b9-b919e2b67085'),)
2026-07-08 15:25:35,626 INFO sqlalchemy.engine.Engine INSERT INTO test_tasks (id, test_run_id, api_request_id, sequence_order, data_row_index, data_context, status, retry_count, max_retries, next_retry_at, assigned_worker_id) VALUES ($1::UUID, $2::UUID, $3::UUID, $4::INTEGER, $5::INTEGER, $6::JSONB, $7::test_task_status, $8::INTEGER, $9::INTEGER, $10::TIMESTAMP WITH TIME ZONE, $11::UUID) RETURNING test_tasks.created_at, test_tasks.updated_at
2026-07-08 15:25:35,626 INFO sqlalchemy.engine.Engine [cached since 0.04845s ago] (UUID('019f4255-a00a-75e8-97d8-104c2d73a947'), UUID('019f4255-a009-75f8-95b9-b919e2b67085'), UUID('019f4219-4db8-7b8c-baa7-cb4ab4777d1d'), 0, None, 'null', 'pending', 0, 3, None, None)
2026-07-08 15:25:35,627 INFO sqlalchemy.engine.Engine UPDATE schedules SET next_run_at=$1::TIMESTAMP WITH TIME ZONE, last_run_at=$2::TIMESTAMP WITH TIME ZONE, updated_at=now() WHERE schedules.id = $3::UUID
2026-07-08 15:25:35,627 INFO sqlalchemy.engine.Engine [cached since 0.04679s ago] (datetime.datetime(2026, 7, 8, 15, 26, tzinfo=zoneinfo.ZoneInfo(key='UTC')), datetime.datetime(2026, 7, 8, 15, 25, 35, 627726, tzinfo=datetime.timezone.utc), UUID('019f4219-4db9-7655-995f-183bc28db1b5'))
2026-07-08 15:25:35,628 INFO sqlalchemy.engine.Engine SELECT schedules.id, schedules.collection_id, schedules.cron_expression, schedules.timezone, schedules.is_active, schedules.next_run_at, schedules.last_run_at, schedules.created_by, schedules.created_at, schedules.updated_at 
FROM schedules 
WHERE schedules.id = $1::UUID
2026-07-08 15:25:35,628 INFO sqlalchemy.engine.Engine [cached since 0.04608s ago] (UUID('019f4219-4db9-7655-995f-183bc28db1b5'),)
2026-07-08 15:25:35,628 INFO sqlalchemy.engine.Engine SELECT api_requests.id, api_requests.collection_id, api_requests.name, api_requests.method, api_requests.url, api_requests.headers, api_requests.query_params, api_requests.body, api_requests.order_index, api_requests.timeout_ms, api_requests.extract_rules, api_requests.created_at, api_requests.updated_at 
FROM api_requests 
WHERE api_requests.collection_id = $1::UUID ORDER BY api_requests.order_index, api_requests.created_at
2026-07-08 15:25:35,629 INFO sqlalchemy.engine.Engine [cached since 9.983s ago] (UUID('019f421b-0159-7233-860b-47b802c43ef4'),)
2026-07-08 15:25:35,629 INFO sqlalchemy.engine.Engine UPDATE schedules SET next_run_at=$1::TIMESTAMP WITH TIME ZONE, last_run_at=$2::TIMESTAMP WITH TIME ZONE, updated_at=now() WHERE schedules.id = $3::UUID
2026-07-08 15:25:35,629 INFO sqlalchemy.engine.Engine [cached since 0.04866s ago] (datetime.datetime(2026, 7, 8, 15, 26, tzinfo=zoneinfo.ZoneInfo(key='UTC')), datetime.datetime(2026, 7, 8, 15, 25, 35, 629619, tzinfo=datetime.timezone.utc), UUID('019f421b-015a-7b88-a2e8-93e45f4fb43c'))
2026-07-08 15:25:35,630 INFO sqlalchemy.engine.Engine SELECT schedules.id, schedules.collection_id, schedules.cron_expression, schedules.timezone, schedules.is_active, schedules.next_run_at, schedules.last_run_at, schedules.created_by, schedules.created_at, schedules.updated_at 
FROM schedules 
WHERE schedules.id = $1::UUID
2026-07-08 15:25:35,630 INFO sqlalchemy.engine.Engine [cached since 0.04793s ago] (UUID('019f421b-015a-7b88-a2e8-93e45f4fb43c'),)
2026-07-08 15:25:35,630 INFO sqlalchemy.engine.Engine SELECT api_requests.id, api_requests.collection_id, api_requests.name, api_requests.method, api_requests.url, api_requests.headers, api_requests.query_params, api_requests.body, api_requests.order_index, api_requests.timeout_ms, api_requests.extract_rules, api_requests.created_at, api_requests.updated_at 
FROM api_requests 
WHERE api_requests.collection_id = $1::UUID ORDER BY api_requests.order_index, api_requests.created_at
2026-07-08 15:25:35,630 INFO sqlalchemy.engine.Engine [cached since 9.984s ago] (UUID('019f420f-3f07-7cf3-821b-afa4fd735347'),)
2026-07-08 15:25:35,631 INFO sqlalchemy.engine.Engine SELECT collections.id, collections.project_id, collections.name, collections.description, collections.created_at, collections.updated_at 
FROM collections 
WHERE collections.id = $1::UUID
2026-07-08 15:25:35,631 INFO sqlalchemy.engine.Engine [cached since 9.989s ago] (UUID('019f420f-3f07-7cf3-821b-afa4fd735347'),)
2026-07-08 15:25:35,631 INFO sqlalchemy.engine.Engine SELECT environment_variables.id, environment_variables.project_id, environment_variables.key, environment_variables.value, environment_variables.is_secret, environment_variables.created_at, environment_variables.updated_at 
FROM environment_variables 
WHERE environment_variables.project_id = $1::UUID ORDER BY environment_variables.key
2026-07-08 15:25:35,631 INFO sqlalchemy.engine.Engine [cached since 0.05783s ago] (UUID('019f420f-3f06-7b4f-a687-566ba3bcecac'),)
2026-07-08 15:25:35,632 INFO sqlalchemy.engine.Engine INSERT INTO test_runs (id, collection_id, initiated_by, status, run_type, started_at, completed_at, total_tasks, completed_tasks, failed_tasks, config) VALUES ($1::UUID, $2::UUID, $3::UUID, $4::test_run_status, $5::test_run_type, $6::TIMESTAMP WITH TIME ZONE, $7::TIMESTAMP WITH TIME ZONE, $8::INTEGER, $9::INTEGER, $10::INTEGER, $11::JSONB) RETURNING test_runs.created_at, test_runs.updated_at
2026-07-08 15:25:35,632 INFO sqlalchemy.engine.Engine [cached since 0.057s ago] (UUID('019f4255-a010-737c-943f-949fb27a0cf1'), UUID('019f420f-3f07-7cf3-821b-afa4fd735347'), UUID('019f420f-3f03-7533-95ef-da946c301ea4'), 'running', 'scheduled', datetime.datetime(2026, 7, 8, 15, 25, 35, 632264, tzinfo=datetime.timezone.utc), None, 1, 0, 0, '{"environment_variables": {}}')
2026-07-08 15:25:35,633 INFO sqlalchemy.engine.Engine SELECT test_runs.id, test_runs.collection_id, test_runs.initiated_by, test_runs.status, test_runs.run_type, test_runs.started_at, test_runs.completed_at, test_runs.total_tasks, test_runs.completed_tasks, test_runs.failed_tasks, test_runs.config, test_runs.created_at, test_runs.updated_at 
FROM test_runs 
WHERE test_runs.id = $1::UUID
2026-07-08 15:25:35,633 INFO sqlalchemy.engine.Engine [cached since 0.05615s ago] (UUID('019f4255-a010-737c-943f-949fb27a0cf1'),)
2026-07-08 15:25:35,633 INFO sqlalchemy.engine.Engine INSERT INTO test_tasks (id, test_run_id, api_request_id, sequence_order, data_row_index, data_context, status, retry_count, max_retries, next_retry_at, assigned_worker_id) VALUES ($1::UUID, $2::UUID, $3::UUID, $4::INTEGER, $5::INTEGER, $6::JSONB, $7::test_task_status, $8::INTEGER, $9::INTEGER, $10::TIMESTAMP WITH TIME ZONE, $11::UUID) RETURNING test_tasks.created_at, test_tasks.updated_at
2026-07-08 15:25:35,633 INFO sqlalchemy.engine.Engine [cached since 0.05553s ago] (UUID('019f4255-a011-76b5-8892-ac7a7fc05e06'), UUID('019f4255-a010-737c-943f-949fb27a0cf1'), UUID('019f420f-3f08-7489-bd7f-788d7e3110e5'), 0, None, 'null', 'pending', 0, 3, None, None)
2026-07-08 15:25:35,634 INFO sqlalchemy.engine.Engine UPDATE schedules SET next_run_at=$1::TIMESTAMP WITH TIME ZONE, last_run_at=$2::TIMESTAMP WITH TIME ZONE, updated_at=now() WHERE schedules.id = $3::UUID
2026-07-08 15:25:35,634 INFO sqlalchemy.engine.Engine [cached since 0.05377s ago] (datetime.datetime(2026, 7, 8, 15, 26, tzinfo=zoneinfo.ZoneInfo(key='UTC')), datetime.datetime(2026, 7, 8, 15, 25, 35, 634732, tzinfo=datetime.timezone.utc), UUID('019f420f-3f09-771c-92a8-f02586e1f89b'))
2026-07-08 15:25:35,635 INFO sqlalchemy.engine.Engine SELECT schedules.id, schedules.collection_id, schedules.cron_expression, schedules.timezone, schedules.is_active, schedules.next_run_at, schedules.last_run_at, schedules.created_by, schedules.created_at, schedules.updated_at 
FROM schedules 
WHERE schedules.id = $1::UUID
2026-07-08 15:25:35,635 INFO sqlalchemy.engine.Engine [cached since 0.05311s ago] (UUID('019f420f-3f09-771c-92a8-f02586e1f89b'),)
2026-07-08 15:25:35,635 INFO sqlalchemy.engine.Engine SELECT api_requests.id, api_requests.collection_id, api_requests.name, api_requests.method, api_requests.url, api_requests.headers, api_requests.query_params, api_requests.body, api_requests.order_index, api_requests.timeout_ms, api_requests.extract_rules, api_requests.created_at, api_requests.updated_at 
FROM api_requests 
WHERE api_requests.collection_id = $1::UUID ORDER BY api_requests.order_index, api_requests.created_at
2026-07-08 15:25:35,636 INFO sqlalchemy.engine.Engine [cached since 9.99s ago] (UUID('019f420f-426b-79e6-9734-3ad714a8d2b9'),)
2026-07-08 15:25:35,636 INFO sqlalchemy.engine.Engine SELECT collections.id, collections.project_id, collections.name, collections.description, collections.created_at, collections.updated_at 
FROM collections 
WHERE collections.id = $1::UUID
2026-07-08 15:25:35,636 INFO sqlalchemy.engine.Engine [cached since 9.994s ago] (UUID('019f420f-426b-79e6-9734-3ad714a8d2b9'),)
2026-07-08 15:25:35,637 INFO sqlalchemy.engine.Engine SELECT environment_variables.id, environment_variables.project_id, environment_variables.key, environment_variables.value, environment_variables.is_secret, environment_variables.created_at, environment_variables.updated_at 
FROM environment_variables 
WHERE environment_variables.project_id = $1::UUID ORDER BY environment_variables.key
2026-07-08 15:25:35,637 INFO sqlalchemy.engine.Engine [cached since 0.06303s ago] (UUID('019f420f-426a-7b8e-841c-a2ef4add1b6c'),)
2026-07-08 15:25:35,637 INFO sqlalchemy.engine.Engine INSERT INTO test_runs (id, collection_id, initiated_by, status, run_type, started_at, completed_at, total_tasks, completed_tasks, failed_tasks, config) VALUES ($1::UUID, $2::UUID, $3::UUID, $4::test_run_status, $5::test_run_type, $6::TIMESTAMP WITH TIME ZONE, $7::TIMESTAMP WITH TIME ZONE, $8::INTEGER, $9::INTEGER, $10::INTEGER, $11::JSONB) RETURNING test_runs.created_at, test_runs.updated_at
2026-07-08 15:25:35,637 INFO sqlalchemy.engine.Engine [cached since 0.0622s ago] (UUID('019f4255-a015-720f-90df-b7f8478c91de'), UUID('019f420f-426b-79e6-9734-3ad714a8d2b9'), UUID('019f420f-4267-73c7-a1b7-b2f618201b84'), 'running', 'scheduled', datetime.datetime(2026, 7, 8, 15, 25, 35, 637472, tzinfo=datetime.timezone.utc), None, 1, 0, 0, '{"environment_variables": {}}')
2026-07-08 15:25:35,638 INFO sqlalchemy.engine.Engine SELECT test_runs.id, test_runs.collection_id, test_runs.initiated_by, test_runs.status, test_runs.run_type, test_runs.started_at, test_runs.completed_at, test_runs.total_tasks, test_runs.completed_tasks, test_runs.failed_tasks, test_runs.config, test_runs.created_at, test_runs.updated_at 
FROM test_runs 
WHERE test_runs.id = $1::UUID
2026-07-08 15:25:35,638 INFO sqlalchemy.engine.Engine [cached since 0.06131s ago] (UUID('019f4255-a015-720f-90df-b7f8478c91de'),)
2026-07-08 15:25:35,638 INFO sqlalchemy.engine.Engine INSERT INTO test_tasks (id, test_run_id, api_request_id, sequence_order, data_row_index, data_context, status, retry_count, max_retries, next_retry_at, assigned_worker_id) VALUES ($1::UUID, $2::UUID, $3::UUID, $4::INTEGER, $5::INTEGER, $6::JSONB, $7::test_task_status, $8::INTEGER, $9::INTEGER, $10::TIMESTAMP WITH TIME ZONE, $11::UUID) RETURNING test_tasks.created_at, test_tasks.updated_at
2026-07-08 15:25:35,638 INFO sqlalchemy.engine.Engine [cached since 0.06064s ago] (UUID('019f4255-a016-7f9b-ac06-39b938db8f4a'), UUID('019f4255-a015-720f-90df-b7f8478c91de'), UUID('019f420f-426c-72ab-9ff1-22aae64fc696'), 0, None, 'null', 'pending', 0, 3, None, None)
2026-07-08 15:25:35,639 INFO sqlalchemy.engine.Engine UPDATE schedules SET next_run_at=$1::TIMESTAMP WITH TIME ZONE, last_run_at=$2::TIMESTAMP WITH TIME ZONE, updated_at=now() WHERE schedules.id = $3::UUID
2026-07-08 15:25:35,639 INFO sqlalchemy.engine.Engine [cached since 0.05884s ago] (datetime.datetime(2026, 7, 8, 15, 26, tzinfo=zoneinfo.ZoneInfo(key='UTC')), datetime.datetime(2026, 7, 8, 15, 25, 35, 639787, tzinfo=datetime.timezone.utc), UUID('019f420f-426d-7401-b788-5f920e99f6bf'))
2026-07-08 15:25:35,640 INFO sqlalchemy.engine.Engine SELECT schedules.id, schedules.collection_id, schedules.cron_expression, schedules.timezone, schedules.is_active, schedules.next_run_at, schedules.last_run_at, schedules.created_by, schedules.created_at, schedules.updated_at 
FROM schedules 
WHERE schedules.id = $1::UUID
2026-07-08 15:25:35,640 INFO sqlalchemy.engine.Engine [cached since 0.05815s ago] (UUID('019f420f-426d-7401-b788-5f920e99f6bf'),)
2026-07-08 15:25:35,641 INFO sqlalchemy.engine.Engine SELECT api_requests.id, api_requests.collection_id, api_requests.name, api_requests.method, api_requests.url, api_requests.headers, api_requests.query_params, api_requests.body, api_requests.order_index, api_requests.timeout_ms, api_requests.extract_rules, api_requests.created_at, api_requests.updated_at 
FROM api_requests 
WHERE api_requests.collection_id = $1::UUID ORDER BY api_requests.order_index, api_requests.created_at
2026-07-08 15:25:35,641 INFO sqlalchemy.engine.Engine [cached since 9.995s ago] (UUID('019f420f-3f7a-7b9a-a0dd-49c6d1db3dd1'),)
2026-07-08 15:25:35,641 INFO sqlalchemy.engine.Engine SELECT collections.id, collections.project_id, collections.name, collections.description, collections.created_at, collections.updated_at 
FROM collections 
WHERE collections.id = $1::UUID
2026-07-08 15:25:35,641 INFO sqlalchemy.engine.Engine [cached since 9.999s ago] (UUID('019f420f-3f7a-7b9a-a0dd-49c6d1db3dd1'),)
2026-07-08 15:25:35,642 INFO sqlalchemy.engine.Engine SELECT environment_variables.id, environment_variables.project_id, environment_variables.key, environment_variables.value, environment_variables.is_secret, environment_variables.created_at, environment_variables.updated_at 
FROM environment_variables 
WHERE environment_variables.project_id = $1::UUID ORDER BY environment_variables.key
2026-07-08 15:25:35,642 INFO sqlalchemy.engine.Engine [cached since 0.0679s ago] (UUID('019f420f-3f79-7031-b5a6-ab2ddfb3bcec'),)
2026-07-08 15:25:35,642 INFO sqlalchemy.engine.Engine INSERT INTO test_runs (id, collection_id, initiated_by, status, run_type, started_at, completed_at, total_tasks, completed_tasks, failed_tasks, config) VALUES ($1::UUID, $2::UUID, $3::UUID, $4::test_run_status, $5::test_run_type, $6::TIMESTAMP WITH TIME ZONE, $7::TIMESTAMP WITH TIME ZONE, $8::INTEGER, $9::INTEGER, $10::INTEGER, $11::JSONB) RETURNING test_runs.created_at, test_runs.updated_at
2026-07-08 15:25:35,642 INFO sqlalchemy.engine.Engine [cached since 0.06706s ago] (UUID('019f4255-a01a-78f6-a290-a0f4ebf3547b'), UUID('019f420f-3f7a-7b9a-a0dd-49c6d1db3dd1'), UUID('019f420f-3f76-732e-a9bd-9644c7e78e46'), 'running', 'scheduled', datetime.datetime(2026, 7, 8, 15, 25, 35, 642331, tzinfo=datetime.timezone.utc), None, 1, 0, 0, '{"environment_variables": {}}')
2026-07-08 15:25:35,643 INFO sqlalchemy.engine.Engine SELECT test_runs.id, test_runs.collection_id, test_runs.initiated_by, test_runs.status, test_runs.run_type, test_runs.started_at, test_runs.completed_at, test_runs.total_tasks, test_runs.completed_tasks, test_runs.failed_tasks, test_runs.config, test_runs.created_at, test_runs.updated_at 
FROM test_runs 
WHERE test_runs.id = $1::UUID
2026-07-08 15:25:35,643 INFO sqlalchemy.engine.Engine [cached since 0.06613s ago] (UUID('019f4255-a01a-78f6-a290-a0f4ebf3547b'),)
2026-07-08 15:25:35,643 INFO sqlalchemy.engine.Engine INSERT INTO test_tasks (id, test_run_id, api_request_id, sequence_order, data_row_index, data_context, status, retry_count, max_retries, next_retry_at, assigned_worker_id) VALUES ($1::UUID, $2::UUID, $3::UUID, $4::INTEGER, $5::INTEGER, $6::JSONB, $7::test_task_status, $8::INTEGER, $9::INTEGER, $10::TIMESTAMP WITH TIME ZONE, $11::UUID) RETURNING test_tasks.created_at, test_tasks.updated_at
2026-07-08 15:25:35,643 INFO sqlalchemy.engine.Engine [cached since 0.06553s ago] (UUID('019f4255-a01b-712c-b8c9-e84899819c90'), UUID('019f4255-a01a-78f6-a290-a0f4ebf3547b'), UUID('019f420f-3f7b-7ab2-b4f9-0b444e50bf95'), 0, None, 'null', 'pending', 0, 3, None, None)
2026-07-08 15:25:35,644 INFO sqlalchemy.engine.Engine UPDATE schedules SET next_run_at=$1::TIMESTAMP WITH TIME ZONE, last_run_at=$2::TIMESTAMP WITH TIME ZONE, updated_at=now() WHERE schedules.id = $3::UUID
2026-07-08 15:25:35,644 INFO sqlalchemy.engine.Engine [cached since 0.06381s ago] (datetime.datetime(2026, 7, 8, 15, 26, tzinfo=zoneinfo.ZoneInfo(key='UTC')), datetime.datetime(2026, 7, 8, 15, 25, 35, 644749, tzinfo=datetime.timezone.utc), UUID('019f420f-3f7c-7c39-a6be-9fb312fc6121'))
2026-07-08 15:25:35,645 INFO sqlalchemy.engine.Engine SELECT schedules.id, schedules.collection_id, schedules.cron_expression, schedules.timezone, schedules.is_active, schedules.next_run_at, schedules.last_run_at, schedules.created_by, schedules.created_at, schedules.updated_at 
FROM schedules 
WHERE schedules.id = $1::UUID
2026-07-08 15:25:35,645 INFO sqlalchemy.engine.Engine [cached since 0.06308s ago] (UUID('019f420f-3f7c-7c39-a6be-9fb312fc6121'),)
2026-07-08 15:25:35,645 INFO sqlalchemy.engine.Engine SELECT api_requests.id, api_requests.collection_id, api_requests.name, api_requests.method, api_requests.url, api_requests.headers, api_requests.query_params, api_requests.body, api_requests.order_index, api_requests.timeout_ms, api_requests.extract_rules, api_requests.created_at, api_requests.updated_at 
FROM api_requests 
WHERE api_requests.collection_id = $1::UUID ORDER BY api_requests.order_index, api_requests.created_at
2026-07-08 15:25:35,645 INFO sqlalchemy.engine.Engine [cached since 10s ago] (UUID('019f4219-4c16-71bd-a576-8e0768ef05f0'),)
2026-07-08 15:25:35,646 INFO sqlalchemy.engine.Engine SELECT collections.id, collections.project_id, collections.name, collections.description, collections.created_at, collections.updated_at 
FROM collections 
WHERE collections.id = $1::UUID
2026-07-08 15:25:35,646 INFO sqlalchemy.engine.Engine [cached since 10s ago] (UUID('019f4219-4c16-71bd-a576-8e0768ef05f0'),)
2026-07-08 15:25:35,646 INFO sqlalchemy.engine.Engine SELECT environment_variables.id, environment_variables.project_id, environment_variables.key, environment_variables.value, environment_variables.is_secret, environment_variables.created_at, environment_variables.updated_at 
FROM environment_variables 
WHERE environment_variables.project_id = $1::UUID ORDER BY environment_variables.key
2026-07-08 15:25:35,646 INFO sqlalchemy.engine.Engine [cached since 0.07283s ago] (UUID('019f4219-4c15-725d-9453-ce44f0178a45'),)
2026-07-08 15:25:35,647 INFO sqlalchemy.engine.Engine INSERT INTO test_runs (id, collection_id, initiated_by, status, run_type, started_at, completed_at, total_tasks, completed_tasks, failed_tasks, config) VALUES ($1::UUID, $2::UUID, $3::UUID, $4::test_run_status, $5::test_run_type, $6::TIMESTAMP WITH TIME ZONE, $7::TIMESTAMP WITH TIME ZONE, $8::INTEGER, $9::INTEGER, $10::INTEGER, $11::JSONB) RETURNING test_runs.created_at, test_runs.updated_at
2026-07-08 15:25:35,647 INFO sqlalchemy.engine.Engine [cached since 0.07204s ago] (UUID('019f4255-a01f-79ed-83bc-89bd29a18b9b'), UUID('019f4219-4c16-71bd-a576-8e0768ef05f0'), UUID('019f4219-4c12-7a96-be16-7b1e71c54c91'), 'running', 'scheduled', datetime.datetime(2026, 7, 8, 15, 25, 35, 647259, tzinfo=datetime.timezone.utc), None, 1, 0, 0, '{"environment_variables": {}}')
2026-07-08 15:25:35,648 INFO sqlalchemy.engine.Engine SELECT test_runs.id, test_runs.collection_id, test_runs.initiated_by, test_runs.status, test_runs.run_type, test_runs.started_at, test_runs.completed_at, test_runs.total_tasks, test_runs.completed_tasks, test_runs.failed_tasks, test_runs.config, test_runs.created_at, test_runs.updated_at 
FROM test_runs 
WHERE test_runs.id = $1::UUID
2026-07-08 15:25:35,648 INFO sqlalchemy.engine.Engine [cached since 0.07111s ago] (UUID('019f4255-a01f-79ed-83bc-89bd29a18b9b'),)
2026-07-08 15:25:35,648 INFO sqlalchemy.engine.Engine INSERT INTO test_tasks (id, test_run_id, api_request_id, sequence_order, data_row_index, data_context, status, retry_count, max_retries, next_retry_at, assigned_worker_id) VALUES ($1::UUID, $2::UUID, $3::UUID, $4::INTEGER, $5::INTEGER, $6::JSONB, $7::test_task_status, $8::INTEGER, $9::INTEGER, $10::TIMESTAMP WITH TIME ZONE, $11::UUID) RETURNING test_tasks.created_at, test_tasks.updated_at
2026-07-08 15:25:35,648 INFO sqlalchemy.engine.Engine [cached since 0.07046s ago] (UUID('019f4255-a020-74f6-abb3-13af26a88ec5'), UUID('019f4255-a01f-79ed-83bc-89bd29a18b9b'), UUID('019f4219-4c17-7221-82ca-8c4b4d4501ea'), 0, None, 'null', 'pending', 0, 3, None, None)
2026-07-08 15:25:35,649 INFO sqlalchemy.engine.Engine UPDATE schedules SET next_run_at=$1::TIMESTAMP WITH TIME ZONE, last_run_at=$2::TIMESTAMP WITH TIME ZONE, updated_at=now() WHERE schedules.id = $3::UUID
2026-07-08 15:25:35,649 INFO sqlalchemy.engine.Engine [cached since 0.06866s ago] (datetime.datetime(2026, 7, 8, 15, 26, tzinfo=zoneinfo.ZoneInfo(key='UTC')), datetime.datetime(2026, 7, 8, 15, 25, 35, 649603, tzinfo=datetime.timezone.utc), UUID('019f4219-4c18-74ee-9336-79921222087d'))
2026-07-08 15:25:35,650 INFO sqlalchemy.engine.Engine SELECT schedules.id, schedules.collection_id, schedules.cron_expression, schedules.timezone, schedules.is_active, schedules.next_run_at, schedules.last_run_at, schedules.created_by, schedules.created_at, schedules.updated_at 
FROM schedules 
WHERE schedules.id = $1::UUID
2026-07-08 15:25:35,650 INFO sqlalchemy.engine.Engine [cached since 0.06846s ago] (UUID('019f4219-4c18-74ee-9336-79921222087d'),)
2026-07-08 15:25:35,651 INFO sqlalchemy.engine.Engine SELECT api_requests.id, api_requests.collection_id, api_requests.name, api_requests.method, api_requests.url, api_requests.headers, api_requests.query_params, api_requests.body, api_requests.order_index, api_requests.timeout_ms, api_requests.extract_rules, api_requests.created_at, api_requests.updated_at 
FROM api_requests 
WHERE api_requests.collection_id = $1::UUID ORDER BY api_requests.order_index, api_requests.created_at
2026-07-08 15:25:35,651 INFO sqlalchemy.engine.Engine [cached since 10.01s ago] (UUID('019f423a-e0c0-7be0-b21c-20795444c3c6'),)
2026-07-08 15:25:35,652 INFO sqlalchemy.engine.Engine SELECT collections.id, collections.project_id, collections.name, collections.description, collections.created_at, collections.updated_at 
FROM collections 
WHERE collections.id = $1::UUID
2026-07-08 15:25:35,652 INFO sqlalchemy.engine.Engine [cached since 10.01s ago] (UUID('019f423a-e0c0-7be0-b21c-20795444c3c6'),)
2026-07-08 15:25:35,652 INFO sqlalchemy.engine.Engine SELECT environment_variables.id, environment_variables.project_id, environment_variables.key, environment_variables.value, environment_variables.is_secret, environment_variables.created_at, environment_variables.updated_at 
FROM environment_variables 
WHERE environment_variables.project_id = $1::UUID ORDER BY environment_variables.key
2026-07-08 15:25:35,652 INFO sqlalchemy.engine.Engine [cached since 0.07865s ago] (UUID('019f423a-e0bf-7153-a4c7-0109f2fea178'),)
2026-07-08 15:25:35,653 INFO sqlalchemy.engine.Engine INSERT INTO test_runs (id, collection_id, initiated_by, status, run_type, started_at, completed_at, total_tasks, completed_tasks, failed_tasks, config) VALUES ($1::UUID, $2::UUID, $3::UUID, $4::test_run_status, $5::test_run_type, $6::TIMESTAMP WITH TIME ZONE, $7::TIMESTAMP WITH TIME ZONE, $8::INTEGER, $9::INTEGER, $10::INTEGER, $11::JSONB) RETURNING test_runs.created_at, test_runs.updated_at
2026-07-08 15:25:35,653 INFO sqlalchemy.engine.Engine [cached since 0.07788s ago] (UUID('019f4255-a025-753c-b603-9bf60a43d027'), UUID('019f423a-e0c0-7be0-b21c-20795444c3c6'), UUID('019f423a-e0bc-79aa-b91f-ef1e32f02336'), 'running', 'scheduled', datetime.datetime(2026, 7, 8, 15, 25, 35, 653124, tzinfo=datetime.timezone.utc), None, 1, 0, 0, '{"environment_variables": {}}')
2026-07-08 15:25:35,654 INFO sqlalchemy.engine.Engine SELECT test_runs.id, test_runs.collection_id, test_runs.initiated_by, test_runs.status, test_runs.run_type, test_runs.started_at, test_runs.completed_at, test_runs.total_tasks, test_runs.completed_tasks, test_runs.failed_tasks, test_runs.config, test_runs.created_at, test_runs.updated_at 
FROM test_runs 
WHERE test_runs.id = $1::UUID
2026-07-08 15:25:35,654 INFO sqlalchemy.engine.Engine [cached since 0.07704s ago] (UUID('019f4255-a025-753c-b603-9bf60a43d027'),)
2026-07-08 15:25:35,654 INFO sqlalchemy.engine.Engine INSERT INTO test_tasks (id, test_run_id, api_request_id, sequence_order, data_row_index, data_context, status, retry_count, max_retries, next_retry_at, assigned_worker_id) VALUES ($1::UUID, $2::UUID, $3::UUID, $4::INTEGER, $5::INTEGER, $6::JSONB, $7::test_task_status, $8::INTEGER, $9::INTEGER, $10::TIMESTAMP WITH TIME ZONE, $11::UUID) RETURNING test_tasks.created_at, test_tasks.updated_at
2026-07-08 15:25:35,654 INFO sqlalchemy.engine.Engine [cached since 0.07635s ago] (UUID('019f4255-a026-76a0-9359-6e6e7da0e4c1'), UUID('019f4255-a025-753c-b603-9bf60a43d027'), UUID('019f423a-e0c1-771c-8061-e79d1718f153'), 0, None, 'null', 'pending', 0, 3, None, None)
2026-07-08 15:25:35,655 INFO sqlalchemy.engine.Engine UPDATE schedules SET next_run_at=$1::TIMESTAMP WITH TIME ZONE, last_run_at=$2::TIMESTAMP WITH TIME ZONE, updated_at=now() WHERE schedules.id = $3::UUID
2026-07-08 15:25:35,655 INFO sqlalchemy.engine.Engine [cached since 0.07478s ago] (datetime.datetime(2026, 7, 8, 15, 26, tzinfo=zoneinfo.ZoneInfo(key='UTC')), datetime.datetime(2026, 7, 8, 15, 25, 35, 655715, tzinfo=datetime.timezone.utc), UUID('019f423a-e0c2-76ef-9468-fe721d196ad4'))
2026-07-08 15:25:35,656 INFO sqlalchemy.engine.Engine SELECT schedules.id, schedules.collection_id, schedules.cron_expression, schedules.timezone, schedules.is_active, schedules.next_run_at, schedules.last_run_at, schedules.created_by, schedules.created_at, schedules.updated_at 
FROM schedules 
WHERE schedules.id = $1::UUID
2026-07-08 15:25:35,656 INFO sqlalchemy.engine.Engine [cached since 0.07409s ago] (UUID('019f423a-e0c2-76ef-9468-fe721d196ad4'),)
2026-07-08 15:25:35,656 INFO sqlalchemy.engine.Engine SELECT api_requests.id, api_requests.collection_id, api_requests.name, api_requests.method, api_requests.url, api_requests.headers, api_requests.query_params, api_requests.body, api_requests.order_index, api_requests.timeout_ms, api_requests.extract_rules, api_requests.created_at, api_requests.updated_at 
FROM api_requests 
WHERE api_requests.collection_id = $1::UUID ORDER BY api_requests.order_index, api_requests.created_at
2026-07-08 15:25:35,657 INFO sqlalchemy.engine.Engine [cached since 10.01s ago] (UUID('019f423a-e309-7a73-943b-0ea2e94f1422'),)
2026-07-08 15:25:35,657 INFO sqlalchemy.engine.Engine SELECT collections.id, collections.project_id, collections.name, collections.description, collections.created_at, collections.updated_at 
FROM collections 
WHERE collections.id = $1::UUID
2026-07-08 15:25:35,657 INFO sqlalchemy.engine.Engine [cached since 10.01s ago] (UUID('019f423a-e309-7a73-943b-0ea2e94f1422'),)
2026-07-08 15:25:35,658 INFO sqlalchemy.engine.Engine SELECT environment_variables.id, environment_variables.project_id, environment_variables.key, environment_variables.value, environment_variables.is_secret, environment_variables.created_at, environment_variables.updated_at 
FROM environment_variables 
WHERE environment_variables.project_id = $1::UUID ORDER BY environment_variables.key
2026-07-08 15:25:35,658 INFO sqlalchemy.engine.Engine [cached since 0.08392s ago] (UUID('019f423a-e308-71dc-a0bb-466686509f5d'),)
2026-07-08 15:25:35,658 INFO sqlalchemy.engine.Engine INSERT INTO test_runs (id, collection_id, initiated_by, status, run_type, started_at, completed_at, total_tasks, completed_tasks, failed_tasks, config) VALUES ($1::UUID, $2::UUID, $3::UUID, $4::test_run_status, $5::test_run_type, $6::TIMESTAMP WITH TIME ZONE, $7::TIMESTAMP WITH TIME ZONE, $8::INTEGER, $9::INTEGER, $10::INTEGER, $11::JSONB) RETURNING test_runs.created_at, test_runs.updated_at
2026-07-08 15:25:35,658 INFO sqlalchemy.engine.Engine [cached since 0.08308s ago] (UUID('019f4255-a02a-7e54-981e-bcd9fd162ddb'), UUID('019f423a-e309-7a73-943b-0ea2e94f1422'), UUID('019f423a-e305-7053-b9f3-bc9c8122bdd1'), 'running', 'scheduled', datetime.datetime(2026, 7, 8, 15, 25, 35, 658361, tzinfo=datetime.timezone.utc), None, 1, 0, 0, '{"environment_variables": {}}')
2026-07-08 15:25:35,659 INFO sqlalchemy.engine.Engine SELECT test_runs.id, test_runs.collection_id, test_runs.initiated_by, test_runs.status, test_runs.run_type, test_runs.started_at, test_runs.completed_at, test_runs.total_tasks, test_runs.completed_tasks, test_runs.failed_tasks, test_runs.config, test_runs.created_at, test_runs.updated_at 
FROM test_runs 
WHERE test_runs.id = $1::UUID
2026-07-08 15:25:35,659 INFO sqlalchemy.engine.Engine [cached since 0.08217s ago] (UUID('019f4255-a02a-7e54-981e-bcd9fd162ddb'),)
2026-07-08 15:25:35,659 INFO sqlalchemy.engine.Engine INSERT INTO test_tasks (id, test_run_id, api_request_id, sequence_order, data_row_index, data_context, status, retry_count, max_retries, next_retry_at, assigned_worker_id) VALUES ($1::UUID, $2::UUID, $3::UUID, $4::INTEGER, $5::INTEGER, $6::JSONB, $7::test_task_status, $8::INTEGER, $9::INTEGER, $10::TIMESTAMP WITH TIME ZONE, $11::UUID) RETURNING test_tasks.created_at, test_tasks.updated_at
2026-07-08 15:25:35,659 INFO sqlalchemy.engine.Engine [cached since 0.0815s ago] (UUID('019f4255-a02b-759c-9c8a-744dd396ab3d'), UUID('019f4255-a02a-7e54-981e-bcd9fd162ddb'), UUID('019f423a-e30a-7153-be4b-ff073fa8b8bf'), 0, None, 'null', 'pending', 0, 3, None, None)
2026-07-08 15:25:35,660 INFO sqlalchemy.engine.Engine UPDATE schedules SET next_run_at=$1::TIMESTAMP WITH TIME ZONE, last_run_at=$2::TIMESTAMP WITH TIME ZONE, updated_at=now() WHERE schedules.id = $3::UUID
2026-07-08 15:25:35,660 INFO sqlalchemy.engine.Engine [cached since 0.07971s ago] (datetime.datetime(2026, 7, 8, 15, 26, tzinfo=zoneinfo.ZoneInfo(key='UTC')), datetime.datetime(2026, 7, 8, 15, 25, 35, 660654, tzinfo=datetime.timezone.utc), UUID('019f423a-e30b-7df8-8536-f2da283bdb81'))
2026-07-08 15:25:35,661 INFO sqlalchemy.engine.Engine SELECT schedules.id, schedules.collection_id, schedules.cron_expression, schedules.timezone, schedules.is_active, schedules.next_run_at, schedules.last_run_at, schedules.created_by, schedules.created_at, schedules.updated_at 
FROM schedules 
WHERE schedules.id = $1::UUID
2026-07-08 15:25:35,661 INFO sqlalchemy.engine.Engine [cached since 0.07898s ago] (UUID('019f423a-e30b-7df8-8536-f2da283bdb81'),)
2026-07-08 15:25:35,661 INFO sqlalchemy.engine.Engine SELECT api_requests.id, api_requests.collection_id, api_requests.name, api_requests.method, api_requests.url, api_requests.headers, api_requests.query_params, api_requests.body, api_requests.order_index, api_requests.timeout_ms, api_requests.extract_rules, api_requests.created_at, api_requests.updated_at 
FROM api_requests 
WHERE api_requests.collection_id = $1::UUID ORDER BY api_requests.order_index, api_requests.created_at
2026-07-08 15:25:35,661 INFO sqlalchemy.engine.Engine [cached since 10.02s ago] (UUID('019f423a-e40b-711f-b48b-46576c874bfe'),)
2026-07-08 15:25:35,662 INFO sqlalchemy.engine.Engine SELECT collections.id, collections.project_id, collections.name, collections.description, collections.created_at, collections.updated_at 
FROM collections 
WHERE collections.id = $1::UUID
2026-07-08 15:25:35,662 INFO sqlalchemy.engine.Engine [cached since 10.02s ago] (UUID('019f423a-e40b-711f-b48b-46576c874bfe'),)
2026-07-08 15:25:35,662 INFO sqlalchemy.engine.Engine SELECT environment_variables.id, environment_variables.project_id, environment_variables.key, environment_variables.value, environment_variables.is_secret, environment_variables.created_at, environment_variables.updated_at 
FROM environment_variables 
WHERE environment_variables.project_id = $1::UUID ORDER BY environment_variables.key
2026-07-08 15:25:35,662 INFO sqlalchemy.engine.Engine [cached since 0.08874s ago] (UUID('019f423a-e40a-705b-811b-7e58a45bc2d5'),)
2026-07-08 15:25:35,663 INFO sqlalchemy.engine.Engine INSERT INTO test_runs (id, collection_id, initiated_by, status, run_type, started_at, completed_at, total_tasks, completed_tasks, failed_tasks, config) VALUES ($1::UUID, $2::UUID, $3::UUID, $4::test_run_status, $5::test_run_type, $6::TIMESTAMP WITH TIME ZONE, $7::TIMESTAMP WITH TIME ZONE, $8::INTEGER, $9::INTEGER, $10::INTEGER, $11::JSONB) RETURNING test_runs.created_at, test_runs.updated_at
2026-07-08 15:25:35,663 INFO sqlalchemy.engine.Engine [cached since 0.08795s ago] (UUID('019f4255-a02f-76b2-916a-905730a4221c'), UUID('019f423a-e40b-711f-b48b-46576c874bfe'), UUID('019f423a-e407-7fda-87db-81caa3ff692d'), 'running', 'scheduled', datetime.datetime(2026, 7, 8, 15, 25, 35, 663185, tzinfo=datetime.timezone.utc), None, 1, 0, 0, '{"environment_variables": {}}')
2026-07-08 15:25:35,664 INFO sqlalchemy.engine.Engine SELECT test_runs.id, test_runs.collection_id, test_runs.initiated_by, test_runs.status, test_runs.run_type, test_runs.started_at, test_runs.completed_at, test_runs.total_tasks, test_runs.completed_tasks, test_runs.failed_tasks, test_runs.config, test_runs.created_at, test_runs.updated_at 
FROM test_runs 
WHERE test_runs.id = $1::UUID
2026-07-08 15:25:35,664 INFO sqlalchemy.engine.Engine [cached since 0.08702s ago] (UUID('019f4255-a02f-76b2-916a-905730a4221c'),)
2026-07-08 15:25:35,664 INFO sqlalchemy.engine.Engine INSERT INTO test_tasks (id, test_run_id, api_request_id, sequence_order, data_row_index, data_context, status, retry_count, max_retries, next_retry_at, assigned_worker_id) VALUES ($1::UUID, $2::UUID, $3::UUID, $4::INTEGER, $5::INTEGER, $6::JSONB, $7::test_task_status, $8::INTEGER, $9::INTEGER, $10::TIMESTAMP WITH TIME ZONE, $11::UUID) RETURNING test_tasks.created_at, test_tasks.updated_at
2026-07-08 15:25:35,664 INFO sqlalchemy.engine.Engine [cached since 0.08628s ago] (UUID('019f4255-a030-76ff-9417-5ec7335c6ed6'), UUID('019f4255-a02f-76b2-916a-905730a4221c'), UUID('019f423a-e40c-79e8-87bf-0a74e0a02242'), 0, None, 'null', 'pending', 0, 3, None, None)
2026-07-08 15:25:35,665 INFO sqlalchemy.engine.Engine UPDATE schedules SET next_run_at=$1::TIMESTAMP WITH TIME ZONE, last_run_at=$2::TIMESTAMP WITH TIME ZONE, updated_at=now() WHERE schedules.id = $3::UUID
2026-07-08 15:25:35,665 INFO sqlalchemy.engine.Engine [cached since 0.08436s ago] (datetime.datetime(2026, 7, 8, 15, 26, tzinfo=zoneinfo.ZoneInfo(key='UTC')), datetime.datetime(2026, 7, 8, 15, 25, 35, 665324, tzinfo=datetime.timezone.utc), UUID('019f423a-e40d-7b59-9afb-5eb0810a8417'))
2026-07-08 15:25:35,665 INFO sqlalchemy.engine.Engine SELECT schedules.id, schedules.collection_id, schedules.cron_expression, schedules.timezone, schedules.is_active, schedules.next_run_at, schedules.last_run_at, schedules.created_by, schedules.created_at, schedules.updated_at 
FROM schedules 
WHERE schedules.id = $1::UUID
2026-07-08 15:25:35,666 INFO sqlalchemy.engine.Engine [cached since 0.08362s ago] (UUID('019f423a-e40d-7b59-9afb-5eb0810a8417'),)
2026-07-08 15:25:35,666 INFO sqlalchemy.engine.Engine SELECT api_requests.id, api_requests.collection_id, api_requests.name, api_requests.method, api_requests.url, api_requests.headers, api_requests.query_params, api_requests.body, api_requests.order_index, api_requests.timeout_ms, api_requests.extract_rules, api_requests.created_at, api_requests.updated_at 
FROM api_requests 
WHERE api_requests.collection_id = $1::UUID ORDER BY api_requests.order_index, api_requests.created_at
2026-07-08 15:25:35,666 INFO sqlalchemy.engine.Engine [cached since 10.02s ago] (UUID('019f4230-9d5d-7472-a37d-e5bb822e5851'),)
2026-07-08 15:25:35,667 INFO sqlalchemy.engine.Engine SELECT collections.id, collections.project_id, collections.name, collections.description, collections.created_at, collections.updated_at 
FROM collections 
WHERE collections.id = $1::UUID
2026-07-08 15:25:35,667 INFO sqlalchemy.engine.Engine [cached since 10.02s ago] (UUID('019f4230-9d5d-7472-a37d-e5bb822e5851'),)
2026-07-08 15:25:35,667 INFO sqlalchemy.engine.Engine SELECT environment_variables.id, environment_variables.project_id, environment_variables.key, environment_variables.value, environment_variables.is_secret, environment_variables.created_at, environment_variables.updated_at 
FROM environment_variables 
WHERE environment_variables.project_id = $1::UUID ORDER BY environment_variables.key
2026-07-08 15:25:35,668 INFO sqlalchemy.engine.Engine [cached since 0.09392s ago] (UUID('019f4230-9d5c-7771-87c8-01bcc0a01d91'),)
2026-07-08 15:25:35,668 INFO sqlalchemy.engine.Engine INSERT INTO test_runs (id, collection_id, initiated_by, status, run_type, started_at, completed_at, total_tasks, completed_tasks, failed_tasks, config) VALUES ($1::UUID, $2::UUID, $3::UUID, $4::test_run_status, $5::test_run_type, $6::TIMESTAMP WITH TIME ZONE, $7::TIMESTAMP WITH TIME ZONE, $8::INTEGER, $9::INTEGER, $10::INTEGER, $11::JSONB) RETURNING test_runs.created_at, test_runs.updated_at
2026-07-08 15:25:35,668 INFO sqlalchemy.engine.Engine [cached since 0.09336s ago] (UUID('019f4255-a034-7166-9f6f-a5ffc5852079'), UUID('019f4230-9d5d-7472-a37d-e5bb822e5851'), UUID('019f4230-9d59-7154-b095-d455b160ee4d'), 'running', 'scheduled', datetime.datetime(2026, 7, 8, 15, 25, 35, 668562, tzinfo=datetime.timezone.utc), None, 1, 0, 0, '{"environment_variables": {}}')
2026-07-08 15:25:35,669 INFO sqlalchemy.engine.Engine SELECT test_runs.id, test_runs.collection_id, test_runs.initiated_by, test_runs.status, test_runs.run_type, test_runs.started_at, test_runs.completed_at, test_runs.total_tasks, test_runs.completed_tasks, test_runs.failed_tasks, test_runs.config, test_runs.created_at, test_runs.updated_at 
FROM test_runs 
WHERE test_runs.id = $1::UUID
2026-07-08 15:25:35,669 INFO sqlalchemy.engine.Engine [cached since 0.0926s ago] (UUID('019f4255-a034-7166-9f6f-a5ffc5852079'),)
2026-07-08 15:25:35,670 INFO sqlalchemy.engine.Engine INSERT INTO test_tasks (id, test_run_id, api_request_id, sequence_order, data_row_index, data_context, status, retry_count, max_retries, next_retry_at, assigned_worker_id) VALUES ($1::UUID, $2::UUID, $3::UUID, $4::INTEGER, $5::INTEGER, $6::JSONB, $7::test_task_status, $8::INTEGER, $9::INTEGER, $10::TIMESTAMP WITH TIME ZONE, $11::UUID) RETURNING test_tasks.created_at, test_tasks.updated_at
2026-07-08 15:25:35,670 INFO sqlalchemy.engine.Engine [cached since 0.09202s ago] (UUID('019f4255-a036-7b85-8f31-f5ebfe21d468'), UUID('019f4255-a034-7166-9f6f-a5ffc5852079'), UUID('019f4230-9d5e-7fa7-9d8b-23067a6228d8'), 0, None, 'null', 'pending', 0, 3, None, None)
2026-07-08 15:25:35,671 INFO sqlalchemy.engine.Engine UPDATE schedules SET next_run_at=$1::TIMESTAMP WITH TIME ZONE, last_run_at=$2::TIMESTAMP WITH TIME ZONE, updated_at=now() WHERE schedules.id = $3::UUID
2026-07-08 15:25:35,671 INFO sqlalchemy.engine.Engine [cached since 0.09035s ago] (datetime.datetime(2026, 7, 8, 15, 26, tzinfo=zoneinfo.ZoneInfo(key='UTC')), datetime.datetime(2026, 7, 8, 15, 25, 35, 671234, tzinfo=datetime.timezone.utc), UUID('019f4230-9d5f-7adf-8205-232ebbb7d1c3'))
2026-07-08 15:25:35,672 INFO sqlalchemy.engine.Engine SELECT schedules.id, schedules.collection_id, schedules.cron_expression, schedules.timezone, schedules.is_active, schedules.next_run_at, schedules.last_run_at, schedules.created_by, schedules.created_at, schedules.updated_at 
FROM schedules 
WHERE schedules.id = $1::UUID
2026-07-08 15:25:35,672 INFO sqlalchemy.engine.Engine [cached since 0.08965s ago] (UUID('019f4230-9d5f-7adf-8205-232ebbb7d1c3'),)
2026-07-08 15:25:35,672 INFO sqlalchemy.engine.Engine SELECT api_requests.id, api_requests.collection_id, api_requests.name, api_requests.method, api_requests.url, api_requests.headers, api_requests.query_params, api_requests.body, api_requests.order_index, api_requests.timeout_ms, api_requests.extract_rules, api_requests.created_at, api_requests.updated_at 
FROM api_requests 
WHERE api_requests.collection_id = $1::UUID ORDER BY api_requests.order_index, api_requests.created_at
2026-07-08 15:25:35,672 INFO sqlalchemy.engine.Engine [cached since 10.03s ago] (UUID('019f422e-9a27-7d04-9f7b-401a25eb8036'),)
2026-07-08 15:25:35,673 INFO sqlalchemy.engine.Engine SELECT collections.id, collections.project_id, collections.name, collections.description, collections.created_at, collections.updated_at 
FROM collections 
WHERE collections.id = $1::UUID
2026-07-08 15:25:35,673 INFO sqlalchemy.engine.Engine [cached since 10.03s ago] (UUID('019f422e-9a27-7d04-9f7b-401a25eb8036'),)
2026-07-08 15:25:35,673 INFO sqlalchemy.engine.Engine SELECT environment_variables.id, environment_variables.project_id, environment_variables.key, environment_variables.value, environment_variables.is_secret, environment_variables.created_at, environment_variables.updated_at 
FROM environment_variables 
WHERE environment_variables.project_id = $1::UUID ORDER BY environment_variables.key
2026-07-08 15:25:35,673 INFO sqlalchemy.engine.Engine [cached since 0.09947s ago] (UUID('019f422e-9a24-7486-b1a9-37ea3fc90821'),)
2026-07-08 15:25:35,674 INFO sqlalchemy.engine.Engine INSERT INTO test_runs (id, collection_id, initiated_by, status, run_type, started_at, completed_at, total_tasks, completed_tasks, failed_tasks, config) VALUES ($1::UUID, $2::UUID, $3::UUID, $4::test_run_status, $5::test_run_type, $6::TIMESTAMP WITH TIME ZONE, $7::TIMESTAMP WITH TIME ZONE, $8::INTEGER, $9::INTEGER, $10::INTEGER, $11::JSONB) RETURNING test_runs.created_at, test_runs.updated_at
2026-07-08 15:25:35,674 INFO sqlalchemy.engine.Engine [cached since 0.09863s ago] (UUID('019f4255-a03a-7183-9035-61fb3ac6bc1b'), UUID('019f422e-9a27-7d04-9f7b-401a25eb8036'), UUID('019f422e-9a20-7d88-b7d5-e8ec83395510'), 'running', 'scheduled', datetime.datetime(2026, 7, 8, 15, 25, 35, 673897, tzinfo=datetime.timezone.utc), None, 1, 0, 0, '{"environment_variables": {}}')
2026-07-08 15:25:35,674 INFO sqlalchemy.engine.Engine SELECT test_runs.id, test_runs.collection_id, test_runs.initiated_by, test_runs.status, test_runs.run_type, test_runs.started_at, test_runs.completed_at, test_runs.total_tasks, test_runs.completed_tasks, test_runs.failed_tasks, test_runs.config, test_runs.created_at, test_runs.updated_at 
FROM test_runs 
WHERE test_runs.id = $1::UUID
2026-07-08 15:25:35,674 INFO sqlalchemy.engine.Engine [cached since 0.09771s ago] (UUID('019f4255-a03a-7183-9035-61fb3ac6bc1b'),)
2026-07-08 15:25:35,675 INFO sqlalchemy.engine.Engine INSERT INTO test_tasks (id, test_run_id, api_request_id, sequence_order, data_row_index, data_context, status, retry_count, max_retries, next_retry_at, assigned_worker_id) VALUES ($1::UUID, $2::UUID, $3::UUID, $4::INTEGER, $5::INTEGER, $6::JSONB, $7::test_task_status, $8::INTEGER, $9::INTEGER, $10::TIMESTAMP WITH TIME ZONE, $11::UUID) RETURNING test_tasks.created_at, test_tasks.updated_at
2026-07-08 15:25:35,675 INFO sqlalchemy.engine.Engine [cached since 0.09698s ago] (UUID('019f4255-a03b-7a6a-9ea5-3b40ea3f5705'), UUID('019f4255-a03a-7183-9035-61fb3ac6bc1b'), UUID('019f422e-9a2b-7c59-8609-7645d28064a9'), 0, None, 'null', 'pending', 0, 3, None, None)
2026-07-08 15:25:35,676 INFO sqlalchemy.engine.Engine UPDATE schedules SET next_run_at=$1::TIMESTAMP WITH TIME ZONE, last_run_at=$2::TIMESTAMP WITH TIME ZONE, updated_at=now() WHERE schedules.id = $3::UUID
2026-07-08 15:25:35,676 INFO sqlalchemy.engine.Engine [cached since 0.09522s ago] (datetime.datetime(2026, 7, 8, 15, 26, tzinfo=zoneinfo.ZoneInfo(key='UTC')), datetime.datetime(2026, 7, 8, 15, 25, 35, 676175, tzinfo=datetime.timezone.utc), UUID('019f422e-9a2e-75c0-ae1b-89dbbf84d2cb'))
2026-07-08 15:25:35,676 INFO sqlalchemy.engine.Engine SELECT schedules.id, schedules.collection_id, schedules.cron_expression, schedules.timezone, schedules.is_active, schedules.next_run_at, schedules.last_run_at, schedules.created_by, schedules.created_at, schedules.updated_at 
FROM schedules 
WHERE schedules.id = $1::UUID
2026-07-08 15:25:35,676 INFO sqlalchemy.engine.Engine [cached since 0.09448s ago] (UUID('019f422e-9a2e-75c0-ae1b-89dbbf84d2cb'),)
2026-07-08 15:25:35,677 INFO sqlalchemy.engine.Engine SELECT api_requests.id, api_requests.collection_id, api_requests.name, api_requests.method, api_requests.url, api_requests.headers, api_requests.query_params, api_requests.body, api_requests.order_index, api_requests.timeout_ms, api_requests.extract_rules, api_requests.created_at, api_requests.updated_at 
FROM api_requests 
WHERE api_requests.collection_id = $1::UUID ORDER BY api_requests.order_index, api_requests.created_at
2026-07-08 15:25:35,677 INFO sqlalchemy.engine.Engine [cached since 10.03s ago] (UUID('019f421a-21ea-75b4-81c6-4cbbecc757ed'),)
2026-07-08 15:25:35,677 INFO sqlalchemy.engine.Engine SELECT collections.id, collections.project_id, collections.name, collections.description, collections.created_at, collections.updated_at 
FROM collections 
WHERE collections.id = $1::UUID
2026-07-08 15:25:35,677 INFO sqlalchemy.engine.Engine [cached since 10.04s ago] (UUID('019f421a-21ea-75b4-81c6-4cbbecc757ed'),)
2026-07-08 15:25:35,678 INFO sqlalchemy.engine.Engine SELECT environment_variables.id, environment_variables.project_id, environment_variables.key, environment_variables.value, environment_variables.is_secret, environment_variables.created_at, environment_variables.updated_at 
FROM environment_variables 
WHERE environment_variables.project_id = $1::UUID ORDER BY environment_variables.key
2026-07-08 15:25:35,678 INFO sqlalchemy.engine.Engine [cached since 0.1043s ago] (UUID('019f421a-21e9-7a24-aa1f-85153bcec439'),)
2026-07-08 15:25:35,678 INFO sqlalchemy.engine.Engine INSERT INTO test_runs (id, collection_id, initiated_by, status, run_type, started_at, completed_at, total_tasks, completed_tasks, failed_tasks, config) VALUES ($1::UUID, $2::UUID, $3::UUID, $4::test_run_status, $5::test_run_type, $6::TIMESTAMP WITH TIME ZONE, $7::TIMESTAMP WITH TIME ZONE, $8::INTEGER, $9::INTEGER, $10::INTEGER, $11::JSONB) RETURNING test_runs.created_at, test_runs.updated_at
2026-07-08 15:25:35,678 INFO sqlalchemy.engine.Engine [cached since 0.1035s ago] (UUID('019f4255-a03e-7091-9ab9-7dac62dffa25'), UUID('019f421a-21ea-75b4-81c6-4cbbecc757ed'), UUID('019f421a-21e6-7c61-89d4-6ebd3830d081'), 'running', 'scheduled', datetime.datetime(2026, 7, 8, 15, 25, 35, 678733, tzinfo=datetime.timezone.utc), None, 1, 0, 0, '{"environment_variables": {}}')
2026-07-08 15:25:35,679 INFO sqlalchemy.engine.Engine SELECT test_runs.id, test_runs.collection_id, test_runs.initiated_by, test_runs.status, test_runs.run_type, test_runs.started_at, test_runs.completed_at, test_runs.total_tasks, test_runs.completed_tasks, test_runs.failed_tasks, test_runs.config, test_runs.created_at, test_runs.updated_at 
FROM test_runs 
WHERE test_runs.id = $1::UUID
2026-07-08 15:25:35,679 INFO sqlalchemy.engine.Engine [cached since 0.1025s ago] (UUID('019f4255-a03e-7091-9ab9-7dac62dffa25'),)
2026-07-08 15:25:35,680 INFO sqlalchemy.engine.Engine INSERT INTO test_tasks (id, test_run_id, api_request_id, sequence_order, data_row_index, data_context, status, retry_count, max_retries, next_retry_at, assigned_worker_id) VALUES ($1::UUID, $2::UUID, $3::UUID, $4::INTEGER, $5::INTEGER, $6::JSONB, $7::test_task_status, $8::INTEGER, $9::INTEGER, $10::TIMESTAMP WITH TIME ZONE, $11::UUID) RETURNING test_tasks.created_at, test_tasks.updated_at
2026-07-08 15:25:35,680 INFO sqlalchemy.engine.Engine [cached since 0.1018s ago] (UUID('019f4255-a040-7b72-b8ee-9fc308b45738'), UUID('019f4255-a03e-7091-9ab9-7dac62dffa25'), UUID('019f421a-21eb-7492-8770-5aded4329081'), 0, None, 'null', 'pending', 0, 3, None, None)
2026-07-08 15:25:35,681 INFO sqlalchemy.engine.Engine UPDATE schedules SET next_run_at=$1::TIMESTAMP WITH TIME ZONE, last_run_at=$2::TIMESTAMP WITH TIME ZONE, updated_at=now() WHERE schedules.id = $3::UUID
2026-07-08 15:25:35,681 INFO sqlalchemy.engine.Engine [cached since 0.09993s ago] (datetime.datetime(2026, 7, 8, 15, 26, tzinfo=zoneinfo.ZoneInfo(key='UTC')), datetime.datetime(2026, 7, 8, 15, 25, 35, 680893, tzinfo=datetime.timezone.utc), UUID('019f421a-21ec-7947-86f7-c315f365d2cc'))
2026-07-08 15:25:35,681 INFO sqlalchemy.engine.Engine SELECT schedules.id, schedules.collection_id, schedules.cron_expression, schedules.timezone, schedules.is_active, schedules.next_run_at, schedules.last_run_at, schedules.created_by, schedules.created_at, schedules.updated_at 
FROM schedules 
WHERE schedules.id = $1::UUID
2026-07-08 15:25:35,681 INFO sqlalchemy.engine.Engine [cached since 0.09913s ago] (UUID('019f421a-21ec-7947-86f7-c315f365d2cc'),)
2026-07-08 15:25:35,681 INFO sqlalchemy.engine.Engine SELECT api_requests.id, api_requests.collection_id, api_requests.name, api_requests.method, api_requests.url, api_requests.headers, api_requests.query_params, api_requests.body, api_requests.order_index, api_requests.timeout_ms, api_requests.extract_rules, api_requests.created_at, api_requests.updated_at 
FROM api_requests 
WHERE api_requests.collection_id = $1::UUID ORDER BY api_requests.order_index, api_requests.created_at
2026-07-08 15:25:35,682 INFO sqlalchemy.engine.Engine [cached since 10.04s ago] (UUID('019f4217-f0de-72ad-8744-a3000c4c9f50'),)
2026-07-08 15:25:35,682 INFO sqlalchemy.engine.Engine SELECT collections.id, collections.project_id, collections.name, collections.description, collections.created_at, collections.updated_at 
FROM collections 
WHERE collections.id = $1::UUID
2026-07-08 15:25:35,682 INFO sqlalchemy.engine.Engine [cached since 10.04s ago] (UUID('019f4217-f0de-72ad-8744-a3000c4c9f50'),)
2026-07-08 15:25:35,682 INFO sqlalchemy.engine.Engine SELECT environment_variables.id, environment_variables.project_id, environment_variables.key, environment_variables.value, environment_variables.is_secret, environment_variables.created_at, environment_variables.updated_at 
FROM environment_variables 
WHERE environment_variables.project_id = $1::UUID ORDER BY environment_variables.key
2026-07-08 15:25:35,683 INFO sqlalchemy.engine.Engine [cached since 0.1089s ago] (UUID('019f4217-f0dd-7377-867c-e6cd7dbb965d'),)
2026-07-08 15:25:35,683 INFO sqlalchemy.engine.Engine INSERT INTO test_runs (id, collection_id, initiated_by, status, run_type, started_at, completed_at, total_tasks, completed_tasks, failed_tasks, config) VALUES ($1::UUID, $2::UUID, $3::UUID, $4::test_run_status, $5::test_run_type, $6::TIMESTAMP WITH TIME ZONE, $7::TIMESTAMP WITH TIME ZONE, $8::INTEGER, $9::INTEGER, $10::INTEGER, $11::JSONB) RETURNING test_runs.created_at, test_runs.updated_at
2026-07-08 15:25:35,683 INFO sqlalchemy.engine.Engine [cached since 0.1081s ago] (UUID('019f4255-a043-7578-85be-5f460b3b7956'), UUID('019f4217-f0de-72ad-8744-a3000c4c9f50'), UUID('019f4217-f0da-73e6-ae48-bbaa243182ea'), 'running', 'scheduled', datetime.datetime(2026, 7, 8, 15, 25, 35, 683287, tzinfo=datetime.timezone.utc), None, 1, 0, 0, '{"environment_variables": {}}')
2026-07-08 15:25:35,684 INFO sqlalchemy.engine.Engine SELECT test_runs.id, test_runs.collection_id, test_runs.initiated_by, test_runs.status, test_runs.run_type, test_runs.started_at, test_runs.completed_at, test_runs.total_tasks, test_runs.completed_tasks, test_runs.failed_tasks, test_runs.config, test_runs.created_at, test_runs.updated_at 
FROM test_runs 
WHERE test_runs.id = $1::UUID
2026-07-08 15:25:35,684 INFO sqlalchemy.engine.Engine [cached since 0.1072s ago] (UUID('019f4255-a043-7578-85be-5f460b3b7956'),)
2026-07-08 15:25:35,685 INFO sqlalchemy.engine.Engine INSERT INTO test_tasks (id, test_run_id, api_request_id, sequence_order, data_row_index, data_context, status, retry_count, max_retries, next_retry_at, assigned_worker_id) VALUES ($1::UUID, $2::UUID, $3::UUID, $4::INTEGER, $5::INTEGER, $6::JSONB, $7::test_task_status, $8::INTEGER, $9::INTEGER, $10::TIMESTAMP WITH TIME ZONE, $11::UUID) RETURNING test_tasks.created_at, test_tasks.updated_at
2026-07-08 15:25:35,685 INFO sqlalchemy.engine.Engine [cached since 0.1069s ago] (UUID('019f4255-a045-7abf-b92b-e58743e23570'), UUID('019f4255-a043-7578-85be-5f460b3b7956'), UUID('019f4217-f0df-7cd2-a691-fb8970be3e2a'), 0, None, 'null', 'pending', 0, 3, None, None)
2026-07-08 15:25:35,686 INFO sqlalchemy.engine.Engine UPDATE schedules SET next_run_at=$1::TIMESTAMP WITH TIME ZONE, last_run_at=$2::TIMESTAMP WITH TIME ZONE, updated_at=now() WHERE schedules.id = $3::UUID
2026-07-08 15:25:35,686 INFO sqlalchemy.engine.Engine [cached since 0.1055s ago] (datetime.datetime(2026, 7, 8, 15, 26, tzinfo=zoneinfo.ZoneInfo(key='UTC')), datetime.datetime(2026, 7, 8, 15, 25, 35, 686410, tzinfo=datetime.timezone.utc), UUID('019f4217-f0e0-7c76-b33a-820e64985734'))
2026-07-08 15:25:35,687 INFO sqlalchemy.engine.Engine SELECT schedules.id, schedules.collection_id, schedules.cron_expression, schedules.timezone, schedules.is_active, schedules.next_run_at, schedules.last_run_at, schedules.created_by, schedules.created_at, schedules.updated_at 
FROM schedules 
WHERE schedules.id = $1::UUID
2026-07-08 15:25:35,687 INFO sqlalchemy.engine.Engine [cached since 0.1048s ago] (UUID('019f4217-f0e0-7c76-b33a-820e64985734'),)
2026-07-08 15:25:35,687 INFO sqlalchemy.engine.Engine SELECT api_requests.id, api_requests.collection_id, api_requests.name, api_requests.method, api_requests.url, api_requests.headers, api_requests.query_params, api_requests.body, api_requests.order_index, api_requests.timeout_ms, api_requests.extract_rules, api_requests.created_at, api_requests.updated_at 
FROM api_requests 
WHERE api_requests.collection_id = $1::UUID ORDER BY api_requests.order_index, api_requests.created_at
2026-07-08 15:25:35,687 INFO sqlalchemy.engine.Engine [cached since 10.04s ago] (UUID('019f4237-3667-79d1-8348-7f943de8844c'),)
2026-07-08 15:25:35,688 INFO sqlalchemy.engine.Engine SELECT collections.id, collections.project_id, collections.name, collections.description, collections.created_at, collections.updated_at 
FROM collections 
WHERE collections.id = $1::UUID
2026-07-08 15:25:35,688 INFO sqlalchemy.engine.Engine [cached since 10.05s ago] (UUID('019f4237-3667-79d1-8348-7f943de8844c'),)
2026-07-08 15:25:35,688 INFO sqlalchemy.engine.Engine SELECT environment_variables.id, environment_variables.project_id, environment_variables.key, environment_variables.value, environment_variables.is_secret, environment_variables.created_at, environment_variables.updated_at 
FROM environment_variables 
WHERE environment_variables.project_id = $1::UUID ORDER BY environment_variables.key
2026-07-08 15:25:35,689 INFO sqlalchemy.engine.Engine [cached since 0.1149s ago] (UUID('019f4237-3666-7959-b927-79a650163c56'),)
2026-07-08 15:25:35,689 INFO sqlalchemy.engine.Engine INSERT INTO test_runs (id, collection_id, initiated_by, status, run_type, started_at, completed_at, total_tasks, completed_tasks, failed_tasks, config) VALUES ($1::UUID, $2::UUID, $3::UUID, $4::test_run_status, $5::test_run_type, $6::TIMESTAMP WITH TIME ZONE, $7::TIMESTAMP WITH TIME ZONE, $8::INTEGER, $9::INTEGER, $10::INTEGER, $11::JSONB) RETURNING test_runs.created_at, test_runs.updated_at
2026-07-08 15:25:35,689 INFO sqlalchemy.engine.Engine [cached since 0.1141s ago] (UUID('019f4255-a049-7e40-aec2-0c69a5f452bd'), UUID('019f4237-3667-79d1-8348-7f943de8844c'), UUID('019f4237-3663-7d97-a140-60210636b3b6'), 'running', 'scheduled', datetime.datetime(2026, 7, 8, 15, 25, 35, 689371, tzinfo=datetime.timezone.utc), None, 1, 0, 0, '{"environment_variables": {}}')
2026-07-08 15:25:35,690 INFO sqlalchemy.engine.Engine SELECT test_runs.id, test_runs.collection_id, test_runs.initiated_by, test_runs.status, test_runs.run_type, test_runs.started_at, test_runs.completed_at, test_runs.total_tasks, test_runs.completed_tasks, test_runs.failed_tasks, test_runs.config, test_runs.created_at, test_runs.updated_at 
FROM test_runs 
WHERE test_runs.id = $1::UUID
2026-07-08 15:25:35,690 INFO sqlalchemy.engine.Engine [cached since 0.1132s ago] (UUID('019f4255-a049-7e40-aec2-0c69a5f452bd'),)
2026-07-08 15:25:35,690 INFO sqlalchemy.engine.Engine INSERT INTO test_tasks (id, test_run_id, api_request_id, sequence_order, data_row_index, data_context, status, retry_count, max_retries, next_retry_at, assigned_worker_id) VALUES ($1::UUID, $2::UUID, $3::UUID, $4::INTEGER, $5::INTEGER, $6::JSONB, $7::test_task_status, $8::INTEGER, $9::INTEGER, $10::TIMESTAMP WITH TIME ZONE, $11::UUID) RETURNING test_tasks.created_at, test_tasks.updated_at
2026-07-08 15:25:35,691 INFO sqlalchemy.engine.Engine [cached since 0.1127s ago] (UUID('019f4255-a04a-710f-bffa-fe6f77b0fa4a'), UUID('019f4255-a049-7e40-aec2-0c69a5f452bd'), UUID('019f4237-3668-7281-a8a6-230660f81cb2'), 0, None, 'null', 'pending', 0, 3, None, None)
2026-07-08 15:25:35,691 INFO sqlalchemy.engine.Engine UPDATE schedules SET next_run_at=$1::TIMESTAMP WITH TIME ZONE, last_run_at=$2::TIMESTAMP WITH TIME ZONE, updated_at=now() WHERE schedules.id = $3::UUID
2026-07-08 15:25:35,692 INFO sqlalchemy.engine.Engine [cached since 0.1109s ago] (datetime.datetime(2026, 7, 8, 15, 26, tzinfo=zoneinfo.ZoneInfo(key='UTC')), datetime.datetime(2026, 7, 8, 15, 25, 35, 691831, tzinfo=datetime.timezone.utc), UUID('019f4237-3669-7c85-a07b-f80ad0d3ea89'))
2026-07-08 15:25:35,692 INFO sqlalchemy.engine.Engine SELECT schedules.id, schedules.collection_id, schedules.cron_expression, schedules.timezone, schedules.is_active, schedules.next_run_at, schedules.last_run_at, schedules.created_by, schedules.created_at, schedules.updated_at 
FROM schedules 
WHERE schedules.id = $1::UUID
2026-07-08 15:25:35,692 INFO sqlalchemy.engine.Engine [cached since 0.1102s ago] (UUID('019f4237-3669-7c85-a07b-f80ad0d3ea89'),)
2026-07-08 15:25:35,693 INFO sqlalchemy.engine.Engine SELECT api_requests.id, api_requests.collection_id, api_requests.name, api_requests.method, api_requests.url, api_requests.headers, api_requests.query_params, api_requests.body, api_requests.order_index, api_requests.timeout_ms, api_requests.extract_rules, api_requests.created_at, api_requests.updated_at 
FROM api_requests 
WHERE api_requests.collection_id = $1::UUID ORDER BY api_requests.order_index, api_requests.created_at
2026-07-08 15:25:35,693 INFO sqlalchemy.engine.Engine [cached since 10.05s ago] (UUID('019f422e-1ff4-7b7f-b7e7-9a91f19d1e04'),)
2026-07-08 15:25:35,693 INFO sqlalchemy.engine.Engine SELECT collections.id, collections.project_id, collections.name, collections.description, collections.created_at, collections.updated_at 
FROM collections 
WHERE collections.id = $1::UUID
2026-07-08 15:25:35,693 INFO sqlalchemy.engine.Engine [cached since 10.05s ago] (UUID('019f422e-1ff4-7b7f-b7e7-9a91f19d1e04'),)
2026-07-08 15:25:35,694 INFO sqlalchemy.engine.Engine SELECT environment_variables.id, environment_variables.project_id, environment_variables.key, environment_variables.value, environment_variables.is_secret, environment_variables.created_at, environment_variables.updated_at 
FROM environment_variables 
WHERE environment_variables.project_id = $1::UUID ORDER BY environment_variables.key
2026-07-08 15:25:35,694 INFO sqlalchemy.engine.Engine [cached since 0.1202s ago] (UUID('019f422e-1ff3-72f8-881b-1b70ae2a0a10'),)
2026-07-08 15:25:35,694 INFO sqlalchemy.engine.Engine INSERT INTO test_runs (id, collection_id, initiated_by, status, run_type, started_at, completed_at, total_tasks, completed_tasks, failed_tasks, config) VALUES ($1::UUID, $2::UUID, $3::UUID, $4::test_run_status, $5::test_run_type, $6::TIMESTAMP WITH TIME ZONE, $7::TIMESTAMP WITH TIME ZONE, $8::INTEGER, $9::INTEGER, $10::INTEGER, $11::JSONB) RETURNING test_runs.created_at, test_runs.updated_at
2026-07-08 15:25:35,694 INFO sqlalchemy.engine.Engine [cached since 0.1193s ago] (UUID('019f4255-a04e-7444-8661-e79805264076'), UUID('019f422e-1ff4-7b7f-b7e7-9a91f19d1e04'), UUID('019f422e-1fe4-7a57-9d82-f1b03e66b451'), 'running', 'scheduled', datetime.datetime(2026, 7, 8, 15, 25, 35, 694601, tzinfo=datetime.timezone.utc), None, 1, 0, 0, '{"environment_variables": {}}')
2026-07-08 15:25:35,695 INFO sqlalchemy.engine.Engine SELECT test_runs.id, test_runs.collection_id, test_runs.initiated_by, test_runs.status, test_runs.run_type, test_runs.started_at, test_runs.completed_at, test_runs.total_tasks, test_runs.completed_tasks, test_runs.failed_tasks, test_runs.config, test_runs.created_at, test_runs.updated_at 
FROM test_runs 
WHERE test_runs.id = $1::UUID
2026-07-08 15:25:35,695 INFO sqlalchemy.engine.Engine [cached since 0.1185s ago] (UUID('019f4255-a04e-7444-8661-e79805264076'),)
2026-07-08 15:25:35,696 INFO sqlalchemy.engine.Engine INSERT INTO test_tasks (id, test_run_id, api_request_id, sequence_order, data_row_index, data_context, status, retry_count, max_retries, next_retry_at, assigned_worker_id) VALUES ($1::UUID, $2::UUID, $3::UUID, $4::INTEGER, $5::INTEGER, $6::JSONB, $7::test_task_status, $8::INTEGER, $9::INTEGER, $10::TIMESTAMP WITH TIME ZONE, $11::UUID) RETURNING test_tasks.created_at, test_tasks.updated_at
2026-07-08 15:25:35,696 INFO sqlalchemy.engine.Engine [cached since 0.1178s ago] (UUID('019f4255-a050-7b52-bb9a-5f23f6eb69bc'), UUID('019f4255-a04e-7444-8661-e79805264076'), UUID('019f422e-1ff6-71c9-98ea-01ee4532ab97'), 0, None, 'null', 'pending', 0, 3, None, None)
2026-07-08 15:25:35,697 INFO sqlalchemy.engine.Engine UPDATE schedules SET next_run_at=$1::TIMESTAMP WITH TIME ZONE, last_run_at=$2::TIMESTAMP WITH TIME ZONE, updated_at=now() WHERE schedules.id = $3::UUID
2026-07-08 15:25:35,697 INFO sqlalchemy.engine.Engine [cached since 0.1159s ago] (datetime.datetime(2026, 7, 8, 15, 26, tzinfo=zoneinfo.ZoneInfo(key='UTC')), datetime.datetime(2026, 7, 8, 15, 25, 35, 696887, tzinfo=datetime.timezone.utc), UUID('019f422e-1ffb-76f9-87b4-29f10a61360e'))
2026-07-08 15:25:35,697 INFO sqlalchemy.engine.Engine SELECT schedules.id, schedules.collection_id, schedules.cron_expression, schedules.timezone, schedules.is_active, schedules.next_run_at, schedules.last_run_at, schedules.created_by, schedules.created_at, schedules.updated_at 
FROM schedules 
WHERE schedules.id = $1::UUID
2026-07-08 15:25:35,697 INFO sqlalchemy.engine.Engine [cached since 0.1152s ago] (UUID('019f422e-1ffb-76f9-87b4-29f10a61360e'),)
2026-07-08 15:25:35,698 INFO sqlalchemy.engine.Engine SELECT api_requests.id, api_requests.collection_id, api_requests.name, api_requests.method, api_requests.url, api_requests.headers, api_requests.query_params, api_requests.body, api_requests.order_index, api_requests.timeout_ms, api_requests.extract_rules, api_requests.created_at, api_requests.updated_at 
FROM api_requests 
WHERE api_requests.collection_id = $1::UUID ORDER BY api_requests.order_index, api_requests.created_at
2026-07-08 15:25:35,698 INFO sqlalchemy.engine.Engine [cached since 10.05s ago] (UUID('019f4232-56ee-7123-a8dd-724b5ca12632'),)
2026-07-08 15:25:35,698 INFO sqlalchemy.engine.Engine SELECT collections.id, collections.project_id, collections.name, collections.description, collections.created_at, collections.updated_at 
FROM collections 
WHERE collections.id = $1::UUID
2026-07-08 15:25:35,698 INFO sqlalchemy.engine.Engine [cached since 10.06s ago] (UUID('019f4232-56ee-7123-a8dd-724b5ca12632'),)
2026-07-08 15:25:35,699 INFO sqlalchemy.engine.Engine SELECT environment_variables.id, environment_variables.project_id, environment_variables.key, environment_variables.value, environment_variables.is_secret, environment_variables.created_at, environment_variables.updated_at 
FROM environment_variables 
WHERE environment_variables.project_id = $1::UUID ORDER BY environment_variables.key
2026-07-08 15:25:35,699 INFO sqlalchemy.engine.Engine [cached since 0.125s ago] (UUID('019f4232-56ed-7bb3-ac03-7be5c464e751'),)
2026-07-08 15:25:35,699 INFO sqlalchemy.engine.Engine INSERT INTO test_runs (id, collection_id, initiated_by, status, run_type, started_at, completed_at, total_tasks, completed_tasks, failed_tasks, config) VALUES ($1::UUID, $2::UUID, $3::UUID, $4::test_run_status, $5::test_run_type, $6::TIMESTAMP WITH TIME ZONE, $7::TIMESTAMP WITH TIME ZONE, $8::INTEGER, $9::INTEGER, $10::INTEGER, $11::JSONB) RETURNING test_runs.created_at, test_runs.updated_at
2026-07-08 15:25:35,699 INFO sqlalchemy.engine.Engine [cached since 0.1242s ago] (UUID('019f4255-a053-7709-9a0f-fbcf1b64c5d3'), UUID('019f4232-56ee-7123-a8dd-724b5ca12632'), UUID('019f4232-56e9-7b2c-9d27-1f5ae93126fc'), 'running', 'scheduled', datetime.datetime(2026, 7, 8, 15, 25, 35, 699427, tzinfo=datetime.timezone.utc), None, 1, 0, 0, '{"environment_variables": {}}')
2026-07-08 15:25:35,700 INFO sqlalchemy.engine.Engine SELECT test_runs.id, test_runs.collection_id, test_runs.initiated_by, test_runs.status, test_runs.run_type, test_runs.started_at, test_runs.completed_at, test_runs.total_tasks, test_runs.completed_tasks, test_runs.failed_tasks, test_runs.config, test_runs.created_at, test_runs.updated_at 
FROM test_runs 
WHERE test_runs.id = $1::UUID
2026-07-08 15:25:35,700 INFO sqlalchemy.engine.Engine [cached since 0.1233s ago] (UUID('019f4255-a053-7709-9a0f-fbcf1b64c5d3'),)
2026-07-08 15:25:35,700 INFO sqlalchemy.engine.Engine INSERT INTO test_tasks (id, test_run_id, api_request_id, sequence_order, data_row_index, data_context, status, retry_count, max_retries, next_retry_at, assigned_worker_id) VALUES ($1::UUID, $2::UUID, $3::UUID, $4::INTEGER, $5::INTEGER, $6::JSONB, $7::test_task_status, $8::INTEGER, $9::INTEGER, $10::TIMESTAMP WITH TIME ZONE, $11::UUID) RETURNING test_tasks.created_at, test_tasks.updated_at
2026-07-08 15:25:35,700 INFO sqlalchemy.engine.Engine [cached since 0.1226s ago] (UUID('019f4255-a054-7123-850d-ddd64956c818'), UUID('019f4255-a053-7709-9a0f-fbcf1b64c5d3'), UUID('019f4232-56ef-7471-96bf-2d4b6918213e'), 0, None, 'null', 'pending', 0, 3, None, None)
2026-07-08 15:25:35,702 INFO sqlalchemy.engine.Engine UPDATE schedules SET next_run_at=$1::TIMESTAMP WITH TIME ZONE, last_run_at=$2::TIMESTAMP WITH TIME ZONE, updated_at=now() WHERE schedules.id = $3::UUID
2026-07-08 15:25:35,702 INFO sqlalchemy.engine.Engine [cached since 0.1211s ago] (datetime.datetime(2026, 7, 8, 15, 26, tzinfo=zoneinfo.ZoneInfo(key='UTC')), datetime.datetime(2026, 7, 8, 15, 25, 35, 702009, tzinfo=datetime.timezone.utc), UUID('019f4232-56f0-7e97-8947-cd478001544e'))
2026-07-08 15:25:35,703 INFO sqlalchemy.engine.Engine SELECT schedules.id, schedules.collection_id, schedules.cron_expression, schedules.timezone, schedules.is_active, schedules.next_run_at, schedules.last_run_at, schedules.created_by, schedules.created_at, schedules.updated_at 
FROM schedules 
WHERE schedules.id = $1::UUID
2026-07-08 15:25:35,703 INFO sqlalchemy.engine.Engine [cached since 0.1211s ago] (UUID('019f4232-56f0-7e97-8947-cd478001544e'),)
2026-07-08 15:25:35,704 INFO sqlalchemy.engine.Engine SELECT api_requests.id, api_requests.collection_id, api_requests.name, api_requests.method, api_requests.url, api_requests.headers, api_requests.query_params, api_requests.body, api_requests.order_index, api_requests.timeout_ms, api_requests.extract_rules, api_requests.created_at, api_requests.updated_at 
FROM api_requests 
WHERE api_requests.collection_id = $1::UUID ORDER BY api_requests.order_index, api_requests.created_at
2026-07-08 15:25:35,704 INFO sqlalchemy.engine.Engine [cached since 10.06s ago] (UUID('019f4232-5552-730e-804f-b0c01ce61cf2'),)
2026-07-08 15:25:35,704 INFO sqlalchemy.engine.Engine SELECT collections.id, collections.project_id, collections.name, collections.description, collections.created_at, collections.updated_at 
FROM collections 
WHERE collections.id = $1::UUID
2026-07-08 15:25:35,704 INFO sqlalchemy.engine.Engine [cached since 10.06s ago] (UUID('019f4232-5552-730e-804f-b0c01ce61cf2'),)
2026-07-08 15:25:35,705 INFO sqlalchemy.engine.Engine SELECT environment_variables.id, environment_variables.project_id, environment_variables.key, environment_variables.value, environment_variables.is_secret, environment_variables.created_at, environment_variables.updated_at 
FROM environment_variables 
WHERE environment_variables.project_id = $1::UUID ORDER BY environment_variables.key
2026-07-08 15:25:35,705 INFO sqlalchemy.engine.Engine [cached since 0.1312s ago] (UUID('019f4232-5551-78e9-97c0-b271a605f24f'),)
2026-07-08 15:25:35,706 INFO sqlalchemy.engine.Engine INSERT INTO test_runs (id, collection_id, initiated_by, status, run_type, started_at, completed_at, total_tasks, completed_tasks, failed_tasks, config) VALUES ($1::UUID, $2::UUID, $3::UUID, $4::test_run_status, $5::test_run_type, $6::TIMESTAMP WITH TIME ZONE, $7::TIMESTAMP WITH TIME ZONE, $8::INTEGER, $9::INTEGER, $10::INTEGER, $11::JSONB) RETURNING test_runs.created_at, test_runs.updated_at
2026-07-08 15:25:35,706 INFO sqlalchemy.engine.Engine [cached since 0.1305s ago] (UUID('019f4255-a059-71fb-ba9a-4a4cefe37a29'), UUID('019f4232-5552-730e-804f-b0c01ce61cf2'), UUID('019f4232-554e-78ea-a2ac-749d1129652e'), 'running', 'scheduled', datetime.datetime(2026, 7, 8, 15, 25, 35, 705727, tzinfo=datetime.timezone.utc), None, 1, 0, 0, '{"environment_variables": {}}')
2026-07-08 15:25:35,706 INFO sqlalchemy.engine.Engine SELECT test_runs.id, test_runs.collection_id, test_runs.initiated_by, test_runs.status, test_runs.run_type, test_runs.started_at, test_runs.completed_at, test_runs.total_tasks, test_runs.completed_tasks, test_runs.failed_tasks, test_runs.config, test_runs.created_at, test_runs.updated_at 
FROM test_runs 
WHERE test_runs.id = $1::UUID
2026-07-08 15:25:35,706 INFO sqlalchemy.engine.Engine [cached since 0.1297s ago] (UUID('019f4255-a059-71fb-ba9a-4a4cefe37a29'),)
2026-07-08 15:25:35,707 INFO sqlalchemy.engine.Engine INSERT INTO test_tasks (id, test_run_id, api_request_id, sequence_order, data_row_index, data_context, status, retry_count, max_retries, next_retry_at, assigned_worker_id) VALUES ($1::UUID, $2::UUID, $3::UUID, $4::INTEGER, $5::INTEGER, $6::JSONB, $7::test_task_status, $8::INTEGER, $9::INTEGER, $10::TIMESTAMP WITH TIME ZONE, $11::UUID) RETURNING test_tasks.created_at, test_tasks.updated_at
2026-07-08 15:25:35,707 INFO sqlalchemy.engine.Engine [cached since 0.1292s ago] (UUID('019f4255-a05b-748c-bb70-a9a7c4820dbf'), UUID('019f4255-a059-71fb-ba9a-4a4cefe37a29'), UUID('019f4232-5553-78c4-b514-760d7f430169'), 0, None, 'null', 'pending', 0, 3, None, None)
2026-07-08 15:25:35,708 INFO sqlalchemy.engine.Engine UPDATE schedules SET next_run_at=$1::TIMESTAMP WITH TIME ZONE, last_run_at=$2::TIMESTAMP WITH TIME ZONE, updated_at=now() WHERE schedules.id = $3::UUID
2026-07-08 15:25:35,708 INFO sqlalchemy.engine.Engine [cached since 0.1278s ago] (datetime.datetime(2026, 7, 8, 15, 26, tzinfo=zoneinfo.ZoneInfo(key='UTC')), datetime.datetime(2026, 7, 8, 15, 25, 35, 708740, tzinfo=datetime.timezone.utc), UUID('019f4232-5554-7d0e-80a5-c2435d27de71'))
2026-07-08 15:25:35,709 INFO sqlalchemy.engine.Engine SELECT schedules.id, schedules.collection_id, schedules.cron_expression, schedules.timezone, schedules.is_active, schedules.next_run_at, schedules.last_run_at, schedules.created_by, schedules.created_at, schedules.updated_at 
FROM schedules 
WHERE schedules.id = $1::UUID
2026-07-08 15:25:35,709 INFO sqlalchemy.engine.Engine [cached since 0.1271s ago] (UUID('019f4232-5554-7d0e-80a5-c2435d27de71'),)
2026-07-08 15:25:35,710 INFO sqlalchemy.engine.Engine SELECT api_requests.id, api_requests.collection_id, api_requests.name, api_requests.method, api_requests.url, api_requests.headers, api_requests.query_params, api_requests.body, api_requests.order_index, api_requests.timeout_ms, api_requests.extract_rules, api_requests.created_at, api_requests.updated_at 
FROM api_requests 
WHERE api_requests.collection_id = $1::UUID ORDER BY api_requests.order_index, api_requests.created_at
2026-07-08 15:25:35,710 INFO sqlalchemy.engine.Engine [cached since 10.06s ago] (UUID('019f4217-edeb-7c45-9bfb-85d41d263cf8'),)
2026-07-08 15:25:35,710 INFO sqlalchemy.engine.Engine SELECT collections.id, collections.project_id, collections.name, collections.description, collections.created_at, collections.updated_at 
FROM collections 
WHERE collections.id = $1::UUID
2026-07-08 15:25:35,710 INFO sqlalchemy.engine.Engine [cached since 10.07s ago] (UUID('019f4217-edeb-7c45-9bfb-85d41d263cf8'),)
2026-07-08 15:25:35,711 INFO sqlalchemy.engine.Engine SELECT environment_variables.id, environment_variables.project_id, environment_variables.key, environment_variables.value, environment_variables.is_secret, environment_variables.created_at, environment_variables.updated_at 
FROM environment_variables 
WHERE environment_variables.project_id = $1::UUID ORDER BY environment_variables.key
2026-07-08 15:25:35,711 INFO sqlalchemy.engine.Engine [cached since 0.1371s ago] (UUID('019f4217-edea-7d08-81f5-6bc05f1709a1'),)
2026-07-08 15:25:35,711 INFO sqlalchemy.engine.Engine INSERT INTO test_runs (id, collection_id, initiated_by, status, run_type, started_at, completed_at, total_tasks, completed_tasks, failed_tasks, config) VALUES ($1::UUID, $2::UUID, $3::UUID, $4::test_run_status, $5::test_run_type, $6::TIMESTAMP WITH TIME ZONE, $7::TIMESTAMP WITH TIME ZONE, $8::INTEGER, $9::INTEGER, $10::INTEGER, $11::JSONB) RETURNING test_runs.created_at, test_runs.updated_at
2026-07-08 15:25:35,711 INFO sqlalchemy.engine.Engine [cached since 0.1364s ago] (UUID('019f4255-a05f-7ce0-a82a-019734916902'), UUID('019f4217-edeb-7c45-9bfb-85d41d263cf8'), UUID('019f4217-ede7-7e16-889d-68837e827f36'), 'running', 'scheduled', datetime.datetime(2026, 7, 8, 15, 25, 35, 711633, tzinfo=datetime.timezone.utc), None, 1, 0, 0, '{"environment_variables": {}}')
2026-07-08 15:25:35,712 INFO sqlalchemy.engine.Engine SELECT test_runs.id, test_runs.collection_id, test_runs.initiated_by, test_runs.status, test_runs.run_type, test_runs.started_at, test_runs.completed_at, test_runs.total_tasks, test_runs.completed_tasks, test_runs.failed_tasks, test_runs.config, test_runs.created_at, test_runs.updated_at 
FROM test_runs 
WHERE test_runs.id = $1::UUID
2026-07-08 15:25:35,712 INFO sqlalchemy.engine.Engine [cached since 0.1355s ago] (UUID('019f4255-a05f-7ce0-a82a-019734916902'),)
2026-07-08 15:25:35,713 INFO sqlalchemy.engine.Engine INSERT INTO test_tasks (id, test_run_id, api_request_id, sequence_order, data_row_index, data_context, status, retry_count, max_retries, next_retry_at, assigned_worker_id) VALUES ($1::UUID, $2::UUID, $3::UUID, $4::INTEGER, $5::INTEGER, $6::JSONB, $7::test_task_status, $8::INTEGER, $9::INTEGER, $10::TIMESTAMP WITH TIME ZONE, $11::UUID) RETURNING test_tasks.created_at, test_tasks.updated_at
2026-07-08 15:25:35,713 INFO sqlalchemy.engine.Engine [cached since 0.1349s ago] (UUID('019f4255-a061-71e4-a849-9e37d82477b9'), UUID('019f4255-a05f-7ce0-a82a-019734916902'), UUID('019f4217-edec-717a-b913-ab5b8d75f9f9'), 0, None, 'null', 'pending', 0, 3, None, None)
2026-07-08 15:25:35,714 INFO sqlalchemy.engine.Engine UPDATE schedules SET next_run_at=$1::TIMESTAMP WITH TIME ZONE, last_run_at=$2::TIMESTAMP WITH TIME ZONE, updated_at=now() WHERE schedules.id = $3::UUID
2026-07-08 15:25:35,714 INFO sqlalchemy.engine.Engine [cached since 0.1331s ago] (datetime.datetime(2026, 7, 8, 15, 26, tzinfo=zoneinfo.ZoneInfo(key='UTC')), datetime.datetime(2026, 7, 8, 15, 25, 35, 714017, tzinfo=datetime.timezone.utc), UUID('019f4217-eded-79dd-a210-557386ff4d30'))
2026-07-08 15:25:35,714 INFO sqlalchemy.engine.Engine SELECT schedules.id, schedules.collection_id, schedules.cron_expression, schedules.timezone, schedules.is_active, schedules.next_run_at, schedules.last_run_at, schedules.created_by, schedules.created_at, schedules.updated_at 
FROM schedules 
WHERE schedules.id = $1::UUID
2026-07-08 15:25:35,714 INFO sqlalchemy.engine.Engine [cached since 0.1323s ago] (UUID('019f4217-eded-79dd-a210-557386ff4d30'),)
2026-07-08 15:25:35,715 INFO sqlalchemy.engine.Engine SELECT api_requests.id, api_requests.collection_id, api_requests.name, api_requests.method, api_requests.url, api_requests.headers, api_requests.query_params, api_requests.body, api_requests.order_index, api_requests.timeout_ms, api_requests.extract_rules, api_requests.created_at, api_requests.updated_at 
FROM api_requests 
WHERE api_requests.collection_id = $1::UUID ORDER BY api_requests.order_index, api_requests.created_at
2026-07-08 15:25:35,715 INFO sqlalchemy.engine.Engine [cached since 10.07s ago] (UUID('019f4217-f3c4-795b-8efe-f5141c2a7475'),)
2026-07-08 15:25:35,715 INFO sqlalchemy.engine.Engine SELECT collections.id, collections.project_id, collections.name, collections.description, collections.created_at, collections.updated_at 
FROM collections 
WHERE collections.id = $1::UUID
2026-07-08 15:25:35,715 INFO sqlalchemy.engine.Engine [cached since 10.07s ago] (UUID('019f4217-f3c4-795b-8efe-f5141c2a7475'),)
2026-07-08 15:25:35,716 INFO sqlalchemy.engine.Engine SELECT environment_variables.id, environment_variables.project_id, environment_variables.key, environment_variables.value, environment_variables.is_secret, environment_variables.created_at, environment_variables.updated_at 
FROM environment_variables 
WHERE environment_variables.project_id = $1::UUID ORDER BY environment_variables.key
2026-07-08 15:25:35,716 INFO sqlalchemy.engine.Engine [cached since 0.1424s ago] (UUID('019f4217-f3c3-7235-88ae-d20101c522c6'),)
2026-07-08 15:25:35,717 INFO sqlalchemy.engine.Engine INSERT INTO test_runs (id, collection_id, initiated_by, status, run_type, started_at, completed_at, total_tasks, completed_tasks, failed_tasks, config) VALUES ($1::UUID, $2::UUID, $3::UUID, $4::test_run_status, $5::test_run_type, $6::TIMESTAMP WITH TIME ZONE, $7::TIMESTAMP WITH TIME ZONE, $8::INTEGER, $9::INTEGER, $10::INTEGER, $11::JSONB) RETURNING test_runs.created_at, test_runs.updated_at
2026-07-08 15:25:35,717 INFO sqlalchemy.engine.Engine [cached since 0.1416s ago] (UUID('019f4255-a065-7408-872c-6889f3b164a3'), UUID('019f4217-f3c4-795b-8efe-f5141c2a7475'), UUID('019f4217-f3c0-78d5-b8f9-a2ccc6a7d3b2'), 'running', 'scheduled', datetime.datetime(2026, 7, 8, 15, 25, 35, 716841, tzinfo=datetime.timezone.utc), None, 1, 0, 0, '{"environment_variables": {}}')
2026-07-08 15:25:35,717 INFO sqlalchemy.engine.Engine SELECT test_runs.id, test_runs.collection_id, test_runs.initiated_by, test_runs.status, test_runs.run_type, test_runs.started_at, test_runs.completed_at, test_runs.total_tasks, test_runs.completed_tasks, test_runs.failed_tasks, test_runs.config, test_runs.created_at, test_runs.updated_at 
FROM test_runs 
WHERE test_runs.id = $1::UUID
2026-07-08 15:25:35,717 INFO sqlalchemy.engine.Engine [cached since 0.1407s ago] (UUID('019f4255-a065-7408-872c-6889f3b164a3'),)
2026-07-08 15:25:35,718 INFO sqlalchemy.engine.Engine INSERT INTO test_tasks (id, test_run_id, api_request_id, sequence_order, data_row_index, data_context, status, retry_count, max_retries, next_retry_at, assigned_worker_id) VALUES ($1::UUID, $2::UUID, $3::UUID, $4::INTEGER, $5::INTEGER, $6::JSONB, $7::test_task_status, $8::INTEGER, $9::INTEGER, $10::TIMESTAMP WITH TIME ZONE, $11::UUID) RETURNING test_tasks.created_at, test_tasks.updated_at
2026-07-08 15:25:35,718 INFO sqlalchemy.engine.Engine [cached since 0.14s ago] (UUID('019f4255-a066-72c0-8a17-e1e788d1a005'), UUID('019f4255-a065-7408-872c-6889f3b164a3'), UUID('019f4217-f3c5-7edf-a215-323a95a8bbce'), 0, None, 'null', 'pending', 0, 3, None, None)
2026-07-08 15:25:35,719 INFO sqlalchemy.engine.Engine UPDATE schedules SET next_run_at=$1::TIMESTAMP WITH TIME ZONE, last_run_at=$2::TIMESTAMP WITH TIME ZONE, updated_at=now() WHERE schedules.id = $3::UUID
2026-07-08 15:25:35,719 INFO sqlalchemy.engine.Engine [cached since 0.1382s ago] (datetime.datetime(2026, 7, 8, 15, 26, tzinfo=zoneinfo.ZoneInfo(key='UTC')), datetime.datetime(2026, 7, 8, 15, 25, 35, 719120, tzinfo=datetime.timezone.utc), UUID('019f4217-f3c6-7d95-a909-a0f4ff3a1bba'))
2026-07-08 15:25:35,720 INFO sqlalchemy.engine.Engine SELECT schedules.id, schedules.collection_id, schedules.cron_expression, schedules.timezone, schedules.is_active, schedules.next_run_at, schedules.last_run_at, schedules.created_by, schedules.created_at, schedules.updated_at 
FROM schedules 
WHERE schedules.id = $1::UUID
2026-07-08 15:25:35,720 INFO sqlalchemy.engine.Engine [cached since 0.1377s ago] (UUID('019f4217-f3c6-7d95-a909-a0f4ff3a1bba'),)
2026-07-08 15:25:35,720 INFO sqlalchemy.engine.Engine SELECT api_requests.id, api_requests.collection_id, api_requests.name, api_requests.method, api_requests.url, api_requests.headers, api_requests.query_params, api_requests.body, api_requests.order_index, api_requests.timeout_ms, api_requests.extract_rules, api_requests.created_at, api_requests.updated_at 
FROM api_requests 
WHERE api_requests.collection_id = $1::UUID ORDER BY api_requests.order_index, api_requests.created_at
2026-07-08 15:25:35,720 INFO sqlalchemy.engine.Engine [cached since 10.07s ago] (UUID('019f4217-ef6f-77aa-a298-8699538f9974'),)
2026-07-08 15:25:35,721 INFO sqlalchemy.engine.Engine SELECT collections.id, collections.project_id, collections.name, collections.description, collections.created_at, collections.updated_at 
FROM collections 
WHERE collections.id = $1::UUID
2026-07-08 15:25:35,721 INFO sqlalchemy.engine.Engine [cached since 10.08s ago] (UUID('019f4217-ef6f-77aa-a298-8699538f9974'),)
2026-07-08 15:25:35,721 INFO sqlalchemy.engine.Engine SELECT environment_variables.id, environment_variables.project_id, environment_variables.key, environment_variables.value, environment_variables.is_secret, environment_variables.created_at, environment_variables.updated_at 
FROM environment_variables 
WHERE environment_variables.project_id = $1::UUID ORDER BY environment_variables.key
2026-07-08 15:25:35,721 INFO sqlalchemy.engine.Engine [cached since 0.1477s ago] (UUID('019f4217-ef6e-702b-ae12-38d83d2d5a29'),)
2026-07-08 15:25:35,722 INFO sqlalchemy.engine.Engine INSERT INTO test_runs (id, collection_id, initiated_by, status, run_type, started_at, completed_at, total_tasks, completed_tasks, failed_tasks, config) VALUES ($1::UUID, $2::UUID, $3::UUID, $4::test_run_status, $5::test_run_type, $6::TIMESTAMP WITH TIME ZONE, $7::TIMESTAMP WITH TIME ZONE, $8::INTEGER, $9::INTEGER, $10::INTEGER, $11::JSONB) RETURNING test_runs.created_at, test_runs.updated_at
2026-07-08 15:25:35,722 INFO sqlalchemy.engine.Engine [cached since 0.1468s ago] (UUID('019f4255-a06a-7c32-8cbc-ff10b6fa5eb2'), UUID('019f4217-ef6f-77aa-a298-8699538f9974'), UUID('019f4217-ef6b-76a2-adef-c4df9f13f149'), 'running', 'scheduled', datetime.datetime(2026, 7, 8, 15, 25, 35, 722100, tzinfo=datetime.timezone.utc), None, 1, 0, 0, '{"environment_variables": {}}')
2026-07-08 15:25:35,723 INFO sqlalchemy.engine.Engine SELECT test_runs.id, test_runs.collection_id, test_runs.initiated_by, test_runs.status, test_runs.run_type, test_runs.started_at, test_runs.completed_at, test_runs.total_tasks, test_runs.completed_tasks, test_runs.failed_tasks, test_runs.config, test_runs.created_at, test_runs.updated_at 
FROM test_runs 
WHERE test_runs.id = $1::UUID
2026-07-08 15:25:35,723 INFO sqlalchemy.engine.Engine [cached since 0.146s ago] (UUID('019f4255-a06a-7c32-8cbc-ff10b6fa5eb2'),)
2026-07-08 15:25:35,723 INFO sqlalchemy.engine.Engine INSERT INTO test_tasks (id, test_run_id, api_request_id, sequence_order, data_row_index, data_context, status, retry_count, max_retries, next_retry_at, assigned_worker_id) VALUES ($1::UUID, $2::UUID, $3::UUID, $4::INTEGER, $5::INTEGER, $6::JSONB, $7::test_task_status, $8::INTEGER, $9::INTEGER, $10::TIMESTAMP WITH TIME ZONE, $11::UUID) RETURNING test_tasks.created_at, test_tasks.updated_at
2026-07-08 15:25:35,723 INFO sqlalchemy.engine.Engine [cached since 0.1454s ago] (UUID('019f4255-a06b-7058-b791-c412a2d22f26'), UUID('019f4255-a06a-7c32-8cbc-ff10b6fa5eb2'), UUID('019f4217-ef70-7e1c-a3f6-9e30410ddf6a'), 0, None, 'null', 'pending', 0, 3, None, None)
2026-07-08 15:25:35,724 INFO sqlalchemy.engine.Engine UPDATE schedules SET next_run_at=$1::TIMESTAMP WITH TIME ZONE, last_run_at=$2::TIMESTAMP WITH TIME ZONE, updated_at=now() WHERE schedules.id = $3::UUID
2026-07-08 15:25:35,724 INFO sqlalchemy.engine.Engine [cached since 0.1437s ago] (datetime.datetime(2026, 7, 8, 15, 26, tzinfo=zoneinfo.ZoneInfo(key='UTC')), datetime.datetime(2026, 7, 8, 15, 25, 35, 724658, tzinfo=datetime.timezone.utc), UUID('019f4217-ef71-747d-be2a-e7c53e613d9e'))
2026-07-08 15:25:35,725 INFO sqlalchemy.engine.Engine SELECT schedules.id, schedules.collection_id, schedules.cron_expression, schedules.timezone, schedules.is_active, schedules.next_run_at, schedules.last_run_at, schedules.created_by, schedules.created_at, schedules.updated_at 
FROM schedules 
WHERE schedules.id = $1::UUID
2026-07-08 15:25:35,725 INFO sqlalchemy.engine.Engine [cached since 0.1431s ago] (UUID('019f4217-ef71-747d-be2a-e7c53e613d9e'),)
2026-07-08 15:25:35,725 INFO sqlalchemy.engine.Engine SELECT api_requests.id, api_requests.collection_id, api_requests.name, api_requests.method, api_requests.url, api_requests.headers, api_requests.query_params, api_requests.body, api_requests.order_index, api_requests.timeout_ms, api_requests.extract_rules, api_requests.created_at, api_requests.updated_at 
FROM api_requests 
WHERE api_requests.collection_id = $1::UUID ORDER BY api_requests.order_index, api_requests.created_at
2026-07-08 15:25:35,726 INFO sqlalchemy.engine.Engine [cached since 10.08s ago] (UUID('019f4217-eff3-7dd1-b52e-75581e3e832b'),)
2026-07-08 15:25:35,726 INFO sqlalchemy.engine.Engine UPDATE schedules SET next_run_at=$1::TIMESTAMP WITH TIME ZONE, last_run_at=$2::TIMESTAMP WITH TIME ZONE, updated_at=now() WHERE schedules.id = $3::UUID
2026-07-08 15:25:35,726 INFO sqlalchemy.engine.Engine [cached since 0.1456s ago] (datetime.datetime(2026, 7, 8, 15, 26, tzinfo=zoneinfo.ZoneInfo(key='UTC')), datetime.datetime(2026, 7, 8, 15, 25, 35, 726568, tzinfo=datetime.timezone.utc), UUID('019f4217-eff4-7194-b586-1d4842f73c0c'))
2026-07-08 15:25:35,727 INFO sqlalchemy.engine.Engine SELECT schedules.id, schedules.collection_id, schedules.cron_expression, schedules.timezone, schedules.is_active, schedules.next_run_at, schedules.last_run_at, schedules.created_by, schedules.created_at, schedules.updated_at 
FROM schedules 
WHERE schedules.id = $1::UUID
2026-07-08 15:25:35,727 INFO sqlalchemy.engine.Engine [cached since 0.1448s ago] (UUID('019f4217-eff4-7194-b586-1d4842f73c0c'),)
2026-07-08 15:25:35,727 INFO sqlalchemy.engine.Engine SELECT api_requests.id, api_requests.collection_id, api_requests.name, api_requests.method, api_requests.url, api_requests.headers, api_requests.query_params, api_requests.body, api_requests.order_index, api_requests.timeout_ms, api_requests.extract_rules, api_requests.created_at, api_requests.updated_at 
FROM api_requests 
WHERE api_requests.collection_id = $1::UUID ORDER BY api_requests.order_index, api_requests.created_at
2026-07-08 15:25:35,727 INFO sqlalchemy.engine.Engine [cached since 10.08s ago] (UUID('019f4219-5238-7515-876c-f28b9585ba11'),)
2026-07-08 15:25:35,728 INFO sqlalchemy.engine.Engine SELECT collections.id, collections.project_id, collections.name, collections.description, collections.created_at, collections.updated_at 
FROM collections 
WHERE collections.id = $1::UUID
2026-07-08 15:25:35,728 INFO sqlalchemy.engine.Engine [cached since 10.09s ago] (UUID('019f4219-5238-7515-876c-f28b9585ba11'),)
2026-07-08 15:25:35,728 INFO sqlalchemy.engine.Engine SELECT environment_variables.id, environment_variables.project_id, environment_variables.key, environment_variables.value, environment_variables.is_secret, environment_variables.created_at, environment_variables.updated_at 
FROM environment_variables 
WHERE environment_variables.project_id = $1::UUID ORDER BY environment_variables.key
2026-07-08 15:25:35,728 INFO sqlalchemy.engine.Engine [cached since 0.1548s ago] (UUID('019f4219-5237-72cb-afab-542f20920b8a'),)
2026-07-08 15:25:35,729 INFO sqlalchemy.engine.Engine INSERT INTO test_runs (id, collection_id, initiated_by, status, run_type, started_at, completed_at, total_tasks, completed_tasks, failed_tasks, config) VALUES ($1::UUID, $2::UUID, $3::UUID, $4::test_run_status, $5::test_run_type, $6::TIMESTAMP WITH TIME ZONE, $7::TIMESTAMP WITH TIME ZONE, $8::INTEGER, $9::INTEGER, $10::INTEGER, $11::JSONB) RETURNING test_runs.created_at, test_runs.updated_at
2026-07-08 15:25:35,729 INFO sqlalchemy.engine.Engine [cached since 0.1541s ago] (UUID('019f4255-a071-76f0-85ac-3ecb76bc6659'), UUID('019f4219-5238-7515-876c-f28b9585ba11'), UUID('019f4219-5234-7fcb-ba86-ee29daa5d32f'), 'running', 'scheduled', datetime.datetime(2026, 7, 8, 15, 25, 35, 729342, tzinfo=datetime.timezone.utc), None, 1, 0, 0, '{"environment_variables": {}}')
2026-07-08 15:25:35,730 INFO sqlalchemy.engine.Engine SELECT test_runs.id, test_runs.collection_id, test_runs.initiated_by, test_runs.status, test_runs.run_type, test_runs.started_at, test_runs.completed_at, test_runs.total_tasks, test_runs.completed_tasks, test_runs.failed_tasks, test_runs.config, test_runs.created_at, test_runs.updated_at 
FROM test_runs 
WHERE test_runs.id = $1::UUID
2026-07-08 15:25:35,730 INFO sqlalchemy.engine.Engine [cached since 0.1535s ago] (UUID('019f4255-a071-76f0-85ac-3ecb76bc6659'),)
2026-07-08 15:25:35,731 INFO sqlalchemy.engine.Engine INSERT INTO test_tasks (id, test_run_id, api_request_id, sequence_order, data_row_index, data_context, status, retry_count, max_retries, next_retry_at, assigned_worker_id) VALUES ($1::UUID, $2::UUID, $3::UUID, $4::INTEGER, $5::INTEGER, $6::JSONB, $7::test_task_status, $8::INTEGER, $9::INTEGER, $10::TIMESTAMP WITH TIME ZONE, $11::UUID) RETURNING test_tasks.created_at, test_tasks.updated_at
2026-07-08 15:25:35,731 INFO sqlalchemy.engine.Engine [cached since 0.1531s ago] (UUID('019f4255-a073-7d96-875b-44c2698f06d7'), UUID('019f4255-a071-76f0-85ac-3ecb76bc6659'), UUID('019f4219-5239-7c86-a06d-55cf7e8ea2bb'), 0, None, 'null', 'pending', 0, 3, None, None)
2026-07-08 15:25:35,732 INFO sqlalchemy.engine.Engine UPDATE schedules SET next_run_at=$1::TIMESTAMP WITH TIME ZONE, last_run_at=$2::TIMESTAMP WITH TIME ZONE, updated_at=now() WHERE schedules.id = $3::UUID
2026-07-08 15:25:35,732 INFO sqlalchemy.engine.Engine [cached since 0.1514s ago] (datetime.datetime(2026, 7, 8, 15, 26, tzinfo=zoneinfo.ZoneInfo(key='UTC')), datetime.datetime(2026, 7, 8, 15, 25, 35, 732340, tzinfo=datetime.timezone.utc), UUID('019f4219-523a-7ed4-8fbe-1b6aff8c6971'))
2026-07-08 15:25:35,733 INFO sqlalchemy.engine.Engine SELECT schedules.id, schedules.collection_id, schedules.cron_expression, schedules.timezone, schedules.is_active, schedules.next_run_at, schedules.last_run_at, schedules.created_by, schedules.created_at, schedules.updated_at 
FROM schedules 
WHERE schedules.id = $1::UUID
2026-07-08 15:25:35,733 INFO sqlalchemy.engine.Engine [cached since 0.1507s ago] (UUID('019f4219-523a-7ed4-8fbe-1b6aff8c6971'),)
2026-07-08 15:25:35,733 INFO sqlalchemy.engine.Engine SELECT api_requests.id, api_requests.collection_id, api_requests.name, api_requests.method, api_requests.url, api_requests.headers, api_requests.query_params, api_requests.body, api_requests.order_index, api_requests.timeout_ms, api_requests.extract_rules, api_requests.created_at, api_requests.updated_at 
FROM api_requests 
WHERE api_requests.collection_id = $1::UUID ORDER BY api_requests.order_index, api_requests.created_at
2026-07-08 15:25:35,733 INFO sqlalchemy.engine.Engine [cached since 10.09s ago] (UUID('019f422f-bc29-7ed1-8294-6b93d6e0af44'),)
2026-07-08 15:25:35,734 INFO sqlalchemy.engine.Engine SELECT collections.id, collections.project_id, collections.name, collections.description, collections.created_at, collections.updated_at 
FROM collections 
WHERE collections.id = $1::UUID
2026-07-08 15:25:35,734 INFO sqlalchemy.engine.Engine [cached since 10.09s ago] (UUID('019f422f-bc29-7ed1-8294-6b93d6e0af44'),)
2026-07-08 15:25:35,734 INFO sqlalchemy.engine.Engine SELECT environment_variables.id, environment_variables.project_id, environment_variables.key, environment_variables.value, environment_variables.is_secret, environment_variables.created_at, environment_variables.updated_at 
FROM environment_variables 
WHERE environment_variables.project_id = $1::UUID ORDER BY environment_variables.key
2026-07-08 15:25:35,734 INFO sqlalchemy.engine.Engine [cached since 0.1605s ago] (UUID('019f422f-bc28-7c38-9b79-627ec0127bcc'),)
2026-07-08 15:25:35,735 INFO sqlalchemy.engine.Engine INSERT INTO test_runs (id, collection_id, initiated_by, status, run_type, started_at, completed_at, total_tasks, completed_tasks, failed_tasks, config) VALUES ($1::UUID, $2::UUID, $3::UUID, $4::test_run_status, $5::test_run_type, $6::TIMESTAMP WITH TIME ZONE, $7::TIMESTAMP WITH TIME ZONE, $8::INTEGER, $9::INTEGER, $10::INTEGER, $11::JSONB) RETURNING test_runs.created_at, test_runs.updated_at
2026-07-08 15:25:35,735 INFO sqlalchemy.engine.Engine [cached since 0.1597s ago] (UUID('019f4255-a077-7737-97c9-e2993267812b'), UUID('019f422f-bc29-7ed1-8294-6b93d6e0af44'), UUID('019f422f-bc24-76a9-bdac-981d95beaee1'), 'running', 'scheduled', datetime.datetime(2026, 7, 8, 15, 25, 35, 734948, tzinfo=datetime.timezone.utc), None, 1, 0, 0, '{"environment_variables": {}}')
2026-07-08 15:25:35,735 INFO sqlalchemy.engine.Engine SELECT test_runs.id, test_runs.collection_id, test_runs.initiated_by, test_runs.status, test_runs.run_type, test_runs.started_at, test_runs.completed_at, test_runs.total_tasks, test_runs.completed_tasks, test_runs.failed_tasks, test_runs.config, test_runs.created_at, test_runs.updated_at 
FROM test_runs 
WHERE test_runs.id = $1::UUID
2026-07-08 15:25:35,735 INFO sqlalchemy.engine.Engine [cached since 0.1588s ago] (UUID('019f4255-a077-7737-97c9-e2993267812b'),)
2026-07-08 15:25:35,736 INFO sqlalchemy.engine.Engine INSERT INTO test_tasks (id, test_run_id, api_request_id, sequence_order, data_row_index, data_context, status, retry_count, max_retries, next_retry_at, assigned_worker_id) VALUES ($1::UUID, $2::UUID, $3::UUID, $4::INTEGER, $5::INTEGER, $6::JSONB, $7::test_task_status, $8::INTEGER, $9::INTEGER, $10::TIMESTAMP WITH TIME ZONE, $11::UUID) RETURNING test_tasks.created_at, test_tasks.updated_at
2026-07-08 15:25:35,736 INFO sqlalchemy.engine.Engine [cached since 0.1581s ago] (UUID('019f4255-a078-7d8f-abec-9868dd1cbf4c'), UUID('019f4255-a077-7737-97c9-e2993267812b'), UUID('019f422f-bc2a-758a-8dc4-107f511e13c9'), 0, None, 'null', 'pending', 0, 3, None, None)
2026-07-08 15:25:35,737 INFO sqlalchemy.engine.Engine UPDATE schedules SET next_run_at=$1::TIMESTAMP WITH TIME ZONE, last_run_at=$2::TIMESTAMP WITH TIME ZONE, updated_at=now() WHERE schedules.id = $3::UUID
2026-07-08 15:25:35,737 INFO sqlalchemy.engine.Engine [cached since 0.1565s ago] (datetime.datetime(2026, 7, 8, 15, 26, tzinfo=zoneinfo.ZoneInfo(key='UTC')), datetime.datetime(2026, 7, 8, 15, 25, 35, 737306, tzinfo=datetime.timezone.utc), UUID('019f422f-bc2b-7cfd-93b4-7128dd762beb'))
2026-07-08 15:25:35,738 INFO sqlalchemy.engine.Engine SELECT schedules.id, schedules.collection_id, schedules.cron_expression, schedules.timezone, schedules.is_active, schedules.next_run_at, schedules.last_run_at, schedules.created_by, schedules.created_at, schedules.updated_at 
FROM schedules 
WHERE schedules.id = $1::UUID
2026-07-08 15:25:35,738 INFO sqlalchemy.engine.Engine [cached since 0.1561s ago] (UUID('019f422f-bc2b-7cfd-93b4-7128dd762beb'),)
2026-07-08 15:25:35,739 INFO sqlalchemy.engine.Engine SELECT api_requests.id, api_requests.collection_id, api_requests.name, api_requests.method, api_requests.url, api_requests.headers, api_requests.query_params, api_requests.body, api_requests.order_index, api_requests.timeout_ms, api_requests.extract_rules, api_requests.created_at, api_requests.updated_at 
FROM api_requests 
WHERE api_requests.collection_id = $1::UUID ORDER BY api_requests.order_index, api_requests.created_at
2026-07-08 15:25:35,739 INFO sqlalchemy.engine.Engine [cached since 10.09s ago] (UUID('019f422f-bcb2-7a5a-82bb-439ad232d53a'),)
2026-07-08 15:25:35,739 INFO sqlalchemy.engine.Engine UPDATE schedules SET next_run_at=$1::TIMESTAMP WITH TIME ZONE, last_run_at=$2::TIMESTAMP WITH TIME ZONE, updated_at=now() WHERE schedules.id = $3::UUID
2026-07-08 15:25:35,739 INFO sqlalchemy.engine.Engine [cached since 0.1588s ago] (datetime.datetime(2026, 7, 8, 15, 26, tzinfo=zoneinfo.ZoneInfo(key='UTC')), datetime.datetime(2026, 7, 8, 15, 25, 35, 739756, tzinfo=datetime.timezone.utc), UUID('019f422f-bcb3-7433-bb57-28e2daab1e91'))
2026-07-08 15:25:35,740 INFO sqlalchemy.engine.Engine SELECT schedules.id, schedules.collection_id, schedules.cron_expression, schedules.timezone, schedules.is_active, schedules.next_run_at, schedules.last_run_at, schedules.created_by, schedules.created_at, schedules.updated_at 
FROM schedules 
WHERE schedules.id = $1::UUID
2026-07-08 15:25:35,740 INFO sqlalchemy.engine.Engine [cached since 0.1582s ago] (UUID('019f422f-bcb3-7433-bb57-28e2daab1e91'),)
2026-07-08 15:25:35,741 INFO sqlalchemy.engine.Engine SELECT api_requests.id, api_requests.collection_id, api_requests.name, api_requests.method, api_requests.url, api_requests.headers, api_requests.query_params, api_requests.body, api_requests.order_index, api_requests.timeout_ms, api_requests.extract_rules, api_requests.created_at, api_requests.updated_at 
FROM api_requests 
WHERE api_requests.collection_id = $1::UUID ORDER BY api_requests.order_index, api_requests.created_at
2026-07-08 15:25:35,741 INFO sqlalchemy.engine.Engine [cached since 10.09s ago] (UUID('019f422e-2195-7b8f-8231-6d43da6ff9d7'),)
2026-07-08 15:25:35,741 INFO sqlalchemy.engine.Engine SELECT collections.id, collections.project_id, collections.name, collections.description, collections.created_at, collections.updated_at 
FROM collections 
WHERE collections.id = $1::UUID
2026-07-08 15:25:35,741 INFO sqlalchemy.engine.Engine [cached since 10.1s ago] (UUID('019f422e-2195-7b8f-8231-6d43da6ff9d7'),)
2026-07-08 15:25:35,742 INFO sqlalchemy.engine.Engine SELECT environment_variables.id, environment_variables.project_id, environment_variables.key, environment_variables.value, environment_variables.is_secret, environment_variables.created_at, environment_variables.updated_at 
FROM environment_variables 
WHERE environment_variables.project_id = $1::UUID ORDER BY environment_variables.key
2026-07-08 15:25:35,742 INFO sqlalchemy.engine.Engine [cached since 0.1683s ago] (UUID('019f422e-2194-71b3-b431-c08a8a74cb33'),)
2026-07-08 15:25:35,743 INFO sqlalchemy.engine.Engine INSERT INTO test_runs (id, collection_id, initiated_by, status, run_type, started_at, completed_at, total_tasks, completed_tasks, failed_tasks, config) VALUES ($1::UUID, $2::UUID, $3::UUID, $4::test_run_status, $5::test_run_type, $6::TIMESTAMP WITH TIME ZONE, $7::TIMESTAMP WITH TIME ZONE, $8::INTEGER, $9::INTEGER, $10::INTEGER, $11::JSONB) RETURNING test_runs.created_at, test_runs.updated_at
2026-07-08 15:25:35,743 INFO sqlalchemy.engine.Engine [cached since 0.1675s ago] (UUID('019f4255-a07e-7458-964e-ebf39ac18a1d'), UUID('019f422e-2195-7b8f-8231-6d43da6ff9d7'), UUID('019f422e-2190-72db-840a-9bdb2a25a7af'), 'running', 'scheduled', datetime.datetime(2026, 7, 8, 15, 25, 35, 742731, tzinfo=datetime.timezone.utc), None, 1, 0, 0, '{"environment_variables": {}}')
2026-07-08 15:25:35,743 INFO sqlalchemy.engine.Engine SELECT test_runs.id, test_runs.collection_id, test_runs.initiated_by, test_runs.status, test_runs.run_type, test_runs.started_at, test_runs.completed_at, test_runs.total_tasks, test_runs.completed_tasks, test_runs.failed_tasks, test_runs.config, test_runs.created_at, test_runs.updated_at 
FROM test_runs 
WHERE test_runs.id = $1::UUID
2026-07-08 15:25:35,743 INFO sqlalchemy.engine.Engine [cached since 0.1667s ago] (UUID('019f4255-a07e-7458-964e-ebf39ac18a1d'),)
2026-07-08 15:25:35,744 INFO sqlalchemy.engine.Engine INSERT INTO test_tasks (id, test_run_id, api_request_id, sequence_order, data_row_index, data_context, status, retry_count, max_retries, next_retry_at, assigned_worker_id) VALUES ($1::UUID, $2::UUID, $3::UUID, $4::INTEGER, $5::INTEGER, $6::JSONB, $7::test_task_status, $8::INTEGER, $9::INTEGER, $10::TIMESTAMP WITH TIME ZONE, $11::UUID) RETURNING test_tasks.created_at, test_tasks.updated_at
2026-07-08 15:25:35,744 INFO sqlalchemy.engine.Engine [cached since 0.1662s ago] (UUID('019f4255-a080-7856-b510-37d98c4fb8f5'), UUID('019f4255-a07e-7458-964e-ebf39ac18a1d'), UUID('019f422e-2196-7577-b820-1bb31d2ee94f'), 0, None, 'null', 'pending', 0, 3, None, None)
2026-07-08 15:25:35,746 INFO sqlalchemy.engine.Engine UPDATE schedules SET next_run_at=$1::TIMESTAMP WITH TIME ZONE, last_run_at=$2::TIMESTAMP WITH TIME ZONE, updated_at=now() WHERE schedules.id = $3::UUID
2026-07-08 15:25:35,746 INFO sqlalchemy.engine.Engine [cached since 0.165s ago] (datetime.datetime(2026, 7, 8, 15, 26, tzinfo=zoneinfo.ZoneInfo(key='UTC')), datetime.datetime(2026, 7, 8, 15, 25, 35, 745908, tzinfo=datetime.timezone.utc), UUID('019f422e-2197-7cc7-a1ef-f463d0773cee'))
2026-07-08 15:25:35,746 INFO sqlalchemy.engine.Engine SELECT schedules.id, schedules.collection_id, schedules.cron_expression, schedules.timezone, schedules.is_active, schedules.next_run_at, schedules.last_run_at, schedules.created_by, schedules.created_at, schedules.updated_at 
FROM schedules 
WHERE schedules.id = $1::UUID
2026-07-08 15:25:35,746 INFO sqlalchemy.engine.Engine [cached since 0.1645s ago] (UUID('019f422e-2197-7cc7-a1ef-f463d0773cee'),)
2026-07-08 15:25:35,747 INFO sqlalchemy.engine.Engine SELECT api_requests.id, api_requests.collection_id, api_requests.name, api_requests.method, api_requests.url, api_requests.headers, api_requests.query_params, api_requests.body, api_requests.order_index, api_requests.timeout_ms, api_requests.extract_rules, api_requests.created_at, api_requests.updated_at 
FROM api_requests 
WHERE api_requests.collection_id = $1::UUID ORDER BY api_requests.order_index, api_requests.created_at
2026-07-08 15:25:35,747 INFO sqlalchemy.engine.Engine [cached since 10.1s ago] (UUID('019f422e-daf9-7e86-86f1-8fa8d1cc17cd'),)
2026-07-08 15:25:35,748 INFO sqlalchemy.engine.Engine SELECT collections.id, collections.project_id, collections.name, collections.description, collections.created_at, collections.updated_at 
FROM collections 
WHERE collections.id = $1::UUID
2026-07-08 15:25:35,748 INFO sqlalchemy.engine.Engine [cached since 10.11s ago] (UUID('019f422e-daf9-7e86-86f1-8fa8d1cc17cd'),)
2026-07-08 15:25:35,748 INFO sqlalchemy.engine.Engine SELECT environment_variables.id, environment_variables.project_id, environment_variables.key, environment_variables.value, environment_variables.is_secret, environment_variables.created_at, environment_variables.updated_at 
FROM environment_variables 
WHERE environment_variables.project_id = $1::UUID ORDER BY environment_variables.key
2026-07-08 15:25:35,748 INFO sqlalchemy.engine.Engine [cached since 0.1747s ago] (UUID('019f422e-daf8-7ef2-a479-da9e2d44227a'),)
2026-07-08 15:25:35,749 INFO sqlalchemy.engine.Engine INSERT INTO test_runs (id, collection_id, initiated_by, status, run_type, started_at, completed_at, total_tasks, completed_tasks, failed_tasks, config) VALUES ($1::UUID, $2::UUID, $3::UUID, $4::test_run_status, $5::test_run_type, $6::TIMESTAMP WITH TIME ZONE, $7::TIMESTAMP WITH TIME ZONE, $8::INTEGER, $9::INTEGER, $10::INTEGER, $11::JSONB) RETURNING test_runs.created_at, test_runs.updated_at
2026-07-08 15:25:35,749 INFO sqlalchemy.engine.Engine [cached since 0.1739s ago] (UUID('019f4255-a085-774a-b25f-1e44e6f037d3'), UUID('019f422e-daf9-7e86-86f1-8fa8d1cc17cd'), UUID('019f422e-daf5-73ee-bc3c-1d0b34a11d87'), 'running', 'scheduled', datetime.datetime(2026, 7, 8, 15, 25, 35, 749160, tzinfo=datetime.timezone.utc), None, 1, 0, 0, '{"environment_variables": {}}')
2026-07-08 15:25:35,750 INFO sqlalchemy.engine.Engine SELECT test_runs.id, test_runs.collection_id, test_runs.initiated_by, test_runs.status, test_runs.run_type, test_runs.started_at, test_runs.completed_at, test_runs.total_tasks, test_runs.completed_tasks, test_runs.failed_tasks, test_runs.config, test_runs.created_at, test_runs.updated_at 
FROM test_runs 
WHERE test_runs.id = $1::UUID
2026-07-08 15:25:35,750 INFO sqlalchemy.engine.Engine [cached since 0.1733s ago] (UUID('019f4255-a085-774a-b25f-1e44e6f037d3'),)
2026-07-08 15:25:35,751 INFO sqlalchemy.engine.Engine INSERT INTO test_tasks (id, test_run_id, api_request_id, sequence_order, data_row_index, data_context, status, retry_count, max_retries, next_retry_at, assigned_worker_id) VALUES ($1::UUID, $2::UUID, $3::UUID, $4::INTEGER, $5::INTEGER, $6::JSONB, $7::test_task_status, $8::INTEGER, $9::INTEGER, $10::TIMESTAMP WITH TIME ZONE, $11::UUID) RETURNING test_tasks.created_at, test_tasks.updated_at
2026-07-08 15:25:35,751 INFO sqlalchemy.engine.Engine [cached since 0.1728s ago] (UUID('019f4255-a087-7c9f-b055-59edf75e77c1'), UUID('019f4255-a085-774a-b25f-1e44e6f037d3'), UUID('019f422e-dafa-71de-b319-7ead2051c7d3'), 0, None, 'null', 'pending', 0, 3, None, None)
2026-07-08 15:25:35,752 INFO sqlalchemy.engine.Engine UPDATE schedules SET next_run_at=$1::TIMESTAMP WITH TIME ZONE, last_run_at=$2::TIMESTAMP WITH TIME ZONE, updated_at=now() WHERE schedules.id = $3::UUID
2026-07-08 15:25:35,752 INFO sqlalchemy.engine.Engine [cached since 0.1711s ago] (datetime.datetime(2026, 7, 8, 15, 26, tzinfo=zoneinfo.ZoneInfo(key='UTC')), datetime.datetime(2026, 7, 8, 15, 25, 35, 752087, tzinfo=datetime.timezone.utc), UUID('019f422e-dafb-767b-9001-7c4d8a8da2d6'))
2026-07-08 15:25:35,752 INFO sqlalchemy.engine.Engine SELECT schedules.id, schedules.collection_id, schedules.cron_expression, schedules.timezone, schedules.is_active, schedules.next_run_at, schedules.last_run_at, schedules.created_by, schedules.created_at, schedules.updated_at 
FROM schedules 
WHERE schedules.id = $1::UUID
2026-07-08 15:25:35,752 INFO sqlalchemy.engine.Engine [cached since 0.1704s ago] (UUID('019f422e-dafb-767b-9001-7c4d8a8da2d6'),)
2026-07-08 15:25:35,753 INFO sqlalchemy.engine.Engine SELECT api_requests.id, api_requests.collection_id, api_requests.name, api_requests.method, api_requests.url, api_requests.headers, api_requests.query_params, api_requests.body, api_requests.order_index, api_requests.timeout_ms, api_requests.extract_rules, api_requests.created_at, api_requests.updated_at 
FROM api_requests 
WHERE api_requests.collection_id = $1::UUID ORDER BY api_requests.order_index, api_requests.created_at
2026-07-08 15:25:35,753 INFO sqlalchemy.engine.Engine [cached since 10.11s ago] (UUID('019f422e-dc8a-71b6-af9c-47aee19a243c'),)
2026-07-08 15:25:35,753 INFO sqlalchemy.engine.Engine SELECT collections.id, collections.project_id, collections.name, collections.description, collections.created_at, collections.updated_at 
FROM collections 
WHERE collections.id = $1::UUID
2026-07-08 15:25:35,753 INFO sqlalchemy.engine.Engine [cached since 10.11s ago] (UUID('019f422e-dc8a-71b6-af9c-47aee19a243c'),)
2026-07-08 15:25:35,754 INFO sqlalchemy.engine.Engine SELECT environment_variables.id, environment_variables.project_id, environment_variables.key, environment_variables.value, environment_variables.is_secret, environment_variables.created_at, environment_variables.updated_at 
FROM environment_variables 
WHERE environment_variables.project_id = $1::UUID ORDER BY environment_variables.key
2026-07-08 15:25:35,754 INFO sqlalchemy.engine.Engine [cached since 0.1802s ago] (UUID('019f422e-dc89-767c-917d-2c34a4a96c77'),)
2026-07-08 15:25:35,755 INFO sqlalchemy.engine.Engine INSERT INTO test_runs (id, collection_id, initiated_by, status, run_type, started_at, completed_at, total_tasks, completed_tasks, failed_tasks, config) VALUES ($1::UUID, $2::UUID, $3::UUID, $4::test_run_status, $5::test_run_type, $6::TIMESTAMP WITH TIME ZONE, $7::TIMESTAMP WITH TIME ZONE, $8::INTEGER, $9::INTEGER, $10::INTEGER, $11::JSONB) RETURNING test_runs.created_at, test_runs.updated_at
2026-07-08 15:25:35,755 INFO sqlalchemy.engine.Engine [cached since 0.1795s ago] (UUID('019f4255-a08a-7ea2-88ba-7214f3560c5e'), UUID('019f422e-dc8a-71b6-af9c-47aee19a243c'), UUID('019f422e-dc86-7c58-bda3-1d1a42b87702'), 'running', 'scheduled', datetime.datetime(2026, 7, 8, 15, 25, 35, 754730, tzinfo=datetime.timezone.utc), None, 1, 0, 0, '{"environment_variables": {}}')
2026-07-08 15:25:35,755 INFO sqlalchemy.engine.Engine SELECT test_runs.id, test_runs.collection_id, test_runs.initiated_by, test_runs.status, test_runs.run_type, test_runs.started_at, test_runs.completed_at, test_runs.total_tasks, test_runs.completed_tasks, test_runs.failed_tasks, test_runs.config, test_runs.created_at, test_runs.updated_at 
FROM test_runs 
WHERE test_runs.id = $1::UUID
2026-07-08 15:25:35,755 INFO sqlalchemy.engine.Engine [cached since 0.1789s ago] (UUID('019f4255-a08a-7ea2-88ba-7214f3560c5e'),)
2026-07-08 15:25:35,756 INFO sqlalchemy.engine.Engine INSERT INTO test_tasks (id, test_run_id, api_request_id, sequence_order, data_row_index, data_context, status, retry_count, max_retries, next_retry_at, assigned_worker_id) VALUES ($1::UUID, $2::UUID, $3::UUID, $4::INTEGER, $5::INTEGER, $6::JSONB, $7::test_task_status, $8::INTEGER, $9::INTEGER, $10::TIMESTAMP WITH TIME ZONE, $11::UUID) RETURNING test_tasks.created_at, test_tasks.updated_at
2026-07-08 15:25:35,756 INFO sqlalchemy.engine.Engine [cached since 0.1784s ago] (UUID('019f4255-a08c-7667-81f6-27b67022c447'), UUID('019f4255-a08a-7ea2-88ba-7214f3560c5e'), UUID('019f422e-dc8b-7559-9efe-3d54dea90a63'), 0, None, 'null', 'pending', 0, 3, None, None)
2026-07-08 15:25:35,757 INFO sqlalchemy.engine.Engine UPDATE schedules SET next_run_at=$1::TIMESTAMP WITH TIME ZONE, last_run_at=$2::TIMESTAMP WITH TIME ZONE, updated_at=now() WHERE schedules.id = $3::UUID
2026-07-08 15:25:35,757 INFO sqlalchemy.engine.Engine [cached since 0.1768s ago] (datetime.datetime(2026, 7, 8, 15, 26, tzinfo=zoneinfo.ZoneInfo(key='UTC')), datetime.datetime(2026, 7, 8, 15, 25, 35, 757746, tzinfo=datetime.timezone.utc), UUID('019f422e-dc8c-7674-bee9-d382a3f03c41'))
2026-07-08 15:25:35,758 INFO sqlalchemy.engine.Engine SELECT schedules.id, schedules.collection_id, schedules.cron_expression, schedules.timezone, schedules.is_active, schedules.next_run_at, schedules.last_run_at, schedules.created_by, schedules.created_at, schedules.updated_at 
FROM schedules 
WHERE schedules.id = $1::UUID
2026-07-08 15:25:35,758 INFO sqlalchemy.engine.Engine [cached since 0.1761s ago] (UUID('019f422e-dc8c-7674-bee9-d382a3f03c41'),)
2026-07-08 15:25:35,759 INFO sqlalchemy.engine.Engine SELECT api_requests.id, api_requests.collection_id, api_requests.name, api_requests.method, api_requests.url, api_requests.headers, api_requests.query_params, api_requests.body, api_requests.order_index, api_requests.timeout_ms, api_requests.extract_rules, api_requests.created_at, api_requests.updated_at 
FROM api_requests 
WHERE api_requests.collection_id = $1::UUID ORDER BY api_requests.order_index, api_requests.created_at
2026-07-08 15:25:35,759 INFO sqlalchemy.engine.Engine [cached since 10.11s ago] (UUID('019f422e-dd12-74d2-919d-563a4856593d'),)
2026-07-08 15:25:35,759 INFO sqlalchemy.engine.Engine UPDATE schedules SET next_run_at=$1::TIMESTAMP WITH TIME ZONE, last_run_at=$2::TIMESTAMP WITH TIME ZONE, updated_at=now() WHERE schedules.id = $3::UUID
2026-07-08 15:25:35,759 INFO sqlalchemy.engine.Engine [cached since 0.1787s ago] (datetime.datetime(2026, 7, 8, 15, 26, tzinfo=zoneinfo.ZoneInfo(key='UTC')), datetime.datetime(2026, 7, 8, 15, 25, 35, 759690, tzinfo=datetime.timezone.utc), UUID('019f422e-dd13-7353-9f4f-1c09078d063b'))
2026-07-08 15:25:35,760 INFO sqlalchemy.engine.Engine SELECT schedules.id, schedules.collection_id, schedules.cron_expression, schedules.timezone, schedules.is_active, schedules.next_run_at, schedules.last_run_at, schedules.created_by, schedules.created_at, schedules.updated_at 
FROM schedules 
WHERE schedules.id = $1::UUID
2026-07-08 15:25:35,760 INFO sqlalchemy.engine.Engine [cached since 0.1781s ago] (UUID('019f422e-dd13-7353-9f4f-1c09078d063b'),)
2026-07-08 15:25:35,760 INFO sqlalchemy.engine.Engine SELECT api_requests.id, api_requests.collection_id, api_requests.name, api_requests.method, api_requests.url, api_requests.headers, api_requests.query_params, api_requests.body, api_requests.order_index, api_requests.timeout_ms, api_requests.extract_rules, api_requests.created_at, api_requests.updated_at 
FROM api_requests 
WHERE api_requests.collection_id = $1::UUID ORDER BY api_requests.order_index, api_requests.created_at
2026-07-08 15:25:35,761 INFO sqlalchemy.engine.Engine [cached since 10.11s ago] (UUID('019f4237-39c5-7322-90b1-d6cd6b139bd5'),)
2026-07-08 15:25:35,761 INFO sqlalchemy.engine.Engine SELECT collections.id, collections.project_id, collections.name, collections.description, collections.created_at, collections.updated_at 
FROM collections 
WHERE collections.id = $1::UUID
2026-07-08 15:25:35,761 INFO sqlalchemy.engine.Engine [cached since 10.12s ago] (UUID('019f4237-39c5-7322-90b1-d6cd6b139bd5'),)
2026-07-08 15:25:35,762 INFO sqlalchemy.engine.Engine SELECT environment_variables.id, environment_variables.project_id, environment_variables.key, environment_variables.value, environment_variables.is_secret, environment_variables.created_at, environment_variables.updated_at 
FROM environment_variables 
WHERE environment_variables.project_id = $1::UUID ORDER BY environment_variables.key
2026-07-08 15:25:35,762 INFO sqlalchemy.engine.Engine [cached since 0.188s ago] (UUID('019f4237-39c4-7ef8-add7-78f9ec5a4274'),)
2026-07-08 15:25:35,762 INFO sqlalchemy.engine.Engine INSERT INTO test_runs (id, collection_id, initiated_by, status, run_type, started_at, completed_at, total_tasks, completed_tasks, failed_tasks, config) VALUES ($1::UUID, $2::UUID, $3::UUID, $4::test_run_status, $5::test_run_type, $6::TIMESTAMP WITH TIME ZONE, $7::TIMESTAMP WITH TIME ZONE, $8::INTEGER, $9::INTEGER, $10::INTEGER, $11::JSONB) RETURNING test_runs.created_at, test_runs.updated_at
2026-07-08 15:25:35,762 INFO sqlalchemy.engine.Engine [cached since 0.1871s ago] (UUID('019f4255-a092-7dbd-896a-e82baed5ef5b'), UUID('019f4237-39c5-7322-90b1-d6cd6b139bd5'), UUID('019f4237-39c1-7b99-9ea1-b8ad787dc9e0'), 'running', 'scheduled', datetime.datetime(2026, 7, 8, 15, 25, 35, 762391, tzinfo=datetime.timezone.utc), None, 1, 0, 0, '{"environment_variables": {}}')
2026-07-08 15:25:35,763 INFO sqlalchemy.engine.Engine SELECT test_runs.id, test_runs.collection_id, test_runs.initiated_by, test_runs.status, test_runs.run_type, test_runs.started_at, test_runs.completed_at, test_runs.total_tasks, test_runs.completed_tasks, test_runs.failed_tasks, test_runs.config, test_runs.created_at, test_runs.updated_at 
FROM test_runs 
WHERE test_runs.id = $1::UUID
2026-07-08 15:25:35,763 INFO sqlalchemy.engine.Engine [cached since 0.1862s ago] (UUID('019f4255-a092-7dbd-896a-e82baed5ef5b'),)
2026-07-08 15:25:35,763 INFO sqlalchemy.engine.Engine INSERT INTO test_tasks (id, test_run_id, api_request_id, sequence_order, data_row_index, data_context, status, retry_count, max_retries, next_retry_at, assigned_worker_id) VALUES ($1::UUID, $2::UUID, $3::UUID, $4::INTEGER, $5::INTEGER, $6::JSONB, $7::test_task_status, $8::INTEGER, $9::INTEGER, $10::TIMESTAMP WITH TIME ZONE, $11::UUID) RETURNING test_tasks.created_at, test_tasks.updated_at
2026-07-08 15:25:35,763 INFO sqlalchemy.engine.Engine [cached since 0.1857s ago] (UUID('019f4255-a093-760a-8331-f8741f52d17c'), UUID('019f4255-a092-7dbd-896a-e82baed5ef5b'), UUID('019f4237-39c6-7fd6-9be4-b210e1c67a85'), 0, None, 'null', 'pending', 0, 3, None, None)
2026-07-08 15:25:35,765 INFO sqlalchemy.engine.Engine UPDATE schedules SET next_run_at=$1::TIMESTAMP WITH TIME ZONE, last_run_at=$2::TIMESTAMP WITH TIME ZONE, updated_at=now() WHERE schedules.id = $3::UUID
2026-07-08 15:25:35,765 INFO sqlalchemy.engine.Engine [cached since 0.1839s ago] (datetime.datetime(2026, 7, 8, 15, 26, tzinfo=zoneinfo.ZoneInfo(key='UTC')), datetime.datetime(2026, 7, 8, 15, 25, 35, 764868, tzinfo=datetime.timezone.utc), UUID('019f4237-39c7-72f1-9cd1-d52e620fb097'))
2026-07-08 15:25:35,765 INFO sqlalchemy.engine.Engine SELECT schedules.id, schedules.collection_id, schedules.cron_expression, schedules.timezone, schedules.is_active, schedules.next_run_at, schedules.last_run_at, schedules.created_by, schedules.created_at, schedules.updated_at 
FROM schedules 
WHERE schedules.id = $1::UUID
2026-07-08 15:25:35,765 INFO sqlalchemy.engine.Engine [cached since 0.1832s ago] (UUID('019f4237-39c7-72f1-9cd1-d52e620fb097'),)
2026-07-08 15:25:35,766 INFO sqlalchemy.engine.Engine SELECT api_requests.id, api_requests.collection_id, api_requests.name, api_requests.method, api_requests.url, api_requests.headers, api_requests.query_params, api_requests.body, api_requests.order_index, api_requests.timeout_ms, api_requests.extract_rules, api_requests.created_at, api_requests.updated_at 
FROM api_requests 
WHERE api_requests.collection_id = $1::UUID ORDER BY api_requests.order_index, api_requests.created_at
2026-07-08 15:25:35,766 INFO sqlalchemy.engine.Engine [cached since 10.12s ago] (UUID('019f4230-9914-77c8-8869-95bbe0031de7'),)
2026-07-08 15:25:35,766 INFO sqlalchemy.engine.Engine SELECT collections.id, collections.project_id, collections.name, collections.description, collections.created_at, collections.updated_at 
FROM collections 
WHERE collections.id = $1::UUID
2026-07-08 15:25:35,766 INFO sqlalchemy.engine.Engine [cached since 10.12s ago] (UUID('019f4230-9914-77c8-8869-95bbe0031de7'),)
2026-07-08 15:25:35,767 INFO sqlalchemy.engine.Engine SELECT environment_variables.id, environment_variables.project_id, environment_variables.key, environment_variables.value, environment_variables.is_secret, environment_variables.created_at, environment_variables.updated_at 
FROM environment_variables 
WHERE environment_variables.project_id = $1::UUID ORDER BY environment_variables.key
2026-07-08 15:25:35,767 INFO sqlalchemy.engine.Engine [cached since 0.1931s ago] (UUID('019f4230-9913-777e-9299-8b91d2cb8bbb'),)
2026-07-08 15:25:35,767 INFO sqlalchemy.engine.Engine INSERT INTO test_runs (id, collection_id, initiated_by, status, run_type, started_at, completed_at, total_tasks, completed_tasks, failed_tasks, config) VALUES ($1::UUID, $2::UUID, $3::UUID, $4::test_run_status, $5::test_run_type, $6::TIMESTAMP WITH TIME ZONE, $7::TIMESTAMP WITH TIME ZONE, $8::INTEGER, $9::INTEGER, $10::INTEGER, $11::JSONB) RETURNING test_runs.created_at, test_runs.updated_at
2026-07-08 15:25:35,767 INFO sqlalchemy.engine.Engine [cached since 0.1923s ago] (UUID('019f4255-a097-7885-9496-c894b8eb9eab'), UUID('019f4230-9914-77c8-8869-95bbe0031de7'), UUID('019f4230-9910-799c-a436-bd2da0c013bf'), 'running', 'scheduled', datetime.datetime(2026, 7, 8, 15, 25, 35, 767546, tzinfo=datetime.timezone.utc), None, 1, 0, 0, '{"environment_variables": {}}')
2026-07-08 15:25:35,768 INFO sqlalchemy.engine.Engine SELECT test_runs.id, test_runs.collection_id, test_runs.initiated_by, test_runs.status, test_runs.run_type, test_runs.started_at, test_runs.completed_at, test_runs.total_tasks, test_runs.completed_tasks, test_runs.failed_tasks, test_runs.config, test_runs.created_at, test_runs.updated_at 
FROM test_runs 
WHERE test_runs.id = $1::UUID
2026-07-08 15:25:35,768 INFO sqlalchemy.engine.Engine [cached since 0.1914s ago] (UUID('019f4255-a097-7885-9496-c894b8eb9eab'),)
2026-07-08 15:25:35,769 INFO sqlalchemy.engine.Engine INSERT INTO test_tasks (id, test_run_id, api_request_id, sequence_order, data_row_index, data_context, status, retry_count, max_retries, next_retry_at, assigned_worker_id) VALUES ($1::UUID, $2::UUID, $3::UUID, $4::INTEGER, $5::INTEGER, $6::JSONB, $7::test_task_status, $8::INTEGER, $9::INTEGER, $10::TIMESTAMP WITH TIME ZONE, $11::UUID) RETURNING test_tasks.created_at, test_tasks.updated_at
2026-07-08 15:25:35,769 INFO sqlalchemy.engine.Engine [cached since 0.1908s ago] (UUID('019f4255-a099-714f-bd7e-b08b5990cac4'), UUID('019f4255-a097-7885-9496-c894b8eb9eab'), UUID('019f4230-9915-72d5-aa42-f5ea715f9b02'), 0, None, 'null', 'pending', 0, 3, None, None)
2026-07-08 15:25:35,770 INFO sqlalchemy.engine.Engine UPDATE schedules SET next_run_at=$1::TIMESTAMP WITH TIME ZONE, last_run_at=$2::TIMESTAMP WITH TIME ZONE, updated_at=now() WHERE schedules.id = $3::UUID
2026-07-08 15:25:35,770 INFO sqlalchemy.engine.Engine [cached since 0.1889s ago] (datetime.datetime(2026, 7, 8, 15, 26, tzinfo=zoneinfo.ZoneInfo(key='UTC')), datetime.datetime(2026, 7, 8, 15, 25, 35, 769884, tzinfo=datetime.timezone.utc), UUID('019f4230-9916-77ae-9d9a-088532e8e6ef'))
2026-07-08 15:25:35,770 INFO sqlalchemy.engine.Engine SELECT schedules.id, schedules.collection_id, schedules.cron_expression, schedules.timezone, schedules.is_active, schedules.next_run_at, schedules.last_run_at, schedules.created_by, schedules.created_at, schedules.updated_at 
FROM schedules 
WHERE schedules.id = $1::UUID
2026-07-08 15:25:35,770 INFO sqlalchemy.engine.Engine [cached since 0.1883s ago] (UUID('019f4230-9916-77ae-9d9a-088532e8e6ef'),)
2026-07-08 15:25:35,771 INFO sqlalchemy.engine.Engine SELECT api_requests.id, api_requests.collection_id, api_requests.name, api_requests.method, api_requests.url, api_requests.headers, api_requests.query_params, api_requests.body, api_requests.order_index, api_requests.timeout_ms, api_requests.extract_rules, api_requests.created_at, api_requests.updated_at 
FROM api_requests 
WHERE api_requests.collection_id = $1::UUID ORDER BY api_requests.order_index, api_requests.created_at
2026-07-08 15:25:35,771 INFO sqlalchemy.engine.Engine [cached since 10.12s ago] (UUID('019f422e-dd94-7f06-9288-5f473af6d9a2'),)
2026-07-08 15:25:35,771 INFO sqlalchemy.engine.Engine SELECT collections.id, collections.project_id, collections.name, collections.description, collections.created_at, collections.updated_at 
FROM collections 
WHERE collections.id = $1::UUID
2026-07-08 15:25:35,771 INFO sqlalchemy.engine.Engine [cached since 10.13s ago] (UUID('019f422e-dd94-7f06-9288-5f473af6d9a2'),)
2026-07-08 15:25:35,772 INFO sqlalchemy.engine.Engine SELECT environment_variables.id, environment_variables.project_id, environment_variables.key, environment_variables.value, environment_variables.is_secret, environment_variables.created_at, environment_variables.updated_at 
FROM environment_variables 
WHERE environment_variables.project_id = $1::UUID ORDER BY environment_variables.key
2026-07-08 15:25:35,772 INFO sqlalchemy.engine.Engine [cached since 0.1987s ago] (UUID('019f422e-dd93-74d3-8e61-49f846f515e1'),)
2026-07-08 15:25:35,773 INFO sqlalchemy.engine.Engine INSERT INTO test_runs (id, collection_id, initiated_by, status, run_type, started_at, completed_at, total_tasks, completed_tasks, failed_tasks, config) VALUES ($1::UUID, $2::UUID, $3::UUID, $4::test_run_status, $5::test_run_type, $6::TIMESTAMP WITH TIME ZONE, $7::TIMESTAMP WITH TIME ZONE, $8::INTEGER, $9::INTEGER, $10::INTEGER, $11::JSONB) RETURNING test_runs.created_at, test_runs.updated_at
2026-07-08 15:25:35,773 INFO sqlalchemy.engine.Engine [cached since 0.198s ago] (UUID('019f4255-a09d-7880-af6f-82648b631d87'), UUID('019f422e-dd94-7f06-9288-5f473af6d9a2'), UUID('019f422e-dd90-77a3-9ea8-4ac131345e3b'), 'running', 'scheduled', datetime.datetime(2026, 7, 8, 15, 25, 35, 773195, tzinfo=datetime.timezone.utc), None, 1, 0, 0, '{"environment_variables": {}}')
2026-07-08 15:25:35,774 INFO sqlalchemy.engine.Engine SELECT test_runs.id, test_runs.collection_id, test_runs.initiated_by, test_runs.status, test_runs.run_type, test_runs.started_at, test_runs.completed_at, test_runs.total_tasks, test_runs.completed_tasks, test_runs.failed_tasks, test_runs.config, test_runs.created_at, test_runs.updated_at 
FROM test_runs 
WHERE test_runs.id = $1::UUID
2026-07-08 15:25:35,774 INFO sqlalchemy.engine.Engine [cached since 0.1972s ago] (UUID('019f4255-a09d-7880-af6f-82648b631d87'),)
2026-07-08 15:25:35,774 INFO sqlalchemy.engine.Engine INSERT INTO test_tasks (id, test_run_id, api_request_id, sequence_order, data_row_index, data_context, status, retry_count, max_retries, next_retry_at, assigned_worker_id) VALUES ($1::UUID, $2::UUID, $3::UUID, $4::INTEGER, $5::INTEGER, $6::JSONB, $7::test_task_status, $8::INTEGER, $9::INTEGER, $10::TIMESTAMP WITH TIME ZONE, $11::UUID) RETURNING test_tasks.created_at, test_tasks.updated_at
2026-07-08 15:25:35,774 INFO sqlalchemy.engine.Engine [cached since 0.1966s ago] (UUID('019f4255-a09e-7afe-97ab-8486d549edaa'), UUID('019f4255-a09d-7880-af6f-82648b631d87'), UUID('019f422e-dd95-7982-8329-a524a8817427'), 0, None, 'null', 'pending', 0, 3, None, None)
2026-07-08 15:25:35,775 INFO sqlalchemy.engine.Engine UPDATE schedules SET next_run_at=$1::TIMESTAMP WITH TIME ZONE, last_run_at=$2::TIMESTAMP WITH TIME ZONE, updated_at=now() WHERE schedules.id = $3::UUID
2026-07-08 15:25:35,776 INFO sqlalchemy.engine.Engine [cached since 0.195s ago] (datetime.datetime(2026, 7, 8, 15, 26, tzinfo=zoneinfo.ZoneInfo(key='UTC')), datetime.datetime(2026, 7, 8, 15, 25, 35, 775841, tzinfo=datetime.timezone.utc), UUID('019f422e-dd96-7d0d-86dd-b96ec6cc4258'))
2026-07-08 15:25:35,776 INFO sqlalchemy.engine.Engine SELECT schedules.id, schedules.collection_id, schedules.cron_expression, schedules.timezone, schedules.is_active, schedules.next_run_at, schedules.last_run_at, schedules.created_by, schedules.created_at, schedules.updated_at 
FROM schedules 
WHERE schedules.id = $1::UUID
2026-07-08 15:25:35,776 INFO sqlalchemy.engine.Engine [cached since 0.1943s ago] (UUID('019f422e-dd96-7d0d-86dd-b96ec6cc4258'),)
2026-07-08 15:25:35,777 INFO sqlalchemy.engine.Engine SELECT api_requests.id, api_requests.collection_id, api_requests.name, api_requests.method, api_requests.url, api_requests.headers, api_requests.query_params, api_requests.body, api_requests.order_index, api_requests.timeout_ms, api_requests.extract_rules, api_requests.created_at, api_requests.updated_at 
FROM api_requests 
WHERE api_requests.collection_id = $1::UUID ORDER BY api_requests.order_index, api_requests.created_at
2026-07-08 15:25:35,777 INFO sqlalchemy.engine.Engine [cached since 10.13s ago] (UUID('019f422e-de0b-7410-9755-048ca595c9a1'),)
2026-07-08 15:25:35,777 INFO sqlalchemy.engine.Engine SELECT collections.id, collections.project_id, collections.name, collections.description, collections.created_at, collections.updated_at 
FROM collections 
WHERE collections.id = $1::UUID
2026-07-08 15:25:35,777 INFO sqlalchemy.engine.Engine [cached since 10.13s ago] (UUID('019f422e-de0b-7410-9755-048ca595c9a1'),)
2026-07-08 15:25:35,778 INFO sqlalchemy.engine.Engine SELECT environment_variables.id, environment_variables.project_id, environment_variables.key, environment_variables.value, environment_variables.is_secret, environment_variables.created_at, environment_variables.updated_at 
FROM environment_variables 
WHERE environment_variables.project_id = $1::UUID ORDER BY environment_variables.key
2026-07-08 15:25:35,778 INFO sqlalchemy.engine.Engine [cached since 0.2041s ago] (UUID('019f422e-de0a-7ea5-85fc-ae30ff2224b3'),)
2026-07-08 15:25:35,778 INFO sqlalchemy.engine.Engine INSERT INTO test_runs (id, collection_id, initiated_by, status, run_type, started_at, completed_at, total_tasks, completed_tasks, failed_tasks, config) VALUES ($1::UUID, $2::UUID, $3::UUID, $4::test_run_status, $5::test_run_type, $6::TIMESTAMP WITH TIME ZONE, $7::TIMESTAMP WITH TIME ZONE, $8::INTEGER, $9::INTEGER, $10::INTEGER, $11::JSONB) RETURNING test_runs.created_at, test_runs.updated_at
2026-07-08 15:25:35,778 INFO sqlalchemy.engine.Engine [cached since 0.2033s ago] (UUID('019f4255-a0a2-701f-a2de-876839a993d6'), UUID('019f422e-de0b-7410-9755-048ca595c9a1'), UUID('019f422e-de07-79a7-b519-786c5442317e'), 'running', 'scheduled', datetime.datetime(2026, 7, 8, 15, 25, 35, 778573, tzinfo=datetime.timezone.utc), None, 1, 0, 0, '{"environment_variables": {}}')
2026-07-08 15:25:35,779 INFO sqlalchemy.engine.Engine SELECT test_runs.id, test_runs.collection_id, test_runs.initiated_by, test_runs.status, test_runs.run_type, test_runs.started_at, test_runs.completed_at, test_runs.total_tasks, test_runs.completed_tasks, test_runs.failed_tasks, test_runs.config, test_runs.created_at, test_runs.updated_at 
FROM test_runs 
WHERE test_runs.id = $1::UUID
2026-07-08 15:25:35,779 INFO sqlalchemy.engine.Engine [cached since 0.2025s ago] (UUID('019f4255-a0a2-701f-a2de-876839a993d6'),)
2026-07-08 15:25:35,780 INFO sqlalchemy.engine.Engine INSERT INTO test_tasks (id, test_run_id, api_request_id, sequence_order, data_row_index, data_context, status, retry_count, max_retries, next_retry_at, assigned_worker_id) VALUES ($1::UUID, $2::UUID, $3::UUID, $4::INTEGER, $5::INTEGER, $6::JSONB, $7::test_task_status, $8::INTEGER, $9::INTEGER, $10::TIMESTAMP WITH TIME ZONE, $11::UUID) RETURNING test_tasks.created_at, test_tasks.updated_at
2026-07-08 15:25:35,780 INFO sqlalchemy.engine.Engine [cached since 0.2018s ago] (UUID('019f4255-a0a4-761f-be20-9a9a1b047ceb'), UUID('019f4255-a0a2-701f-a2de-876839a993d6'), UUID('019f422e-de0c-7855-aa9f-d8bfd8b1104e'), 0, None, 'null', 'pending', 0, 3, None, None)
2026-07-08 15:25:35,781 INFO sqlalchemy.engine.Engine UPDATE schedules SET next_run_at=$1::TIMESTAMP WITH TIME ZONE, last_run_at=$2::TIMESTAMP WITH TIME ZONE, updated_at=now() WHERE schedules.id = $3::UUID
2026-07-08 15:25:35,781 INFO sqlalchemy.engine.Engine [cached since 0.2s ago] (datetime.datetime(2026, 7, 8, 15, 26, tzinfo=zoneinfo.ZoneInfo(key='UTC')), datetime.datetime(2026, 7, 8, 15, 25, 35, 780939, tzinfo=datetime.timezone.utc), UUID('019f422e-de0d-79e5-bad6-8f31150c490f'))
2026-07-08 15:25:35,781 INFO sqlalchemy.engine.Engine SELECT schedules.id, schedules.collection_id, schedules.cron_expression, schedules.timezone, schedules.is_active, schedules.next_run_at, schedules.last_run_at, schedules.created_by, schedules.created_at, schedules.updated_at 
FROM schedules 
WHERE schedules.id = $1::UUID
2026-07-08 15:25:35,781 INFO sqlalchemy.engine.Engine [cached since 0.1992s ago] (UUID('019f422e-de0d-79e5-bad6-8f31150c490f'),)
2026-07-08 15:25:35,782 INFO sqlalchemy.engine.Engine SELECT api_requests.id, api_requests.collection_id, api_requests.name, api_requests.method, api_requests.url, api_requests.headers, api_requests.query_params, api_requests.body, api_requests.order_index, api_requests.timeout_ms, api_requests.extract_rules, api_requests.created_at, api_requests.updated_at 
FROM api_requests 
WHERE api_requests.collection_id = $1::UUID ORDER BY api_requests.order_index, api_requests.created_at
2026-07-08 15:25:35,782 INFO sqlalchemy.engine.Engine [cached since 10.14s ago] (UUID('019f422e-de22-725f-b91e-ec024de603ec'),)
2026-07-08 15:25:35,782 INFO sqlalchemy.engine.Engine SELECT collections.id, collections.project_id, collections.name, collections.description, collections.created_at, collections.updated_at 
FROM collections 
WHERE collections.id = $1::UUID
2026-07-08 15:25:35,782 INFO sqlalchemy.engine.Engine [cached since 10.14s ago] (UUID('019f422e-de22-725f-b91e-ec024de603ec'),)
2026-07-08 15:25:35,783 INFO sqlalchemy.engine.Engine SELECT environment_variables.id, environment_variables.project_id, environment_variables.key, environment_variables.value, environment_variables.is_secret, environment_variables.created_at, environment_variables.updated_at 
FROM environment_variables 
WHERE environment_variables.project_id = $1::UUID ORDER BY environment_variables.key
2026-07-08 15:25:35,783 INFO sqlalchemy.engine.Engine [cached since 0.209s ago] (UUID('019f422e-de21-7333-933c-859bf2c409a9'),)
2026-07-08 15:25:35,783 INFO sqlalchemy.engine.Engine INSERT INTO test_runs (id, collection_id, initiated_by, status, run_type, started_at, completed_at, total_tasks, completed_tasks, failed_tasks, config) VALUES ($1::UUID, $2::UUID, $3::UUID, $4::test_run_status, $5::test_run_type, $6::TIMESTAMP WITH TIME ZONE, $7::TIMESTAMP WITH TIME ZONE, $8::INTEGER, $9::INTEGER, $10::INTEGER, $11::JSONB) RETURNING test_runs.created_at, test_runs.updated_at
2026-07-08 15:25:35,783 INFO sqlalchemy.engine.Engine [cached since 0.2082s ago] (UUID('019f4255-a0a7-76ae-8432-fd4f895fab18'), UUID('019f422e-de22-725f-b91e-ec024de603ec'), UUID('019f422e-de1e-721a-bb79-c30d5cd4327f'), 'running', 'scheduled', datetime.datetime(2026, 7, 8, 15, 25, 35, 783449, tzinfo=datetime.timezone.utc), None, 1, 0, 0, '{"environment_variables": {}}')
2026-07-08 15:25:35,784 INFO sqlalchemy.engine.Engine SELECT test_runs.id, test_runs.collection_id, test_runs.initiated_by, test_runs.status, test_runs.run_type, test_runs.started_at, test_runs.completed_at, test_runs.total_tasks, test_runs.completed_tasks, test_runs.failed_tasks, test_runs.config, test_runs.created_at, test_runs.updated_at 
FROM test_runs 
WHERE test_runs.id = $1::UUID
2026-07-08 15:25:35,784 INFO sqlalchemy.engine.Engine [cached since 0.2073s ago] (UUID('019f4255-a0a7-76ae-8432-fd4f895fab18'),)
2026-07-08 15:25:35,784 INFO sqlalchemy.engine.Engine INSERT INTO test_tasks (id, test_run_id, api_request_id, sequence_order, data_row_index, data_context, status, retry_count, max_retries, next_retry_at, assigned_worker_id) VALUES ($1::UUID, $2::UUID, $3::UUID, $4::INTEGER, $5::INTEGER, $6::JSONB, $7::test_task_status, $8::INTEGER, $9::INTEGER, $10::TIMESTAMP WITH TIME ZONE, $11::UUID) RETURNING test_tasks.created_at, test_tasks.updated_at
2026-07-08 15:25:35,784 INFO sqlalchemy.engine.Engine [cached since 0.2066s ago] (UUID('019f4255-a0a8-74ab-80a2-54507f475506'), UUID('019f4255-a0a7-76ae-8432-fd4f895fab18'), UUID('019f422e-de23-74e1-b6c6-51f342c89289'), 0, None, 'null', 'pending', 0, 3, None, None)
2026-07-08 15:25:35,785 INFO sqlalchemy.engine.Engine UPDATE schedules SET next_run_at=$1::TIMESTAMP WITH TIME ZONE, last_run_at=$2::TIMESTAMP WITH TIME ZONE, updated_at=now() WHERE schedules.id = $3::UUID
2026-07-08 15:25:35,785 INFO sqlalchemy.engine.Engine [cached since 0.2047s ago] (datetime.datetime(2026, 7, 8, 15, 26, tzinfo=zoneinfo.ZoneInfo(key='UTC')), datetime.datetime(2026, 7, 8, 15, 25, 35, 785678, tzinfo=datetime.timezone.utc), UUID('019f422e-de24-7b5f-8feb-980104135984'))
2026-07-08 15:25:35,786 INFO sqlalchemy.engine.Engine SELECT schedules.id, schedules.collection_id, schedules.cron_expression, schedules.timezone, schedules.is_active, schedules.next_run_at, schedules.last_run_at, schedules.created_by, schedules.created_at, schedules.updated_at 
FROM schedules 
WHERE schedules.id = $1::UUID
2026-07-08 15:25:35,786 INFO sqlalchemy.engine.Engine [cached since 0.204s ago] (UUID('019f422e-de24-7b5f-8feb-980104135984'),)
2026-07-08 15:25:35,786 INFO sqlalchemy.engine.Engine SELECT api_requests.id, api_requests.collection_id, api_requests.name, api_requests.method, api_requests.url, api_requests.headers, api_requests.query_params, api_requests.body, api_requests.order_index, api_requests.timeout_ms, api_requests.extract_rules, api_requests.created_at, api_requests.updated_at 
FROM api_requests 
WHERE api_requests.collection_id = $1::UUID ORDER BY api_requests.order_index, api_requests.created_at
2026-07-08 15:25:35,786 INFO sqlalchemy.engine.Engine [cached since 10.14s ago] (UUID('019f4230-9c26-7267-806b-d1a5214b43db'),)
2026-07-08 15:25:35,787 INFO sqlalchemy.engine.Engine SELECT collections.id, collections.project_id, collections.name, collections.description, collections.created_at, collections.updated_at 
FROM collections 
WHERE collections.id = $1::UUID
2026-07-08 15:25:35,787 INFO sqlalchemy.engine.Engine [cached since 10.14s ago] (UUID('019f4230-9c26-7267-806b-d1a5214b43db'),)
2026-07-08 15:25:35,787 INFO sqlalchemy.engine.Engine SELECT environment_variables.id, environment_variables.project_id, environment_variables.key, environment_variables.value, environment_variables.is_secret, environment_variables.created_at, environment_variables.updated_at 
FROM environment_variables 
WHERE environment_variables.project_id = $1::UUID ORDER BY environment_variables.key
2026-07-08 15:25:35,787 INFO sqlalchemy.engine.Engine [cached since 0.2138s ago] (UUID('019f4230-9c25-78db-8898-5950367ec39d'),)
2026-07-08 15:25:35,788 INFO sqlalchemy.engine.Engine INSERT INTO test_runs (id, collection_id, initiated_by, status, run_type, started_at, completed_at, total_tasks, completed_tasks, failed_tasks, config) VALUES ($1::UUID, $2::UUID, $3::UUID, $4::test_run_status, $5::test_run_type, $6::TIMESTAMP WITH TIME ZONE, $7::TIMESTAMP WITH TIME ZONE, $8::INTEGER, $9::INTEGER, $10::INTEGER, $11::JSONB) RETURNING test_runs.created_at, test_runs.updated_at
2026-07-08 15:25:35,788 INFO sqlalchemy.engine.Engine [cached since 0.2129s ago] (UUID('019f4255-a0ac-7ce9-8f81-e2d85fdeaa6d'), UUID('019f4230-9c26-7267-806b-d1a5214b43db'), UUID('019f4230-9c21-7ea3-86cd-23c7b91d224f'), 'running', 'scheduled', datetime.datetime(2026, 7, 8, 15, 25, 35, 788162, tzinfo=datetime.timezone.utc), None, 1, 0, 0, '{"environment_variables": {}}')
2026-07-08 15:25:35,788 INFO sqlalchemy.engine.Engine SELECT test_runs.id, test_runs.collection_id, test_runs.initiated_by, test_runs.status, test_runs.run_type, test_runs.started_at, test_runs.completed_at, test_runs.total_tasks, test_runs.completed_tasks, test_runs.failed_tasks, test_runs.config, test_runs.created_at, test_runs.updated_at 
FROM test_runs 
WHERE test_runs.id = $1::UUID
2026-07-08 15:25:35,789 INFO sqlalchemy.engine.Engine [cached since 0.212s ago] (UUID('019f4255-a0ac-7ce9-8f81-e2d85fdeaa6d'),)
2026-07-08 15:25:35,789 INFO sqlalchemy.engine.Engine INSERT INTO test_tasks (id, test_run_id, api_request_id, sequence_order, data_row_index, data_context, status, retry_count, max_retries, next_retry_at, assigned_worker_id) VALUES ($1::UUID, $2::UUID, $3::UUID, $4::INTEGER, $5::INTEGER, $6::JSONB, $7::test_task_status, $8::INTEGER, $9::INTEGER, $10::TIMESTAMP WITH TIME ZONE, $11::UUID) RETURNING test_tasks.created_at, test_tasks.updated_at
2026-07-08 15:25:35,789 INFO sqlalchemy.engine.Engine [cached since 0.2113s ago] (UUID('019f4255-a0ad-78e2-b151-8fd90296a985'), UUID('019f4255-a0ac-7ce9-8f81-e2d85fdeaa6d'), UUID('019f4230-9c27-7a93-a990-a33af0d37fd4'), 0, None, 'null', 'pending', 0, 3, None, None)
2026-07-08 15:25:35,791 INFO sqlalchemy.engine.Engine UPDATE schedules SET next_run_at=$1::TIMESTAMP WITH TIME ZONE, last_run_at=$2::TIMESTAMP WITH TIME ZONE, updated_at=now() WHERE schedules.id = $3::UUID
2026-07-08 15:25:35,791 INFO sqlalchemy.engine.Engine [cached since 0.2101s ago] (datetime.datetime(2026, 7, 8, 15, 26, tzinfo=zoneinfo.ZoneInfo(key='UTC')), datetime.datetime(2026, 7, 8, 15, 25, 35, 790997, tzinfo=datetime.timezone.utc), UUID('019f4230-9c28-7292-8b00-4a7f872e7e82'))
2026-07-08 15:25:35,791 INFO sqlalchemy.engine.Engine SELECT schedules.id, schedules.collection_id, schedules.cron_expression, schedules.timezone, schedules.is_active, schedules.next_run_at, schedules.last_run_at, schedules.created_by, schedules.created_at, schedules.updated_at 
FROM schedules 
WHERE schedules.id = $1::UUID
2026-07-08 15:25:35,791 INFO sqlalchemy.engine.Engine [cached since 0.2095s ago] (UUID('019f4230-9c28-7292-8b00-4a7f872e7e82'),)
2026-07-08 15:25:35,792 INFO sqlalchemy.engine.Engine SELECT api_requests.id, api_requests.collection_id, api_requests.name, api_requests.method, api_requests.url, api_requests.headers, api_requests.query_params, api_requests.body, api_requests.order_index, api_requests.timeout_ms, api_requests.extract_rules, api_requests.created_at, api_requests.updated_at 
FROM api_requests 
WHERE api_requests.collection_id = $1::UUID ORDER BY api_requests.order_index, api_requests.created_at
2026-07-08 15:25:35,792 INFO sqlalchemy.engine.Engine [cached since 10.15s ago] (UUID('019f4230-9cbc-7056-8bae-1a46232ca229'),)
2026-07-08 15:25:35,793 INFO sqlalchemy.engine.Engine UPDATE schedules SET next_run_at=$1::TIMESTAMP WITH TIME ZONE, last_run_at=$2::TIMESTAMP WITH TIME ZONE, updated_at=now() WHERE schedules.id = $3::UUID
2026-07-08 15:25:35,793 INFO sqlalchemy.engine.Engine [cached since 0.2121s ago] (datetime.datetime(2026, 7, 8, 15, 26, tzinfo=zoneinfo.ZoneInfo(key='UTC')), datetime.datetime(2026, 7, 8, 15, 25, 35, 793031, tzinfo=datetime.timezone.utc), UUID('019f4230-9cbe-7102-93d1-7413a0d4e943'))
2026-07-08 15:25:35,793 INFO sqlalchemy.engine.Engine SELECT schedules.id, schedules.collection_id, schedules.cron_expression, schedules.timezone, schedules.is_active, schedules.next_run_at, schedules.last_run_at, schedules.created_by, schedules.created_at, schedules.updated_at 
FROM schedules 
WHERE schedules.id = $1::UUID
2026-07-08 15:25:35,793 INFO sqlalchemy.engine.Engine [cached since 0.2113s ago] (UUID('019f4230-9cbe-7102-93d1-7413a0d4e943'),)
2026-07-08 15:25:35,794 INFO sqlalchemy.engine.Engine SELECT api_requests.id, api_requests.collection_id, api_requests.name, api_requests.method, api_requests.url, api_requests.headers, api_requests.query_params, api_requests.body, api_requests.order_index, api_requests.timeout_ms, api_requests.extract_rules, api_requests.created_at, api_requests.updated_at 
FROM api_requests 
WHERE api_requests.collection_id = $1::UUID ORDER BY api_requests.order_index, api_requests.created_at
2026-07-08 15:25:35,794 INFO sqlalchemy.engine.Engine [cached since 10.15s ago] (UUID('019f4231-79ae-7598-a7e4-69bad935a3bf'),)
2026-07-08 15:25:35,794 INFO sqlalchemy.engine.Engine SELECT collections.id, collections.project_id, collections.name, collections.description, collections.created_at, collections.updated_at 
FROM collections 
WHERE collections.id = $1::UUID
2026-07-08 15:25:35,794 INFO sqlalchemy.engine.Engine [cached since 10.15s ago] (UUID('019f4231-79ae-7598-a7e4-69bad935a3bf'),)
2026-07-08 15:25:35,795 INFO sqlalchemy.engine.Engine SELECT environment_variables.id, environment_variables.project_id, environment_variables.key, environment_variables.value, environment_variables.is_secret, environment_variables.created_at, environment_variables.updated_at 
FROM environment_variables 
WHERE environment_variables.project_id = $1::UUID ORDER BY environment_variables.key
2026-07-08 15:25:35,795 INFO sqlalchemy.engine.Engine [cached since 0.2212s ago] (UUID('019f4231-79ad-7e20-b365-6e46d3ed6d70'),)
2026-07-08 15:25:35,795 INFO sqlalchemy.engine.Engine INSERT INTO test_runs (id, collection_id, initiated_by, status, run_type, started_at, completed_at, total_tasks, completed_tasks, failed_tasks, config) VALUES ($1::UUID, $2::UUID, $3::UUID, $4::test_run_status, $5::test_run_type, $6::TIMESTAMP WITH TIME ZONE, $7::TIMESTAMP WITH TIME ZONE, $8::INTEGER, $9::INTEGER, $10::INTEGER, $11::JSONB) RETURNING test_runs.created_at, test_runs.updated_at
2026-07-08 15:25:35,795 INFO sqlalchemy.engine.Engine [cached since 0.2204s ago] (UUID('019f4255-a0b3-7d90-b3bd-8f7d3304f996'), UUID('019f4231-79ae-7598-a7e4-69bad935a3bf'), UUID('019f4231-79aa-7b06-93f4-7261ad562ac0'), 'running', 'scheduled', datetime.datetime(2026, 7, 8, 15, 25, 35, 795658, tzinfo=datetime.timezone.utc), None, 1, 0, 0, '{"environment_variables": {}}')
2026-07-08 15:25:35,796 INFO sqlalchemy.engine.Engine SELECT test_runs.id, test_runs.collection_id, test_runs.initiated_by, test_runs.status, test_runs.run_type, test_runs.started_at, test_runs.completed_at, test_runs.total_tasks, test_runs.completed_tasks, test_runs.failed_tasks, test_runs.config, test_runs.created_at, test_runs.updated_at 
FROM test_runs 
WHERE test_runs.id = $1::UUID
2026-07-08 15:25:35,796 INFO sqlalchemy.engine.Engine [cached since 0.2195s ago] (UUID('019f4255-a0b3-7d90-b3bd-8f7d3304f996'),)
2026-07-08 15:25:35,797 INFO sqlalchemy.engine.Engine INSERT INTO test_tasks (id, test_run_id, api_request_id, sequence_order, data_row_index, data_context, status, retry_count, max_retries, next_retry_at, assigned_worker_id) VALUES ($1::UUID, $2::UUID, $3::UUID, $4::INTEGER, $5::INTEGER, $6::JSONB, $7::test_task_status, $8::INTEGER, $9::INTEGER, $10::TIMESTAMP WITH TIME ZONE, $11::UUID) RETURNING test_tasks.created_at, test_tasks.updated_at
2026-07-08 15:25:35,797 INFO sqlalchemy.engine.Engine [cached since 0.2189s ago] (UUID('019f4255-a0b5-7b45-a2c9-99d17453ee0c'), UUID('019f4255-a0b3-7d90-b3bd-8f7d3304f996'), UUID('019f4231-79af-7b1b-8481-9b20af0a2529'), 0, None, 'null', 'pending', 0, 3, None, None)
2026-07-08 15:25:35,798 INFO sqlalchemy.engine.Engine UPDATE schedules SET next_run_at=$1::TIMESTAMP WITH TIME ZONE, last_run_at=$2::TIMESTAMP WITH TIME ZONE, updated_at=now() WHERE schedules.id = $3::UUID
2026-07-08 15:25:35,798 INFO sqlalchemy.engine.Engine [cached since 0.2171s ago] (datetime.datetime(2026, 7, 8, 15, 26, tzinfo=zoneinfo.ZoneInfo(key='UTC')), datetime.datetime(2026, 7, 8, 15, 25, 35, 798019, tzinfo=datetime.timezone.utc), UUID('019f4231-79b0-72ee-a3f5-ed07cfd9f21f'))
2026-07-08 15:25:35,798 INFO sqlalchemy.engine.Engine SELECT schedules.id, schedules.collection_id, schedules.cron_expression, schedules.timezone, schedules.is_active, schedules.next_run_at, schedules.last_run_at, schedules.created_by, schedules.created_at, schedules.updated_at 
FROM schedules 
WHERE schedules.id = $1::UUID
2026-07-08 15:25:35,798 INFO sqlalchemy.engine.Engine [cached since 0.2163s ago] (UUID('019f4231-79b0-72ee-a3f5-ed07cfd9f21f'),)
2026-07-08 15:25:35,799 INFO sqlalchemy.engine.Engine SELECT api_requests.id, api_requests.collection_id, api_requests.name, api_requests.method, api_requests.url, api_requests.headers, api_requests.query_params, api_requests.body, api_requests.order_index, api_requests.timeout_ms, api_requests.extract_rules, api_requests.created_at, api_requests.updated_at 
FROM api_requests 
WHERE api_requests.collection_id = $1::UUID ORDER BY api_requests.order_index, api_requests.created_at
2026-07-08 15:25:35,799 INFO sqlalchemy.engine.Engine [cached since 10.15s ago] (UUID('019f4231-7e37-77a5-b24c-d5e82b9a44bc'),)
2026-07-08 15:25:35,799 INFO sqlalchemy.engine.Engine SELECT collections.id, collections.project_id, collections.name, collections.description, collections.created_at, collections.updated_at 
FROM collections 
WHERE collections.id = $1::UUID
2026-07-08 15:25:35,799 INFO sqlalchemy.engine.Engine [cached since 10.16s ago] (UUID('019f4231-7e37-77a5-b24c-d5e82b9a44bc'),)
2026-07-08 15:25:35,800 INFO sqlalchemy.engine.Engine SELECT environment_variables.id, environment_variables.project_id, environment_variables.key, environment_variables.value, environment_variables.is_secret, environment_variables.created_at, environment_variables.updated_at 
FROM environment_variables 
WHERE environment_variables.project_id = $1::UUID ORDER BY environment_variables.key
2026-07-08 15:25:35,800 INFO sqlalchemy.engine.Engine [cached since 0.2261s ago] (UUID('019f4231-7e36-7413-bde4-366043b8e9a5'),)
2026-07-08 15:25:35,800 INFO sqlalchemy.engine.Engine INSERT INTO test_runs (id, collection_id, initiated_by, status, run_type, started_at, completed_at, total_tasks, completed_tasks, failed_tasks, config) VALUES ($1::UUID, $2::UUID, $3::UUID, $4::test_run_status, $5::test_run_type, $6::TIMESTAMP WITH TIME ZONE, $7::TIMESTAMP WITH TIME ZONE, $8::INTEGER, $9::INTEGER, $10::INTEGER, $11::JSONB) RETURNING test_runs.created_at, test_runs.updated_at
2026-07-08 15:25:35,800 INFO sqlalchemy.engine.Engine [cached since 0.2253s ago] (UUID('019f4255-a0b8-73ff-b21b-255dbe14ccd6'), UUID('019f4231-7e37-77a5-b24c-d5e82b9a44bc'), UUID('019f4231-7e33-745f-92a7-906717e5df88'), 'running', 'scheduled', datetime.datetime(2026, 7, 8, 15, 25, 35, 800550, tzinfo=datetime.timezone.utc), None, 1, 0, 0, '{"environment_variables": {}}')
2026-07-08 15:25:35,801 INFO sqlalchemy.engine.Engine SELECT test_runs.id, test_runs.collection_id, test_runs.initiated_by, test_runs.status, test_runs.run_type, test_runs.started_at, test_runs.completed_at, test_runs.total_tasks, test_runs.completed_tasks, test_runs.failed_tasks, test_runs.config, test_runs.created_at, test_runs.updated_at 
FROM test_runs 
WHERE test_runs.id = $1::UUID
2026-07-08 15:25:35,801 INFO sqlalchemy.engine.Engine [cached since 0.2244s ago] (UUID('019f4255-a0b8-73ff-b21b-255dbe14ccd6'),)
2026-07-08 15:25:35,802 INFO sqlalchemy.engine.Engine INSERT INTO test_tasks (id, test_run_id, api_request_id, sequence_order, data_row_index, data_context, status, retry_count, max_retries, next_retry_at, assigned_worker_id) VALUES ($1::UUID, $2::UUID, $3::UUID, $4::INTEGER, $5::INTEGER, $6::JSONB, $7::test_task_status, $8::INTEGER, $9::INTEGER, $10::TIMESTAMP WITH TIME ZONE, $11::UUID) RETURNING test_tasks.created_at, test_tasks.updated_at
2026-07-08 15:25:35,802 INFO sqlalchemy.engine.Engine [cached since 0.2238s ago] (UUID('019f4255-a0ba-7d10-b389-54593204561b'), UUID('019f4255-a0b8-73ff-b21b-255dbe14ccd6'), UUID('019f4231-7e38-7a2c-a9f7-ffe7fc5ee6ce'), 0, None, 'null', 'pending', 0, 3, None, None)
2026-07-08 15:25:35,803 INFO sqlalchemy.engine.Engine UPDATE schedules SET next_run_at=$1::TIMESTAMP WITH TIME ZONE, last_run_at=$2::TIMESTAMP WITH TIME ZONE, updated_at=now() WHERE schedules.id = $3::UUID
2026-07-08 15:25:35,803 INFO sqlalchemy.engine.Engine [cached since 0.222s ago] (datetime.datetime(2026, 7, 8, 15, 26, tzinfo=zoneinfo.ZoneInfo(key='UTC')), datetime.datetime(2026, 7, 8, 15, 25, 35, 802937, tzinfo=datetime.timezone.utc), UUID('019f4231-7e39-7647-9cde-882ce877f206'))
2026-07-08 15:25:35,803 INFO sqlalchemy.engine.Engine SELECT schedules.id, schedules.collection_id, schedules.cron_expression, schedules.timezone, schedules.is_active, schedules.next_run_at, schedules.last_run_at, schedules.created_by, schedules.created_at, schedules.updated_at 
FROM schedules 
WHERE schedules.id = $1::UUID
2026-07-08 15:25:35,803 INFO sqlalchemy.engine.Engine [cached since 0.2212s ago] (UUID('019f4231-7e39-7647-9cde-882ce877f206'),)
2026-07-08 15:25:35,804 INFO sqlalchemy.engine.Engine SELECT api_requests.id, api_requests.collection_id, api_requests.name, api_requests.method, api_requests.url, api_requests.headers, api_requests.query_params, api_requests.body, api_requests.order_index, api_requests.timeout_ms, api_requests.extract_rules, api_requests.created_at, api_requests.updated_at 
FROM api_requests 
WHERE api_requests.collection_id = $1::UUID ORDER BY api_requests.order_index, api_requests.created_at
2026-07-08 15:25:35,804 INFO sqlalchemy.engine.Engine [cached since 10.16s ago] (UUID('019f4231-7eb8-7a34-85d6-d2dfc6240096'),)
2026-07-08 15:25:35,804 INFO sqlalchemy.engine.Engine UPDATE schedules SET next_run_at=$1::TIMESTAMP WITH TIME ZONE, last_run_at=$2::TIMESTAMP WITH TIME ZONE, updated_at=now() WHERE schedules.id = $3::UUID
2026-07-08 15:25:35,804 INFO sqlalchemy.engine.Engine [cached since 0.2237s ago] (datetime.datetime(2026, 7, 8, 15, 26, tzinfo=zoneinfo.ZoneInfo(key='UTC')), datetime.datetime(2026, 7, 8, 15, 25, 35, 804613, tzinfo=datetime.timezone.utc), UUID('019f4231-7eb9-7069-9f40-474fcebe182b'))
2026-07-08 15:25:35,805 INFO sqlalchemy.engine.Engine SELECT schedules.id, schedules.collection_id, schedules.cron_expression, schedules.timezone, schedules.is_active, schedules.next_run_at, schedules.last_run_at, schedules.created_by, schedules.created_at, schedules.updated_at 
FROM schedules 
WHERE schedules.id = $1::UUID
2026-07-08 15:25:35,805 INFO sqlalchemy.engine.Engine [cached since 0.2229s ago] (UUID('019f4231-7eb9-7069-9f40-474fcebe182b'),)
2026-07-08 15:25:35,805 INFO sqlalchemy.engine.Engine SELECT api_requests.id, api_requests.collection_id, api_requests.name, api_requests.method, api_requests.url, api_requests.headers, api_requests.query_params, api_requests.body, api_requests.order_index, api_requests.timeout_ms, api_requests.extract_rules, api_requests.created_at, api_requests.updated_at 
FROM api_requests 
WHERE api_requests.collection_id = $1::UUID ORDER BY api_requests.order_index, api_requests.created_at
2026-07-08 15:25:35,805 INFO sqlalchemy.engine.Engine [cached since 10.16s ago] (UUID('019f4231-7f3a-7c63-b07d-685b1212cf8b'),)
2026-07-08 15:25:35,806 INFO sqlalchemy.engine.Engine SELECT collections.id, collections.project_id, collections.name, collections.description, collections.created_at, collections.updated_at 
FROM collections 
WHERE collections.id = $1::UUID
2026-07-08 15:25:35,806 INFO sqlalchemy.engine.Engine [cached since 10.16s ago] (UUID('019f4231-7f3a-7c63-b07d-685b1212cf8b'),)
2026-07-08 15:25:35,806 INFO sqlalchemy.engine.Engine SELECT environment_variables.id, environment_variables.project_id, environment_variables.key, environment_variables.value, environment_variables.is_secret, environment_variables.created_at, environment_variables.updated_at 
FROM environment_variables 
WHERE environment_variables.project_id = $1::UUID ORDER BY environment_variables.key
2026-07-08 15:25:35,806 INFO sqlalchemy.engine.Engine [cached since 0.2327s ago] (UUID('019f4231-7f39-728d-8d44-b4a8bf8a8b8c'),)
2026-07-08 15:25:35,807 INFO sqlalchemy.engine.Engine INSERT INTO test_runs (id, collection_id, initiated_by, status, run_type, started_at, completed_at, total_tasks, completed_tasks, failed_tasks, config) VALUES ($1::UUID, $2::UUID, $3::UUID, $4::test_run_status, $5::test_run_type, $6::TIMESTAMP WITH TIME ZONE, $7::TIMESTAMP WITH TIME ZONE, $8::INTEGER, $9::INTEGER, $10::INTEGER, $11::JSONB) RETURNING test_runs.created_at, test_runs.updated_at
2026-07-08 15:25:35,807 INFO sqlalchemy.engine.Engine [cached since 0.2321s ago] (UUID('019f4255-a0bf-775b-a4ed-6a7d8bf7f2f7'), UUID('019f4231-7f3a-7c63-b07d-685b1212cf8b'), UUID('019f4231-7f36-7323-a7bb-31d319460e13'), 'running', 'scheduled', datetime.datetime(2026, 7, 8, 15, 25, 35, 807164, tzinfo=datetime.timezone.utc), None, 1, 0, 0, '{"environment_variables": {}}')
2026-07-08 15:25:35,808 INFO sqlalchemy.engine.Engine SELECT test_runs.id, test_runs.collection_id, test_runs.initiated_by, test_runs.status, test_runs.run_type, test_runs.started_at, test_runs.completed_at, test_runs.total_tasks, test_runs.completed_tasks, test_runs.failed_tasks, test_runs.config, test_runs.created_at, test_runs.updated_at 
FROM test_runs 
WHERE test_runs.id = $1::UUID
2026-07-08 15:25:35,808 INFO sqlalchemy.engine.Engine [cached since 0.2314s ago] (UUID('019f4255-a0bf-775b-a4ed-6a7d8bf7f2f7'),)
2026-07-08 15:25:35,809 INFO sqlalchemy.engine.Engine INSERT INTO test_tasks (id, test_run_id, api_request_id, sequence_order, data_row_index, data_context, status, retry_count, max_retries, next_retry_at, assigned_worker_id) VALUES ($1::UUID, $2::UUID, $3::UUID, $4::INTEGER, $5::INTEGER, $6::JSONB, $7::test_task_status, $8::INTEGER, $9::INTEGER, $10::TIMESTAMP WITH TIME ZONE, $11::UUID) RETURNING test_tasks.created_at, test_tasks.updated_at
2026-07-08 15:25:35,809 INFO sqlalchemy.engine.Engine [cached since 0.2308s ago] (UUID('019f4255-a0c1-7c48-ba3a-a4d413100720'), UUID('019f4255-a0bf-775b-a4ed-6a7d8bf7f2f7'), UUID('019f4231-7f3b-742a-828b-7c0ea4120e36'), 0, None, 'null', 'pending', 0, 3, None, None)
2026-07-08 15:25:35,810 INFO sqlalchemy.engine.Engine UPDATE schedules SET next_run_at=$1::TIMESTAMP WITH TIME ZONE, last_run_at=$2::TIMESTAMP WITH TIME ZONE, updated_at=now() WHERE schedules.id = $3::UUID
2026-07-08 15:25:35,810 INFO sqlalchemy.engine.Engine [cached since 0.2292s ago] (datetime.datetime(2026, 7, 8, 15, 26, tzinfo=zoneinfo.ZoneInfo(key='UTC')), datetime.datetime(2026, 7, 8, 15, 25, 35, 810132, tzinfo=datetime.timezone.utc), UUID('019f4231-7f3c-76ce-b5d3-074467e9ba49'))
2026-07-08 15:25:35,810 INFO sqlalchemy.engine.Engine SELECT schedules.id, schedules.collection_id, schedules.cron_expression, schedules.timezone, schedules.is_active, schedules.next_run_at, schedules.last_run_at, schedules.created_by, schedules.created_at, schedules.updated_at 
FROM schedules 
WHERE schedules.id = $1::UUID
2026-07-08 15:25:35,810 INFO sqlalchemy.engine.Engine [cached since 0.2285s ago] (UUID('019f4231-7f3c-76ce-b5d3-074467e9ba49'),)
2026-07-08 15:25:35,811 INFO sqlalchemy.engine.Engine SELECT api_requests.id, api_requests.collection_id, api_requests.name, api_requests.method, api_requests.url, api_requests.headers, api_requests.query_params, api_requests.body, api_requests.order_index, api_requests.timeout_ms, api_requests.extract_rules, api_requests.created_at, api_requests.updated_at 
FROM api_requests 
WHERE api_requests.collection_id = $1::UUID ORDER BY api_requests.order_index, api_requests.created_at
2026-07-08 15:25:35,811 INFO sqlalchemy.engine.Engine [cached since 10.17s ago] (UUID('019f4231-82b5-73d1-a758-11e9e424958e'),)
2026-07-08 15:25:35,811 INFO sqlalchemy.engine.Engine SELECT collections.id, collections.project_id, collections.name, collections.description, collections.created_at, collections.updated_at 
FROM collections 
WHERE collections.id = $1::UUID
2026-07-08 15:25:35,812 INFO sqlalchemy.engine.Engine [cached since 10.17s ago] (UUID('019f4231-82b5-73d1-a758-11e9e424958e'),)
2026-07-08 15:25:35,812 INFO sqlalchemy.engine.Engine SELECT environment_variables.id, environment_variables.project_id, environment_variables.key, environment_variables.value, environment_variables.is_secret, environment_variables.created_at, environment_variables.updated_at 
FROM environment_variables 
WHERE environment_variables.project_id = $1::UUID ORDER BY environment_variables.key
2026-07-08 15:25:35,812 INFO sqlalchemy.engine.Engine [cached since 0.2383s ago] (UUID('019f4231-82b4-7da7-8a10-85850c2678dd'),)
2026-07-08 15:25:35,812 INFO sqlalchemy.engine.Engine INSERT INTO test_runs (id, collection_id, initiated_by, status, run_type, started_at, completed_at, total_tasks, completed_tasks, failed_tasks, config) VALUES ($1::UUID, $2::UUID, $3::UUID, $4::test_run_status, $5::test_run_type, $6::TIMESTAMP WITH TIME ZONE, $7::TIMESTAMP WITH TIME ZONE, $8::INTEGER, $9::INTEGER, $10::INTEGER, $11::JSONB) RETURNING test_runs.created_at, test_runs.updated_at
2026-07-08 15:25:35,813 INFO sqlalchemy.engine.Engine [cached since 0.2375s ago] (UUID('019f4255-a0c4-73c1-91ba-3efe23138371'), UUID('019f4231-82b5-73d1-a758-11e9e424958e'), UUID('019f4231-82b0-72c5-980b-cfd020b1055d'), 'running', 'scheduled', datetime.datetime(2026, 7, 8, 15, 25, 35, 812764, tzinfo=datetime.timezone.utc), None, 1, 0, 0, '{"environment_variables": {}}')
2026-07-08 15:25:35,813 INFO sqlalchemy.engine.Engine SELECT test_runs.id, test_runs.collection_id, test_runs.initiated_by, test_runs.status, test_runs.run_type, test_runs.started_at, test_runs.completed_at, test_runs.total_tasks, test_runs.completed_tasks, test_runs.failed_tasks, test_runs.config, test_runs.created_at, test_runs.updated_at 
FROM test_runs 
WHERE test_runs.id = $1::UUID
2026-07-08 15:25:35,813 INFO sqlalchemy.engine.Engine [cached since 0.2365s ago] (UUID('019f4255-a0c4-73c1-91ba-3efe23138371'),)
2026-07-08 15:25:35,814 INFO sqlalchemy.engine.Engine INSERT INTO test_tasks (id, test_run_id, api_request_id, sequence_order, data_row_index, data_context, status, retry_count, max_retries, next_retry_at, assigned_worker_id) VALUES ($1::UUID, $2::UUID, $3::UUID, $4::INTEGER, $5::INTEGER, $6::JSONB, $7::test_task_status, $8::INTEGER, $9::INTEGER, $10::TIMESTAMP WITH TIME ZONE, $11::UUID) RETURNING test_tasks.created_at, test_tasks.updated_at
2026-07-08 15:25:35,814 INFO sqlalchemy.engine.Engine [cached since 0.2358s ago] (UUID('019f4255-a0c6-76ee-88a9-132501ba80ab'), UUID('019f4255-a0c4-73c1-91ba-3efe23138371'), UUID('019f4231-82b6-7604-bd47-c0ac93f4bf4c'), 0, None, 'null', 'pending', 0, 3, None, None)
2026-07-08 15:25:35,815 INFO sqlalchemy.engine.Engine UPDATE schedules SET next_run_at=$1::TIMESTAMP WITH TIME ZONE, last_run_at=$2::TIMESTAMP WITH TIME ZONE, updated_at=now() WHERE schedules.id = $3::UUID
2026-07-08 15:25:35,815 INFO sqlalchemy.engine.Engine [cached since 0.234s ago] (datetime.datetime(2026, 7, 8, 15, 26, tzinfo=zoneinfo.ZoneInfo(key='UTC')), datetime.datetime(2026, 7, 8, 15, 25, 35, 814947, tzinfo=datetime.timezone.utc), UUID('019f4231-82b7-7692-9598-edfb3f35fac5'))
2026-07-08 15:25:35,815 INFO sqlalchemy.engine.Engine SELECT schedules.id, schedules.collection_id, schedules.cron_expression, schedules.timezone, schedules.is_active, schedules.next_run_at, schedules.last_run_at, schedules.created_by, schedules.created_at, schedules.updated_at 
FROM schedules 
WHERE schedules.id = $1::UUID
2026-07-08 15:25:35,815 INFO sqlalchemy.engine.Engine [cached since 0.2333s ago] (UUID('019f4231-82b7-7692-9598-edfb3f35fac5'),)
2026-07-08 15:25:35,816 INFO sqlalchemy.engine.Engine SELECT api_requests.id, api_requests.collection_id, api_requests.name, api_requests.method, api_requests.url, api_requests.headers, api_requests.query_params, api_requests.body, api_requests.order_index, api_requests.timeout_ms, api_requests.extract_rules, api_requests.created_at, api_requests.updated_at 
FROM api_requests 
WHERE api_requests.collection_id = $1::UUID ORDER BY api_requests.order_index, api_requests.created_at
2026-07-08 15:25:35,816 INFO sqlalchemy.engine.Engine [cached since 10.17s ago] (UUID('019f4231-7fb2-749f-8f62-54bb2445cb18'),)
2026-07-08 15:25:35,816 INFO sqlalchemy.engine.Engine SELECT collections.id, collections.project_id, collections.name, collections.description, collections.created_at, collections.updated_at 
FROM collections 
WHERE collections.id = $1::UUID
2026-07-08 15:25:35,816 INFO sqlalchemy.engine.Engine [cached since 10.17s ago] (UUID('019f4231-7fb2-749f-8f62-54bb2445cb18'),)
2026-07-08 15:25:35,817 INFO sqlalchemy.engine.Engine SELECT environment_variables.id, environment_variables.project_id, environment_variables.key, environment_variables.value, environment_variables.is_secret, environment_variables.created_at, environment_variables.updated_at 
FROM environment_variables 
WHERE environment_variables.project_id = $1::UUID ORDER BY environment_variables.key
2026-07-08 15:25:35,817 INFO sqlalchemy.engine.Engine [cached since 0.243s ago] (UUID('019f4231-7fb1-7fb9-9a84-d57b45ccd7ae'),)
2026-07-08 15:25:35,817 INFO sqlalchemy.engine.Engine INSERT INTO test_runs (id, collection_id, initiated_by, status, run_type, started_at, completed_at, total_tasks, completed_tasks, failed_tasks, config) VALUES ($1::UUID, $2::UUID, $3::UUID, $4::test_run_status, $5::test_run_type, $6::TIMESTAMP WITH TIME ZONE, $7::TIMESTAMP WITH TIME ZONE, $8::INTEGER, $9::INTEGER, $10::INTEGER, $11::JSONB) RETURNING test_runs.created_at, test_runs.updated_at
2026-07-08 15:25:35,817 INFO sqlalchemy.engine.Engine [cached since 0.2422s ago] (UUID('019f4255-a0c9-7af9-8744-c442c38dc136'), UUID('019f4231-7fb2-749f-8f62-54bb2445cb18'), UUID('019f4231-7fae-7d84-8c48-e0ad5ae4ef1d'), 'running', 'scheduled', datetime.datetime(2026, 7, 8, 15, 25, 35, 817439, tzinfo=datetime.timezone.utc), None, 1, 0, 0, '{"environment_variables": {}}')
2026-07-08 15:25:35,818 INFO sqlalchemy.engine.Engine SELECT test_runs.id, test_runs.collection_id, test_runs.initiated_by, test_runs.status, test_runs.run_type, test_runs.started_at, test_runs.completed_at, test_runs.total_tasks, test_runs.completed_tasks, test_runs.failed_tasks, test_runs.config, test_runs.created_at, test_runs.updated_at 
FROM test_runs 
WHERE test_runs.id = $1::UUID
2026-07-08 15:25:35,818 INFO sqlalchemy.engine.Engine [cached since 0.2412s ago] (UUID('019f4255-a0c9-7af9-8744-c442c38dc136'),)
2026-07-08 15:25:35,818 INFO sqlalchemy.engine.Engine INSERT INTO test_tasks (id, test_run_id, api_request_id, sequence_order, data_row_index, data_context, status, retry_count, max_retries, next_retry_at, assigned_worker_id) VALUES ($1::UUID, $2::UUID, $3::UUID, $4::INTEGER, $5::INTEGER, $6::JSONB, $7::test_task_status, $8::INTEGER, $9::INTEGER, $10::TIMESTAMP WITH TIME ZONE, $11::UUID) RETURNING test_tasks.created_at, test_tasks.updated_at
2026-07-08 15:25:35,818 INFO sqlalchemy.engine.Engine [cached since 0.2406s ago] (UUID('019f4255-a0ca-7e3f-87d4-d30404922b6b'), UUID('019f4255-a0c9-7af9-8744-c442c38dc136'), UUID('019f4231-7fb3-7739-bfc7-052fccf63649'), 0, None, 'null', 'pending', 0, 3, None, None)
2026-07-08 15:25:35,819 INFO sqlalchemy.engine.Engine UPDATE schedules SET next_run_at=$1::TIMESTAMP WITH TIME ZONE, last_run_at=$2::TIMESTAMP WITH TIME ZONE, updated_at=now() WHERE schedules.id = $3::UUID
2026-07-08 15:25:35,819 INFO sqlalchemy.engine.Engine [cached since 0.2387s ago] (datetime.datetime(2026, 7, 8, 15, 26, tzinfo=zoneinfo.ZoneInfo(key='UTC')), datetime.datetime(2026, 7, 8, 15, 25, 35, 819688, tzinfo=datetime.timezone.utc), UUID('019f4231-7fb4-7a94-a8d8-e4691129b3e7'))
2026-07-08 15:25:35,820 INFO sqlalchemy.engine.Engine SELECT schedules.id, schedules.collection_id, schedules.cron_expression, schedules.timezone, schedules.is_active, schedules.next_run_at, schedules.last_run_at, schedules.created_by, schedules.created_at, schedules.updated_at 
FROM schedules 
WHERE schedules.id = $1::UUID
2026-07-08 15:25:35,820 INFO sqlalchemy.engine.Engine [cached since 0.238s ago] (UUID('019f4231-7fb4-7a94-a8d8-e4691129b3e7'),)
2026-07-08 15:25:35,820 INFO sqlalchemy.engine.Engine SELECT api_requests.id, api_requests.collection_id, api_requests.name, api_requests.method, api_requests.url, api_requests.headers, api_requests.query_params, api_requests.body, api_requests.order_index, api_requests.timeout_ms, api_requests.extract_rules, api_requests.created_at, api_requests.updated_at 
FROM api_requests 
WHERE api_requests.collection_id = $1::UUID ORDER BY api_requests.order_index, api_requests.created_at
2026-07-08 15:25:35,820 INFO sqlalchemy.engine.Engine [cached since 10.17s ago] (UUID('019f4237-31c7-7fcb-b7dc-d75c962f941c'),)
2026-07-08 15:25:35,821 INFO sqlalchemy.engine.Engine SELECT collections.id, collections.project_id, collections.name, collections.description, collections.created_at, collections.updated_at 
FROM collections 
WHERE collections.id = $1::UUID
2026-07-08 15:25:35,821 INFO sqlalchemy.engine.Engine [cached since 10.18s ago] (UUID('019f4237-31c7-7fcb-b7dc-d75c962f941c'),)
2026-07-08 15:25:35,821 INFO sqlalchemy.engine.Engine SELECT environment_variables.id, environment_variables.project_id, environment_variables.key, environment_variables.value, environment_variables.is_secret, environment_variables.created_at, environment_variables.updated_at 
FROM environment_variables 
WHERE environment_variables.project_id = $1::UUID ORDER BY environment_variables.key
2026-07-08 15:25:35,821 INFO sqlalchemy.engine.Engine [cached since 0.2477s ago] (UUID('019f4237-31c6-7de5-8f56-d0806b72e9a5'),)
2026-07-08 15:25:35,822 INFO sqlalchemy.engine.Engine INSERT INTO test_runs (id, collection_id, initiated_by, status, run_type, started_at, completed_at, total_tasks, completed_tasks, failed_tasks, config) VALUES ($1::UUID, $2::UUID, $3::UUID, $4::test_run_status, $5::test_run_type, $6::TIMESTAMP WITH TIME ZONE, $7::TIMESTAMP WITH TIME ZONE, $8::INTEGER, $9::INTEGER, $10::INTEGER, $11::JSONB) RETURNING test_runs.created_at, test_runs.updated_at
2026-07-08 15:25:35,822 INFO sqlalchemy.engine.Engine [cached since 0.2469s ago] (UUID('019f4255-a0ce-72b9-bad9-8dbbe11b28f0'), UUID('019f4237-31c7-7fcb-b7dc-d75c962f941c'), UUID('019f4237-31c3-78cb-887e-9d188a2c2c0b'), 'running', 'scheduled', datetime.datetime(2026, 7, 8, 15, 25, 35, 822170, tzinfo=datetime.timezone.utc), None, 1, 0, 0, '{"environment_variables": {}}')
2026-07-08 15:25:35,822 INFO sqlalchemy.engine.Engine SELECT test_runs.id, test_runs.collection_id, test_runs.initiated_by, test_runs.status, test_runs.run_type, test_runs.started_at, test_runs.completed_at, test_runs.total_tasks, test_runs.completed_tasks, test_runs.failed_tasks, test_runs.config, test_runs.created_at, test_runs.updated_at 
FROM test_runs 
WHERE test_runs.id = $1::UUID
2026-07-08 15:25:35,823 INFO sqlalchemy.engine.Engine [cached since 0.246s ago] (UUID('019f4255-a0ce-72b9-bad9-8dbbe11b28f0'),)
2026-07-08 15:25:35,823 INFO sqlalchemy.engine.Engine INSERT INTO test_tasks (id, test_run_id, api_request_id, sequence_order, data_row_index, data_context, status, retry_count, max_retries, next_retry_at, assigned_worker_id) VALUES ($1::UUID, $2::UUID, $3::UUID, $4::INTEGER, $5::INTEGER, $6::JSONB, $7::test_task_status, $8::INTEGER, $9::INTEGER, $10::TIMESTAMP WITH TIME ZONE, $11::UUID) RETURNING test_tasks.created_at, test_tasks.updated_at
2026-07-08 15:25:35,823 INFO sqlalchemy.engine.Engine [cached since 0.2453s ago] (UUID('019f4255-a0cf-7c84-bbad-999db1016ae2'), UUID('019f4255-a0ce-72b9-bad9-8dbbe11b28f0'), UUID('019f4237-31c8-7dab-940e-8cd706c7b1d0'), 0, None, 'null', 'pending', 0, 3, None, None)
2026-07-08 15:25:35,825 INFO sqlalchemy.engine.Engine UPDATE schedules SET next_run_at=$1::TIMESTAMP WITH TIME ZONE, last_run_at=$2::TIMESTAMP WITH TIME ZONE, updated_at=now() WHERE schedules.id = $3::UUID
2026-07-08 15:25:35,825 INFO sqlalchemy.engine.Engine [cached since 0.2441s ago] (datetime.datetime(2026, 7, 8, 15, 26, tzinfo=zoneinfo.ZoneInfo(key='UTC')), datetime.datetime(2026, 7, 8, 15, 25, 35, 824920, tzinfo=datetime.timezone.utc), UUID('019f4237-31c9-742c-8bae-7f776bccf78b'))
2026-07-08 15:25:35,825 INFO sqlalchemy.engine.Engine SELECT schedules.id, schedules.collection_id, schedules.cron_expression, schedules.timezone, schedules.is_active, schedules.next_run_at, schedules.last_run_at, schedules.created_by, schedules.created_at, schedules.updated_at 
FROM schedules 
WHERE schedules.id = $1::UUID
2026-07-08 15:25:35,825 INFO sqlalchemy.engine.Engine [cached since 0.2435s ago] (UUID('019f4237-31c9-742c-8bae-7f776bccf78b'),)
2026-07-08 15:25:35,826 INFO sqlalchemy.engine.Engine COMMIT
------------------------------ Captured log call -------------------------------
INFO     sqlalchemy.engine.Engine:base.py:2712 BEGIN (implicit)
INFO     sqlalchemy.engine.Engine:base.py:1848 INSERT INTO users (id, email, hashed_password, full_name, is_active) VALUES ($1::UUID, $2::VARCHAR, $3::VARCHAR, $4::VARCHAR, $5::BOOLEAN) RETURNING users.created_at, users.updated_at
INFO     sqlalchemy.engine.Engine:base.py:1848 [cached since 10.1s ago] (UUID('019f4255-9fc1-7a32-aea0-c7fdf4728c58'), 'cron-test-52a7df35-ef14-4c73-a1b7-823c782aa20f@example.com', '$argon2id$v=19$m=65536,t=3,p=1$YlmeTGe9NXphXQ3iEAwdEQ$MSptq7FdFN6JAAIbTtz3dX+XlyTYv948KPO9M2Y0lzc', 'Cron Test User', True)
INFO     sqlalchemy.engine.Engine:base.py:1848 INSERT INTO organizations (id, name, slug) VALUES ($1::UUID, $2::VARCHAR, $3::VARCHAR) RETURNING organizations.created_at, organizations.updated_at
INFO     sqlalchemy.engine.Engine:base.py:1848 [cached since 9.975s ago] (UUID('019f4255-9fc2-70c8-b413-f6cb9be2ff47'), 'Cron Test Org', 'cron-test-46b1ccc28863')
INFO     sqlalchemy.engine.Engine:base.py:1848 INSERT INTO organization_members (id, organization_id, user_id, role) VALUES ($1::UUID, $2::UUID, $3::UUID, $4::organization_role) RETURNING organization_members.created_at, organization_members.updated_at
INFO     sqlalchemy.engine.Engine:base.py:1848 [cached since 9.973s ago] (UUID('019f4255-9fc3-7eb5-bb4d-c74f95bff7d8'), UUID('019f4255-9fc2-70c8-b413-f6cb9be2ff47'), UUID('019f4255-9fc1-7a32-aea0-c7fdf4728c58'), 'owner')
INFO     sqlalchemy.engine.Engine:base.py:1848 INSERT INTO projects (id, organization_id, name, description, created_by) VALUES ($1::UUID, $2::UUID, $3::VARCHAR, $4::VARCHAR, $5::UUID) RETURNING projects.created_at, projects.updated_at
INFO     sqlalchemy.engine.Engine:base.py:1848 [cached since 9.943s ago] (UUID('019f4255-9fc4-78fa-8c8a-875c8a46abe1'), UUID('019f4255-9fc2-70c8-b413-f6cb9be2ff47'), 'Project', None, UUID('019f4255-9fc1-7a32-aea0-c7fdf4728c58'))
INFO     sqlalchemy.engine.Engine:base.py:1848 INSERT INTO collections (id, project_id, name, description) VALUES ($1::UUID, $2::UUID, $3::VARCHAR, $4::VARCHAR) RETURNING collections.created_at, collections.updated_at
INFO     sqlalchemy.engine.Engine:base.py:1848 [cached since 9.928s ago] (UUID('019f4255-9fc5-7ac3-9f64-ec4807546fc8'), UUID('019f4255-9fc4-78fa-8c8a-875c8a46abe1'), 'Collection', None)
INFO     sqlalchemy.engine.Engine:base.py:1848 INSERT INTO api_requests (id, collection_id, name, method, url, headers, query_params, body, order_index, timeout_ms, extract_rules) VALUES ($1::UUID, $2::UUID, $3::VARCHAR, $4::http_method, $5::VARCHAR, $6::JSONB, $7::JSONB, $8::VARCHAR, $9::INTEGER, $10::INTEGER, $11::JSONB) RETURNING api_requests.created_at, api_requests.updated_at
INFO     sqlalchemy.engine.Engine:base.py:1848 [generated in 0.00014s] (UUID('019f4255-9fc6-7b75-9e15-2c1c4a55fd6c'), UUID('019f4255-9fc5-7ac3-9f64-ec4807546fc8'), 'Request 0', 'GET', 'https://example.com', '{}', '{}', None, 0, 30000, '[]')
INFO     sqlalchemy.engine.Engine:base.py:1848 INSERT INTO schedules (id, collection_id, cron_expression, timezone, is_active, next_run_at, last_run_at, created_by) VALUES ($1::UUID, $2::UUID, $3::VARCHAR, $4::VARCHAR, $5::BOOLEAN, $6::TIMESTAMP WITH TIME ZONE, $7::TIMESTAMP WITH TIME ZONE, $8::UUID) RETURNING schedules.created_at, schedules.updated_at
INFO     sqlalchemy.engine.Engine:base.py:1848 [generated in 0.00013s] (UUID('019f4255-9fc7-7f37-afae-6b261c011c9b'), UUID('019f4255-9fc5-7ac3-9f64-ec4807546fc8'), '* * * * *', 'UTC', True, datetime.datetime(2026, 7, 8, 15, 25, 34, 557372, tzinfo=datetime.timezone.utc), None, UUID('019f4255-9fc1-7a32-aea0-c7fdf4728c58'))
INFO     sqlalchemy.engine.Engine:base.py:2718 COMMIT
INFO     sqlalchemy.engine.Engine:base.py:2712 BEGIN (implicit)
INFO     sqlalchemy.engine.Engine:base.py:1848 SELECT schedules.id, schedules.collection_id, schedules.cron_expression, schedules.timezone, schedules.is_active, schedules.next_run_at, schedules.last_run_at, schedules.created_by, schedules.created_at, schedules.updated_at 
FROM schedules 
WHERE schedules.is_active IS true AND schedules.next_run_at IS NOT NULL AND schedules.next_run_at <= $1::TIMESTAMP WITH TIME ZONE ORDER BY schedules.next_run_at 
 LIMIT $2::INTEGER
INFO     sqlalchemy.engine.Engine:base.py:1848 [generated in 0.00011s] (datetime.datetime(2026, 7, 8, 15, 25, 35, 569250, tzinfo=datetime.timezone.utc), 50)
INFO     sqlalchemy.engine.Engine:base.py:1848 SELECT api_requests.id, api_requests.collection_id, api_requests.name, api_requests.method, api_requests.url, api_requests.headers, api_requests.query_params, api_requests.body, api_requests.order_index, api_requests.timeout_ms, api_requests.extract_rules, api_requests.created_at, api_requests.updated_at 
FROM api_requests 
WHERE api_requests.collection_id = $1::UUID ORDER BY api_requests.order_index, api_requests.created_at
INFO     sqlalchemy.engine.Engine:base.py:1848 [cached since 9.926s ago] (UUID('019f4252-be81-735f-9e8e-4e739a2dc6e9'),)
INFO     sqlalchemy.engine.Engine:base.py:1848 SELECT collections.id, collections.project_id, collections.name, collections.description, collections.created_at, collections.updated_at 
FROM collections 
WHERE collections.id = $1::UUID
INFO     sqlalchemy.engine.Engine:base.py:1848 [cached since 9.931s ago] (UUID('019f4252-be81-735f-9e8e-4e739a2dc6e9'),)
INFO     sqlalchemy.engine.Engine:base.py:1848 SELECT environment_variables.id, environment_variables.project_id, environment_variables.key, environment_variables.value, environment_variables.is_secret, environment_variables.created_at, environment_variables.updated_at 
FROM environment_variables 
WHERE environment_variables.project_id = $1::UUID ORDER BY environment_variables.key
INFO     sqlalchemy.engine.Engine:base.py:1848 [generated in 0.00009s] (UUID('019f4252-be80-727e-b48b-1e2a4e0041e4'),)
INFO     sqlalchemy.engine.Engine:base.py:1848 INSERT INTO test_runs (id, collection_id, initiated_by, status, run_type, started_at, completed_at, total_tasks, completed_tasks, failed_tasks, config) VALUES ($1::UUID, $2::UUID, $3::UUID, $4::test_run_status, $5::test_run_type, $6::TIMESTAMP WITH TIME ZONE, $7::TIMESTAMP WITH TIME ZONE, $8::INTEGER, $9::INTEGER, $10::INTEGER, $11::JSONB) RETURNING test_runs.created_at, test_runs.updated_at
INFO     sqlalchemy.engine.Engine:base.py:1848 [generated in 0.00016s] (UUID('019f4255-9fd7-728a-96c5-0d62d0782172'), UUID('019f4252-be81-735f-9e8e-4e739a2dc6e9'), UUID('019f4252-be7d-70cd-b751-3ffc069ca4db'), 'running', 'scheduled', datetime.datetime(2026, 7, 8, 15, 25, 35, 574900, tzinfo=datetime.timezone.utc), None, 1, 0, 0, '{"environment_variables": {}}')
INFO     sqlalchemy.engine.Engine:base.py:1848 SELECT test_runs.id, test_runs.collection_id, test_runs.initiated_by, test_runs.status, test_runs.run_type, test_runs.started_at, test_runs.completed_at, test_runs.total_tasks, test_runs.completed_tasks, test_runs.failed_tasks, test_runs.config, test_runs.created_at, test_runs.updated_at 
FROM test_runs 
WHERE test_runs.id = $1::UUID
INFO     sqlalchemy.engine.Engine:base.py:1848 [generated in 0.00008s] (UUID('019f4255-9fd7-728a-96c5-0d62d0782172'),)
INFO     sqlalchemy.engine.Engine:base.py:1848 INSERT INTO test_tasks (id, test_run_id, api_request_id, sequence_order, data_row_index, data_context, status, retry_count, max_retries, next_retry_at, assigned_worker_id) VALUES ($1::UUID, $2::UUID, $3::UUID, $4::INTEGER, $5::INTEGER, $6::JSONB, $7::test_task_status, $8::INTEGER, $9::INTEGER, $10::TIMESTAMP WITH TIME ZONE, $11::UUID) RETURNING test_tasks.created_at, test_tasks.updated_at
INFO     sqlalchemy.engine.Engine:base.py:1848 [generated in 0.00014s] (UUID('019f4255-9fda-7614-b7d7-99e7382b6295'), UUID('019f4255-9fd7-728a-96c5-0d62d0782172'), UUID('019f4252-be82-75a5-94a9-ddaa8979c162'), 0, None, 'null', 'pending', 0, 3, None, None)
INFO     sqlalchemy.engine.Engine:base.py:1848 UPDATE schedules SET next_run_at=$1::TIMESTAMP WITH TIME ZONE, last_run_at=$2::TIMESTAMP WITH TIME ZONE, updated_at=now() WHERE schedules.id = $3::UUID
INFO     sqlalchemy.engine.Engine:base.py:1848 [generated in 0.00012s] (datetime.datetime(2026, 7, 8, 15, 26, tzinfo=zoneinfo.ZoneInfo(key='UTC')), datetime.datetime(2026, 7, 8, 15, 25, 35, 580745, tzinfo=datetime.timezone.utc), UUID('019f4252-be83-7385-bea8-4a51d1d4044b'))
INFO     sqlalchemy.engine.Engine:base.py:1848 SELECT schedules.id, schedules.collection_id, schedules.cron_expression, schedules.timezone, schedules.is_active, schedules.next_run_at, schedules.last_run_at, schedules.created_by, schedules.created_at, schedules.updated_at 
FROM schedules 
WHERE schedules.id = $1::UUID
INFO     sqlalchemy.engine.Engine:base.py:1848 [generated in 0.00010s] (UUID('019f4252-be83-7385-bea8-4a51d1d4044b'),)
INFO     sqlalchemy.engine.Engine:base.py:1848 SELECT api_requests.id, api_requests.collection_id, api_requests.name, api_requests.method, api_requests.url, api_requests.headers, api_requests.query_params, api_requests.body, api_requests.order_index, api_requests.timeout_ms, api_requests.extract_rules, api_requests.created_at, api_requests.updated_at 
FROM api_requests 
WHERE api_requests.collection_id = $1::UUID ORDER BY api_requests.order_index, api_requests.created_at
INFO     sqlalchemy.engine.Engine:base.py:1848 [cached since 9.937s ago] (UUID('019f4219-4d31-7965-8a47-8299c39467f4'),)
INFO     sqlalchemy.engine.Engine:base.py:1848 SELECT collections.id, collections.project_id, collections.name, collections.description, collections.created_at, collections.updated_at 
FROM collections 
WHERE collections.id = $1::UUID
INFO     sqlalchemy.engine.Engine:base.py:1848 [cached since 9.941s ago] (UUID('019f4219-4d31-7965-8a47-8299c39467f4'),)
INFO     sqlalchemy.engine.Engine:base.py:1848 SELECT environment_variables.id, environment_variables.project_id, environment_variables.key, environment_variables.value, environment_variables.is_secret, environment_variables.created_at, environment_variables.updated_at 
FROM environment_variables 
WHERE environment_variables.project_id = $1::UUID ORDER BY environment_variables.key
INFO     sqlalchemy.engine.Engine:base.py:1848 [cached since 0.01043s ago] (UUID('019f4219-4d30-755e-b1e2-1d66601939d4'),)
INFO     sqlalchemy.engine.Engine:base.py:1848 INSERT INTO test_runs (id, collection_id, initiated_by, status, run_type, started_at, completed_at, total_tasks, completed_tasks, failed_tasks, config) VALUES ($1::UUID, $2::UUID, $3::UUID, $4::test_run_status, $5::test_run_type, $6::TIMESTAMP WITH TIME ZONE, $7::TIMESTAMP WITH TIME ZONE, $8::INTEGER, $9::INTEGER, $10::INTEGER, $11::JSONB) RETURNING test_runs.created_at, test_runs.updated_at
INFO     sqlalchemy.engine.Engine:base.py:1848 [cached since 0.009674s ago] (UUID('019f4255-9fe1-7711-9a7b-8b12f3dde3bb'), UUID('019f4219-4d31-7965-8a47-8299c39467f4'), UUID('019f4219-4d2d-7711-8020-735f5faa5d96'), 'running', 'scheduled', datetime.datetime(2026, 7, 8, 15, 25, 35, 584905, tzinfo=datetime.timezone.utc), None, 1, 0, 0, '{"environment_variables": {}}')
INFO     sqlalchemy.engine.Engine:base.py:1848 SELECT test_runs.id, test_runs.collection_id, test_runs.initiated_by, test_runs.status, test_runs.run_type, test_runs.started_at, test_runs.completed_at, test_runs.total_tasks, test_runs.completed_tasks, test_runs.failed_tasks, test_runs.config, test_runs.created_at, test_runs.updated_at 
FROM test_runs 
WHERE test_runs.id = $1::UUID
INFO     sqlalchemy.engine.Engine:base.py:1848 [cached since 0.008873s ago] (UUID('019f4255-9fe1-7711-9a7b-8b12f3dde3bb'),)
INFO     sqlalchemy.engine.Engine:base.py:1848 INSERT INTO test_tasks (id, test_run_id, api_request_id, sequence_order, data_row_index, data_context, status, retry_count, max_retries, next_retry_at, assigned_worker_id) VALUES ($1::UUID, $2::UUID, $3::UUID, $4::INTEGER, $5::INTEGER, $6::JSONB, $7::test_task_status, $8::INTEGER, $9::INTEGER, $10::TIMESTAMP WITH TIME ZONE, $11::UUID) RETURNING test_tasks.created_at, test_tasks.updated_at
INFO     sqlalchemy.engine.Engine:base.py:1848 [cached since 0.008262s ago] (UUID('019f4255-9fe2-73cc-afc6-c64c3c1fb37d'), UUID('019f4255-9fe1-7711-9a7b-8b12f3dde3bb'), UUID('019f4219-4d32-7c0b-9241-fb2ae598e19e'), 0, None, 'null', 'pending', 0, 3, None, None)
INFO     sqlalchemy.engine.Engine:base.py:1848 UPDATE schedules SET next_run_at=$1::TIMESTAMP WITH TIME ZONE, last_run_at=$2::TIMESTAMP WITH TIME ZONE, updated_at=now() WHERE schedules.id = $3::UUID
INFO     sqlalchemy.engine.Engine:base.py:1848 [cached since 0.006737s ago] (datetime.datetime(2026, 7, 8, 15, 26, tzinfo=zoneinfo.ZoneInfo(key='UTC')), datetime.datetime(2026, 7, 8, 15, 25, 35, 587669, tzinfo=datetime.timezone.utc), UUID('019f4219-4d33-7063-a7d0-1aed85c03ced'))
INFO     sqlalchemy.engine.Engine:base.py:1848 SELECT schedules.id, schedules.collection_id, schedules.cron_expression, schedules.timezone, schedules.is_active, schedules.next_run_at, schedules.last_run_at, schedules.created_by, schedules.created_at, schedules.updated_at 
FROM schedules 
WHERE schedules.id = $1::UUID
INFO     sqlalchemy.engine.Engine:base.py:1848 [cached since 0.00605s ago] (UUID('019f4219-4d33-7063-a7d0-1aed85c03ced'),)
INFO     sqlalchemy.engine.Engine:base.py:1848 SELECT api_requests.id, api_requests.collection_id, api_requests.name, api_requests.method, api_requests.url, api_requests.headers, api_requests.query_params, api_requests.body, api_requests.order_index, api_requests.timeout_ms, api_requests.extract_rules, api_requests.created_at, api_requests.updated_at 
FROM api_requests 
WHERE api_requests.collection_id = $1::UUID ORDER BY api_requests.order_index, api_requests.created_at
INFO     sqlalchemy.engine.Engine:base.py:1848 [cached since 9.943s ago] (UUID('019f4217-eef1-75d0-a1b1-3736a44e65f6'),)
INFO     sqlalchemy.engine.Engine:base.py:1848 SELECT collections.id, collections.project_id, collections.name, collections.description, collections.created_at, collections.updated_at 
FROM collections 
WHERE collections.id = $1::UUID
INFO     sqlalchemy.engine.Engine:base.py:1848 [cached since 9.947s ago] (UUID('019f4217-eef1-75d0-a1b1-3736a44e65f6'),)
INFO     sqlalchemy.engine.Engine:base.py:1848 SELECT environment_variables.id, environment_variables.project_id, environment_variables.key, environment_variables.value, environment_variables.is_secret, environment_variables.created_at, environment_variables.updated_at 
FROM environment_variables 
WHERE environment_variables.project_id = $1::UUID ORDER BY environment_variables.key
INFO     sqlalchemy.engine.Engine:base.py:1848 [cached since 0.01598s ago] (UUID('019f4217-eef0-744c-bda0-1ee3743512a9'),)
INFO     sqlalchemy.engine.Engine:base.py:1848 INSERT INTO test_runs (id, collection_id, initiated_by, status, run_type, started_at, completed_at, total_tasks, completed_tasks, failed_tasks, config) VALUES ($1::UUID, $2::UUID, $3::UUID, $4::test_run_status, $5::test_run_type, $6::TIMESTAMP WITH TIME ZONE, $7::TIMESTAMP WITH TIME ZONE, $8::INTEGER, $9::INTEGER, $10::INTEGER, $11::JSONB) RETURNING test_runs.created_at, test_runs.updated_at
INFO     sqlalchemy.engine.Engine:base.py:1848 [cached since 0.01525s ago] (UUID('019f4255-9fe6-7454-a84e-d4cb6380e667'), UUID('019f4217-eef1-75d0-a1b1-3736a44e65f6'), UUID('019f4217-eeed-714c-8b0c-6bda4c7dc4a0'), 'running', 'scheduled', datetime.datetime(2026, 7, 8, 15, 25, 35, 590493, tzinfo=datetime.timezone.utc), None, 1, 0, 0, '{"environment_variables": {}}')
INFO     sqlalchemy.engine.Engine:base.py:1848 SELECT test_runs.id, test_runs.collection_id, test_runs.initiated_by, test_runs.status, test_runs.run_type, test_runs.started_at, test_runs.completed_at, test_runs.total_tasks, test_runs.completed_tasks, test_runs.failed_tasks, test_runs.config, test_runs.created_at, test_runs.updated_at 
FROM test_runs 
WHERE test_runs.id = $1::UUID
INFO     sqlalchemy.engine.Engine:base.py:1848 [cached since 0.01451s ago] (UUID('019f4255-9fe6-7454-a84e-d4cb6380e667'),)
INFO     sqlalchemy.engine.Engine:base.py:1848 INSERT INTO test_tasks (id, test_run_id, api_request_id, sequence_order, data_row_index, data_context, status, retry_count, max_retries, next_retry_at, assigned_worker_id) VALUES ($1::UUID, $2::UUID, $3::UUID, $4::INTEGER, $5::INTEGER, $6::JSONB, $7::test_task_status, $8::INTEGER, $9::INTEGER, $10::TIMESTAMP WITH TIME ZONE, $11::UUID) RETURNING test_tasks.created_at, test_tasks.updated_at
INFO     sqlalchemy.engine.Engine:base.py:1848 [cached since 0.01399s ago] (UUID('019f4255-9fe8-7b18-a4f8-d4c3c7f9d20f'), UUID('019f4255-9fe6-7454-a84e-d4cb6380e667'), UUID('019f4217-eef2-792e-8fa3-b149032c7c5c'), 0, None, 'null', 'pending', 0, 3, None, None)
INFO     sqlalchemy.engine.Engine:base.py:1848 UPDATE schedules SET next_run_at=$1::TIMESTAMP WITH TIME ZONE, last_run_at=$2::TIMESTAMP WITH TIME ZONE, updated_at=now() WHERE schedules.id = $3::UUID
INFO     sqlalchemy.engine.Engine:base.py:1848 [cached since 0.01273s ago] (datetime.datetime(2026, 7, 8, 15, 26, tzinfo=zoneinfo.ZoneInfo(key='UTC')), datetime.datetime(2026, 7, 8, 15, 25, 35, 593668, tzinfo=datetime.timezone.utc), UUID('019f4217-eef3-7664-813c-46f8079b1865'))
INFO     sqlalchemy.engine.Engine:base.py:1848 SELECT schedules.id, schedules.collection_id, schedules.cron_expression, schedules.timezone, schedules.is_active, schedules.next_run_at, schedules.last_run_at, schedules.created_by, schedules.created_at, schedules.updated_at 
FROM schedules 
WHERE schedules.id = $1::UUID
INFO     sqlalchemy.engine.Engine:base.py:1848 [cached since 0.01204s ago] (UUID('019f4217-eef3-7664-813c-46f8079b1865'),)
INFO     sqlalchemy.engine.Engine:base.py:1848 SELECT api_requests.id, api_requests.collection_id, api_requests.name, api_requests.method, api_requests.url, api_requests.headers, api_requests.query_params, api_requests.body, api_requests.order_index, api_requests.timeout_ms, api_requests.extract_rules, api_requests.created_at, api_requests.updated_at 
FROM api_requests 
WHERE api_requests.collection_id = $1::UUID ORDER BY api_requests.order_index, api_requests.created_at
INFO     sqlalchemy.engine.Engine:base.py:1848 [cached since 9.949s ago] (UUID('019f4232-5156-7ac0-b0a8-56aefc471c60'),)
INFO     sqlalchemy.engine.Engine:base.py:1848 SELECT collections.id, collections.project_id, collections.name, collections.description, collections.created_at, collections.updated_at 
FROM collections 
WHERE collections.id = $1::UUID
INFO     sqlalchemy.engine.Engine:base.py:1848 [cached since 9.953s ago] (UUID('019f4232-5156-7ac0-b0a8-56aefc471c60'),)
INFO     sqlalchemy.engine.Engine:base.py:1848 SELECT environment_variables.id, environment_variables.project_id, environment_variables.key, environment_variables.value, environment_variables.is_secret, environment_variables.created_at, environment_variables.updated_at 
FROM environment_variables 
WHERE environment_variables.project_id = $1::UUID ORDER BY environment_variables.key
INFO     sqlalchemy.engine.Engine:base.py:1848 [cached since 0.02211s ago] (UUID('019f4232-5155-708a-962f-6eb6abef1a7d'),)
INFO     sqlalchemy.engine.Engine:base.py:1848 INSERT INTO test_runs (id, collection_id, initiated_by, status, run_type, started_at, completed_at, total_tasks, completed_tasks, failed_tasks, config) VALUES ($1::UUID, $2::UUID, $3::UUID, $4::test_run_status, $5::test_run_type, $6::TIMESTAMP WITH TIME ZONE, $7::TIMESTAMP WITH TIME ZONE, $8::INTEGER, $9::INTEGER, $10::INTEGER, $11::JSONB) RETURNING test_runs.created_at, test_runs.updated_at
INFO     sqlalchemy.engine.Engine:base.py:1848 [cached since 0.02138s ago] (UUID('019f4255-9fec-7fca-b5a6-fbfc2a9ec5e4'), UUID('019f4232-5156-7ac0-b0a8-56aefc471c60'), UUID('019f4232-5152-7103-8f0f-6fd70f19460a'), 'running', 'scheduled', datetime.datetime(2026, 7, 8, 15, 25, 35, 596624, tzinfo=datetime.timezone.utc), None, 1, 0, 0, '{"environment_variables": {}}')
INFO     sqlalchemy.engine.Engine:base.py:1848 SELECT test_runs.id, test_runs.collection_id, test_runs.initiated_by, test_runs.status, test_runs.run_type, test_runs.started_at, test_runs.completed_at, test_runs.total_tasks, test_runs.completed_tasks, test_runs.failed_tasks, test_runs.config, test_runs.created_at, test_runs.updated_at 
FROM test_runs 
WHERE test_runs.id = $1::UUID
INFO     sqlalchemy.engine.Engine:base.py:1848 [cached since 0.02062s ago] (UUID('019f4255-9fec-7fca-b5a6-fbfc2a9ec5e4'),)
INFO     sqlalchemy.engine.Engine:base.py:1848 INSERT INTO test_tasks (id, test_run_id, api_request_id, sequence_order, data_row_index, data_context, status, retry_count, max_retries, next_retry_at, assigned_worker_id) VALUES ($1::UUID, $2::UUID, $3::UUID, $4::INTEGER, $5::INTEGER, $6::JSONB, $7::test_task_status, $8::INTEGER, $9::INTEGER, $10::TIMESTAMP WITH TIME ZONE, $11::UUID) RETURNING test_tasks.created_at, test_tasks.updated_at
INFO     sqlalchemy.engine.Engine:base.py:1848 [cached since 0.02023s ago] (UUID('019f4255-9fee-7193-ad41-f827f190efaf'), UUID('019f4255-9fec-7fca-b5a6-fbfc2a9ec5e4'), UUID('019f4232-5157-75f0-a7cb-10181e910dea'), 0, None, 'null', 'pending', 0, 3, None, None)
INFO     sqlalchemy.engine.Engine:base.py:1848 UPDATE schedules SET next_run_at=$1::TIMESTAMP WITH TIME ZONE, last_run_at=$2::TIMESTAMP WITH TIME ZONE, updated_at=now() WHERE schedules.id = $3::UUID
INFO     sqlalchemy.engine.Engine:base.py:1848 [cached since 0.0188s ago] (datetime.datetime(2026, 7, 8, 15, 26, tzinfo=zoneinfo.ZoneInfo(key='UTC')), datetime.datetime(2026, 7, 8, 15, 25, 35, 599733, tzinfo=datetime.timezone.utc), UUID('019f4232-5158-76d7-b46e-b853746393c3'))
INFO     sqlalchemy.engine.Engine:base.py:1848 SELECT schedules.id, schedules.collection_id, schedules.cron_expression, schedules.timezone, schedules.is_active, schedules.next_run_at, schedules.last_run_at, schedules.created_by, schedules.created_at, schedules.updated_at 
FROM schedules 
WHERE schedules.id = $1::UUID
INFO     sqlalchemy.engine.Engine:base.py:1848 [cached since 0.01812s ago] (UUID('019f4232-5158-76d7-b46e-b853746393c3'),)
INFO     sqlalchemy.engine.Engine:base.py:1848 SELECT api_requests.id, api_requests.collection_id, api_requests.name, api_requests.method, api_requests.url, api_requests.headers, api_requests.query_params, api_requests.body, api_requests.order_index, api_requests.timeout_ms, api_requests.extract_rules, api_requests.created_at, api_requests.updated_at 
FROM api_requests 
WHERE api_requests.collection_id = $1::UUID ORDER BY api_requests.order_index, api_requests.created_at
INFO     sqlalchemy.engine.Engine:base.py:1848 [cached since 9.955s ago] (UUID('019f420f-7124-7799-9274-b81a6425f800'),)
INFO     sqlalchemy.engine.Engine:base.py:1848 SELECT collections.id, collections.project_id, collections.name, collections.description, collections.created_at, collections.updated_at 
FROM collections 
WHERE collections.id = $1::UUID
INFO     sqlalchemy.engine.Engine:base.py:1848 [cached since 9.959s ago] (UUID('019f420f-7124-7799-9274-b81a6425f800'),)
INFO     sqlalchemy.engine.Engine:base.py:1848 SELECT environment_variables.id, environment_variables.project_id, environment_variables.key, environment_variables.value, environment_variables.is_secret, environment_variables.created_at, environment_variables.updated_at 
FROM environment_variables 
WHERE environment_variables.project_id = $1::UUID ORDER BY environment_variables.key
INFO     sqlalchemy.engine.Engine:base.py:1848 [cached since 0.02808s ago] (UUID('019f420f-7123-7fc8-80bc-fc6b7dc59de2'),)
INFO     sqlalchemy.engine.Engine:base.py:1848 INSERT INTO test_runs (id, collection_id, initiated_by, status, run_type, started_at, completed_at, total_tasks, completed_tasks, failed_tasks, config) VALUES ($1::UUID, $2::UUID, $3::UUID, $4::test_run_status, $5::test_run_type, $6::TIMESTAMP WITH TIME ZONE, $7::TIMESTAMP WITH TIME ZONE, $8::INTEGER, $9::INTEGER, $10::INTEGER, $11::JSONB) RETURNING test_runs.created_at, test_runs.updated_at
INFO     sqlalchemy.engine.Engine:base.py:1848 [cached since 0.02732s ago] (UUID('019f4255-9ff2-7bcb-9ee3-7278f7aabd7f'), UUID('019f420f-7124-7799-9274-b81a6425f800'), UUID('019f420f-7120-772c-ad2a-d0ab143db9d0'), 'running', 'scheduled', datetime.datetime(2026, 7, 8, 15, 25, 35, 602568, tzinfo=datetime.timezone.utc), None, 1, 0, 0, '{"environment_variables": {}}')
INFO     sqlalchemy.engine.Engine:base.py:1848 SELECT test_runs.id, test_runs.collection_id, test_runs.initiated_by, test_runs.status, test_runs.run_type, test_runs.started_at, test_runs.completed_at, test_runs.total_tasks, test_runs.completed_tasks, test_runs.failed_tasks, test_runs.config, test_runs.created_at, test_runs.updated_at 
FROM test_runs 
WHERE test_runs.id = $1::UUID
INFO     sqlalchemy.engine.Engine:base.py:1848 [cached since 0.02684s ago] (UUID('019f4255-9ff2-7bcb-9ee3-7278f7aabd7f'),)
INFO     sqlalchemy.engine.Engine:base.py:1848 INSERT INTO test_tasks (id, test_run_id, api_request_id, sequence_order, data_row_index, data_context, status, retry_count, max_retries, next_retry_at, assigned_worker_id) VALUES ($1::UUID, $2::UUID, $3::UUID, $4::INTEGER, $5::INTEGER, $6::JSONB, $7::test_task_status, $8::INTEGER, $9::INTEGER, $10::TIMESTAMP WITH TIME ZONE, $11::UUID) RETURNING test_tasks.created_at, test_tasks.updated_at
INFO     sqlalchemy.engine.Engine:base.py:1848 [cached since 0.02634s ago] (UUID('019f4255-9ff4-7532-8065-1f9de0102f50'), UUID('019f4255-9ff2-7bcb-9ee3-7278f7aabd7f'), UUID('019f420f-7125-7a07-9e93-27d66a5ebcc4'), 0, None, 'null', 'pending', 0, 3, None, None)
INFO     sqlalchemy.engine.Engine:base.py:1848 UPDATE schedules SET next_run_at=$1::TIMESTAMP WITH TIME ZONE, last_run_at=$2::TIMESTAMP WITH TIME ZONE, updated_at=now() WHERE schedules.id = $3::UUID
INFO     sqlalchemy.engine.Engine:base.py:1848 [cached since 0.02474s ago] (datetime.datetime(2026, 7, 8, 15, 26, tzinfo=zoneinfo.ZoneInfo(key='UTC')), datetime.datetime(2026, 7, 8, 15, 25, 35, 605688, tzinfo=datetime.timezone.utc), UUID('019f420f-7126-70df-b18d-854e663fa194'))
INFO     sqlalchemy.engine.Engine:base.py:1848 SELECT schedules.id, schedules.collection_id, schedules.cron_expression, schedules.timezone, schedules.is_active, schedules.next_run_at, schedules.last_run_at, schedules.created_by, schedules.created_at, schedules.updated_at 
FROM schedules 
WHERE schedules.id = $1::UUID
INFO     sqlalchemy.engine.Engine:base.py:1848 [cached since 0.02403s ago] (UUID('019f420f-7126-70df-b18d-854e663fa194'),)
INFO     sqlalchemy.engine.Engine:base.py:1848 SELECT api_requests.id, api_requests.collection_id, api_requests.name, api_requests.method, api_requests.url, api_requests.headers, api_requests.query_params, api_requests.body, api_requests.order_index, api_requests.timeout_ms, api_requests.extract_rules, api_requests.created_at, api_requests.updated_at 
FROM api_requests 
WHERE api_requests.collection_id = $1::UUID ORDER BY api_requests.order_index, api_requests.created_at
INFO     sqlalchemy.engine.Engine:base.py:1848 [cached since 9.961s ago] (UUID('019f420f-7025-7392-b26c-b3922bcb4e83'),)
INFO     sqlalchemy.engine.Engine:base.py:1848 SELECT collections.id, collections.project_id, collections.name, collections.description, collections.created_at, collections.updated_at 
FROM collections 
WHERE collections.id = $1::UUID
INFO     sqlalchemy.engine.Engine:base.py:1848 [cached since 9.965s ago] (UUID('019f420f-7025-7392-b26c-b3922bcb4e83'),)
INFO     sqlalchemy.engine.Engine:base.py:1848 SELECT environment_variables.id, environment_variables.project_id, environment_variables.key, environment_variables.value, environment_variables.is_secret, environment_variables.created_at, environment_variables.updated_at 
FROM environment_variables 
WHERE environment_variables.project_id = $1::UUID ORDER BY environment_variables.key
INFO     sqlalchemy.engine.Engine:base.py:1848 [cached since 0.03408s ago] (UUID('019f420f-7024-7c46-807e-93dfef7a82d5'),)
INFO     sqlalchemy.engine.Engine:base.py:1848 INSERT INTO test_runs (id, collection_id, initiated_by, status, run_type, started_at, completed_at, total_tasks, completed_tasks, failed_tasks, config) VALUES ($1::UUID, $2::UUID, $3::UUID, $4::test_run_status, $5::test_run_type, $6::TIMESTAMP WITH TIME ZONE, $7::TIMESTAMP WITH TIME ZONE, $8::INTEGER, $9::INTEGER, $10::INTEGER, $11::JSONB) RETURNING test_runs.created_at, test_runs.updated_at
INFO     sqlalchemy.engine.Engine:base.py:1848 [cached since 0.03331s ago] (UUID('019f4255-9ff8-777a-8761-a31605cb8f99'), UUID('019f420f-7025-7392-b26c-b3922bcb4e83'), UUID('019f420f-7021-7780-8887-1ca07d498524'), 'running', 'scheduled', datetime.datetime(2026, 7, 8, 15, 25, 35, 608562, tzinfo=datetime.timezone.utc), None, 1, 0, 0, '{"environment_variables": {}}')
INFO     sqlalchemy.engine.Engine:base.py:1848 SELECT test_runs.id, test_runs.collection_id, test_runs.initiated_by, test_runs.status, test_runs.run_type, test_runs.started_at, test_runs.completed_at, test_runs.total_tasks, test_runs.completed_tasks, test_runs.failed_tasks, test_runs.config, test_runs.created_at, test_runs.updated_at 
FROM test_runs 
WHERE test_runs.id = $1::UUID
INFO     sqlalchemy.engine.Engine:base.py:1848 [cached since 0.03245s ago] (UUID('019f4255-9ff8-777a-8761-a31605cb8f99'),)
INFO     sqlalchemy.engine.Engine:base.py:1848 INSERT INTO test_tasks (id, test_run_id, api_request_id, sequence_order, data_row_index, data_context, status, retry_count, max_retries, next_retry_at, assigned_worker_id) VALUES ($1::UUID, $2::UUID, $3::UUID, $4::INTEGER, $5::INTEGER, $6::JSONB, $7::test_task_status, $8::INTEGER, $9::INTEGER, $10::TIMESTAMP WITH TIME ZONE, $11::UUID) RETURNING test_tasks.created_at, test_tasks.updated_at
INFO     sqlalchemy.engine.Engine:base.py:1848 [cached since 0.03181s ago] (UUID('019f4255-9ffa-7572-8350-ea6b4ac7556c'), UUID('019f4255-9ff8-777a-8761-a31605cb8f99'), UUID('019f420f-7026-77b0-ae61-0cfbef6669e5'), 0, None, 'null', 'pending', 0, 3, None, None)
INFO     sqlalchemy.engine.Engine:base.py:1848 UPDATE schedules SET next_run_at=$1::TIMESTAMP WITH TIME ZONE, last_run_at=$2::TIMESTAMP WITH TIME ZONE, updated_at=now() WHERE schedules.id = $3::UUID
INFO     sqlalchemy.engine.Engine:base.py:1848 [cached since 0.03025s ago] (datetime.datetime(2026, 7, 8, 15, 26, tzinfo=zoneinfo.ZoneInfo(key='UTC')), datetime.datetime(2026, 7, 8, 15, 25, 35, 611154, tzinfo=datetime.timezone.utc), UUID('019f420f-7027-78ea-ad3a-3b1fdaf138ca'))
INFO     sqlalchemy.engine.Engine:base.py:1848 SELECT schedules.id, schedules.collection_id, schedules.cron_expression, schedules.timezone, schedules.is_active, schedules.next_run_at, schedules.last_run_at, schedules.created_by, schedules.created_at, schedules.updated_at 
FROM schedules 
WHERE schedules.id = $1::UUID
INFO     sqlalchemy.engine.Engine:base.py:1848 [cached since 0.02956s ago] (UUID('019f420f-7027-78ea-ad3a-3b1fdaf138ca'),)
INFO     sqlalchemy.engine.Engine:base.py:1848 SELECT api_requests.id, api_requests.collection_id, api_requests.name, api_requests.method, api_requests.url, api_requests.headers, api_requests.query_params, api_requests.body, api_requests.order_index, api_requests.timeout_ms, api_requests.extract_rules, api_requests.created_at, api_requests.updated_at 
FROM api_requests 
WHERE api_requests.collection_id = $1::UUID ORDER BY api_requests.order_index, api_requests.created_at
INFO     sqlalchemy.engine.Engine:base.py:1848 [cached since 9.966s ago] (UUID('019f4237-355f-76c4-b59e-f1d761f03a81'),)
INFO     sqlalchemy.engine.Engine:base.py:1848 SELECT collections.id, collections.project_id, collections.name, collections.description, collections.created_at, collections.updated_at 
FROM collections 
WHERE collections.id = $1::UUID
INFO     sqlalchemy.engine.Engine:base.py:1848 [cached since 9.97s ago] (UUID('019f4237-355f-76c4-b59e-f1d761f03a81'),)
INFO     sqlalchemy.engine.Engine:base.py:1848 SELECT environment_variables.id, environment_variables.project_id, environment_variables.key, environment_variables.value, environment_variables.is_secret, environment_variables.created_at, environment_variables.updated_at 
FROM environment_variables 
WHERE environment_variables.project_id = $1::UUID ORDER BY environment_variables.key
INFO     sqlalchemy.engine.Engine:base.py:1848 [cached since 0.03952s ago] (UUID('019f4237-355e-7041-8cf7-ae74fa9e04f5'),)
INFO     sqlalchemy.engine.Engine:base.py:1848 INSERT INTO test_runs (id, collection_id, initiated_by, status, run_type, started_at, completed_at, total_tasks, completed_tasks, failed_tasks, config) VALUES ($1::UUID, $2::UUID, $3::UUID, $4::test_run_status, $5::test_run_type, $6::TIMESTAMP WITH TIME ZONE, $7::TIMESTAMP WITH TIME ZONE, $8::INTEGER, $9::INTEGER, $10::INTEGER, $11::JSONB) RETURNING test_runs.created_at, test_runs.updated_at
INFO     sqlalchemy.engine.Engine:base.py:1848 [cached since 0.0387s ago] (UUID('019f4255-9ffe-79f2-a9f2-fa9719faec95'), UUID('019f4237-355f-76c4-b59e-f1d761f03a81'), UUID('019f4237-355b-7e5a-b592-4f14186470fb'), 'running', 'scheduled', datetime.datetime(2026, 7, 8, 15, 25, 35, 613966, tzinfo=datetime.timezone.utc), None, 1, 0, 0, '{"environment_variables": {}}')
INFO     sqlalchemy.engine.Engine:base.py:1848 SELECT test_runs.id, test_runs.collection_id, test_runs.initiated_by, test_runs.status, test_runs.run_type, test_runs.started_at, test_runs.completed_at, test_runs.total_tasks, test_runs.completed_tasks, test_runs.failed_tasks, test_runs.config, test_runs.created_at, test_runs.updated_at 
FROM test_runs 
WHERE test_runs.id = $1::UUID
INFO     sqlalchemy.engine.Engine:base.py:1848 [cached since 0.03788s ago] (UUID('019f4255-9ffe-79f2-a9f2-fa9719faec95'),)
INFO     sqlalchemy.engine.Engine:base.py:1848 INSERT INTO test_tasks (id, test_run_id, api_request_id, sequence_order, data_row_index, data_context, status, retry_count, max_retries, next_retry_at, assigned_worker_id) VALUES ($1::UUID, $2::UUID, $3::UUID, $4::INTEGER, $5::INTEGER, $6::JSONB, $7::test_task_status, $8::INTEGER, $9::INTEGER, $10::TIMESTAMP WITH TIME ZONE, $11::UUID) RETURNING test_tasks.created_at, test_tasks.updated_at
INFO     sqlalchemy.engine.Engine:base.py:1848 [cached since 0.03737s ago] (UUID('019f4255-9fff-7a40-9384-67852d9b3d8b'), UUID('019f4255-9ffe-79f2-a9f2-fa9719faec95'), UUID('019f4237-3560-7246-9729-39a7afcd3480'), 0, None, 'null', 'pending', 0, 3, None, None)
INFO     sqlalchemy.engine.Engine:base.py:1848 UPDATE schedules SET next_run_at=$1::TIMESTAMP WITH TIME ZONE, last_run_at=$2::TIMESTAMP WITH TIME ZONE, updated_at=now() WHERE schedules.id = $3::UUID
INFO     sqlalchemy.engine.Engine:base.py:1848 [cached since 0.03581s ago] (datetime.datetime(2026, 7, 8, 15, 26, tzinfo=zoneinfo.ZoneInfo(key='UTC')), datetime.datetime(2026, 7, 8, 15, 25, 35, 616743, tzinfo=datetime.timezone.utc), UUID('019f4237-3561-7b6d-9e78-18384c5ad92b'))
INFO     sqlalchemy.engine.Engine:base.py:1848 SELECT schedules.id, schedules.collection_id, schedules.cron_expression, schedules.timezone, schedules.is_active, schedules.next_run_at, schedules.last_run_at, schedules.created_by, schedules.created_at, schedules.updated_at 
FROM schedules 
WHERE schedules.id = $1::UUID
INFO     sqlalchemy.engine.Engine:base.py:1848 [cached since 0.03513s ago] (UUID('019f4237-3561-7b6d-9e78-18384c5ad92b'),)
INFO     sqlalchemy.engine.Engine:base.py:1848 SELECT api_requests.id, api_requests.collection_id, api_requests.name, api_requests.method, api_requests.url, api_requests.headers, api_requests.query_params, api_requests.body, api_requests.order_index, api_requests.timeout_ms, api_requests.extract_rules, api_requests.created_at, api_requests.updated_at 
FROM api_requests 
WHERE api_requests.collection_id = $1::UUID ORDER BY api_requests.order_index, api_requests.created_at
INFO     sqlalchemy.engine.Engine:base.py:1848 [cached since 9.972s ago] (UUID('019f4219-4f49-7175-bbdf-bb453eef67e9'),)
INFO     sqlalchemy.engine.Engine:base.py:1848 SELECT collections.id, collections.project_id, collections.name, collections.description, collections.created_at, collections.updated_at 
FROM collections 
WHERE collections.id = $1::UUID
INFO     sqlalchemy.engine.Engine:base.py:1848 [cached since 9.976s ago] (UUID('019f4219-4f49-7175-bbdf-bb453eef67e9'),)
INFO     sqlalchemy.engine.Engine:base.py:1848 SELECT environment_variables.id, environment_variables.project_id, environment_variables.key, environment_variables.value, environment_variables.is_secret, environment_variables.created_at, environment_variables.updated_at 
FROM environment_variables 
WHERE environment_variables.project_id = $1::UUID ORDER BY environment_variables.key
INFO     sqlalchemy.engine.Engine:base.py:1848 [cached since 0.04508s ago] (UUID('019f4219-4f48-7e59-b667-f44713d9bd1c'),)
INFO     sqlalchemy.engine.Engine:base.py:1848 INSERT INTO test_runs (id, collection_id, initiated_by, status, run_type, started_at, completed_at, total_tasks, completed_tasks, failed_tasks, config) VALUES ($1::UUID, $2::UUID, $3::UUID, $4::test_run_status, $5::test_run_type, $6::TIMESTAMP WITH TIME ZONE, $7::TIMESTAMP WITH TIME ZONE, $8::INTEGER, $9::INTEGER, $10::INTEGER, $11::JSONB) RETURNING test_runs.created_at, test_runs.updated_at
INFO     sqlalchemy.engine.Engine:base.py:1848 [cached since 0.04435s ago] (UUID('019f4255-a003-79fc-b5c6-917597f4a58b'), UUID('019f4219-4f49-7175-bbdf-bb453eef67e9'), UUID('019f4219-4f45-7e82-8354-2306f2b941f7'), 'running', 'scheduled', datetime.datetime(2026, 7, 8, 15, 25, 35, 619584, tzinfo=datetime.timezone.utc), None, 1, 0, 0, '{"environment_variables": {}}')
INFO     sqlalchemy.engine.Engine:base.py:1848 SELECT test_runs.id, test_runs.collection_id, test_runs.initiated_by, test_runs.status, test_runs.run_type, test_runs.started_at, test_runs.completed_at, test_runs.total_tasks, test_runs.completed_tasks, test_runs.failed_tasks, test_runs.config, test_runs.created_at, test_runs.updated_at 
FROM test_runs 
WHERE test_runs.id = $1::UUID
INFO     sqlalchemy.engine.Engine:base.py:1848 [cached since 0.04351s ago] (UUID('019f4255-a003-79fc-b5c6-917597f4a58b'),)
INFO     sqlalchemy.engine.Engine:base.py:1848 INSERT INTO test_tasks (id, test_run_id, api_request_id, sequence_order, data_row_index, data_context, status, retry_count, max_retries, next_retry_at, assigned_worker_id) VALUES ($1::UUID, $2::UUID, $3::UUID, $4::INTEGER, $5::INTEGER, $6::JSONB, $7::test_task_status, $8::INTEGER, $9::INTEGER, $10::TIMESTAMP WITH TIME ZONE, $11::UUID) RETURNING test_tasks.created_at, test_tasks.updated_at
INFO     sqlalchemy.engine.Engine:base.py:1848 [cached since 0.04289s ago] (UUID('019f4255-a005-7f08-969c-b6dc4709c457'), UUID('019f4255-a003-79fc-b5c6-917597f4a58b'), UUID('019f4219-4f4a-78a9-804a-06d2fb3d3606'), 0, None, 'null', 'pending', 0, 3, None, None)
INFO     sqlalchemy.engine.Engine:base.py:1848 UPDATE schedules SET next_run_at=$1::TIMESTAMP WITH TIME ZONE, last_run_at=$2::TIMESTAMP WITH TIME ZONE, updated_at=now() WHERE schedules.id = $3::UUID
INFO     sqlalchemy.engine.Engine:base.py:1848 [cached since 0.0412s ago] (datetime.datetime(2026, 7, 8, 15, 26, tzinfo=zoneinfo.ZoneInfo(key='UTC')), datetime.datetime(2026, 7, 8, 15, 25, 35, 622150, tzinfo=datetime.timezone.utc), UUID('019f4219-4f4b-7fa0-820b-11a9cee9d21f'))
INFO     sqlalchemy.engine.Engine:base.py:1848 SELECT schedules.id, schedules.collection_id, schedules.cron_expression, schedules.timezone, schedules.is_active, schedules.next_run_at, schedules.last_run_at, schedules.created_by, schedules.created_at, schedules.updated_at 
FROM schedules 
WHERE schedules.id = $1::UUID
INFO     sqlalchemy.engine.Engine:base.py:1848 [cached since 0.04053s ago] (UUID('019f4219-4f4b-7fa0-820b-11a9cee9d21f'),)
INFO     sqlalchemy.engine.Engine:base.py:1848 SELECT api_requests.id, api_requests.collection_id, api_requests.name, api_requests.method, api_requests.url, api_requests.headers, api_requests.query_params, api_requests.body, api_requests.order_index, api_requests.timeout_ms, api_requests.extract_rules, api_requests.created_at, api_requests.updated_at 
FROM api_requests 
WHERE api_requests.collection_id = $1::UUID ORDER BY api_requests.order_index, api_requests.created_at
INFO     sqlalchemy.engine.Engine:base.py:1848 [cached since 9.977s ago] (UUID('019f4219-4db7-7d35-9d24-beed6255d8b2'),)
INFO     sqlalchemy.engine.Engine:base.py:1848 SELECT collections.id, collections.project_id, collections.name, collections.description, collections.created_at, collections.updated_at 
FROM collections 
WHERE collections.id = $1::UUID
INFO     sqlalchemy.engine.Engine:base.py:1848 [cached since 9.981s ago] (UUID('019f4219-4db7-7d35-9d24-beed6255d8b2'),)
INFO     sqlalchemy.engine.Engine:base.py:1848 SELECT environment_variables.id, environment_variables.project_id, environment_variables.key, environment_variables.value, environment_variables.is_secret, environment_variables.created_at, environment_variables.updated_at 
FROM environment_variables 
WHERE environment_variables.project_id = $1::UUID ORDER BY environment_variables.key
INFO     sqlalchemy.engine.Engine:base.py:1848 [cached since 0.05077s ago] (UUID('019f4219-4db6-7da7-8c32-51e131790d83'),)
INFO     sqlalchemy.engine.Engine:base.py:1848 INSERT INTO test_runs (id, collection_id, initiated_by, status, run_type, started_at, completed_at, total_tasks, completed_tasks, failed_tasks, config) VALUES ($1::UUID, $2::UUID, $3::UUID, $4::test_run_status, $5::test_run_type, $6::TIMESTAMP WITH TIME ZONE, $7::TIMESTAMP WITH TIME ZONE, $8::INTEGER, $9::INTEGER, $10::INTEGER, $11::JSONB) RETURNING test_runs.created_at, test_runs.updated_at
INFO     sqlalchemy.engine.Engine:base.py:1848 [cached since 0.05001s ago] (UUID('019f4255-a009-75f8-95b9-b919e2b67085'), UUID('019f4219-4db7-7d35-9d24-beed6255d8b2'), UUID('019f4219-4db3-7fd0-b412-027fb682dbcb'), 'running', 'scheduled', datetime.datetime(2026, 7, 8, 15, 25, 35, 625232, tzinfo=datetime.timezone.utc), None, 1, 0, 0, '{"environment_variables": {}}')
INFO     sqlalchemy.engine.Engine:base.py:1848 SELECT test_runs.id, test_runs.collection_id, test_runs.initiated_by, test_runs.status, test_runs.run_type, test_runs.started_at, test_runs.completed_at, test_runs.total_tasks, test_runs.completed_tasks, test_runs.failed_tasks, test_runs.config, test_runs.created_at, test_runs.updated_at 
FROM test_runs 
WHERE test_runs.id = $1::UUID
INFO     sqlalchemy.engine.Engine:base.py:1848 [cached since 0.04912s ago] (UUID('019f4255-a009-75f8-95b9-b919e2b67085'),)
INFO     sqlalchemy.engine.Engine:base.py:1848 INSERT INTO test_tasks (id, test_run_id, api_request_id, sequence_order, data_row_index, data_context, status, retry_count, max_retries, next_retry_at, assigned_worker_id) VALUES ($1::UUID, $2::UUID, $3::UUID, $4::INTEGER, $5::INTEGER, $6::JSONB, $7::test_task_status, $8::INTEGER, $9::INTEGER, $10::TIMESTAMP WITH TIME ZONE, $11::UUID) RETURNING test_tasks.created_at, test_tasks.updated_at
INFO     sqlalchemy.engine.Engine:base.py:1848 [cached since 0.04845s ago] (UUID('019f4255-a00a-75e8-97d8-104c2d73a947'), UUID('019f4255-a009-75f8-95b9-b919e2b67085'), UUID('019f4219-4db8-7b8c-baa7-cb4ab4777d1d'), 0, None, 'null', 'pending', 0, 3, None, None)
INFO     sqlalchemy.engine.Engine:base.py:1848 UPDATE schedules SET next_run_at=$1::TIMESTAMP WITH TIME ZONE, last_run_at=$2::TIMESTAMP WITH TIME ZONE, updated_at=now() WHERE schedules.id = $3::UUID
INFO     sqlalchemy.engine.Engine:base.py:1848 [cached since 0.04679s ago] (datetime.datetime(2026, 7, 8, 15, 26, tzinfo=zoneinfo.ZoneInfo(key='UTC')), datetime.datetime(2026, 7, 8, 15, 25, 35, 627726, tzinfo=datetime.timezone.utc), UUID('019f4219-4db9-7655-995f-183bc28db1b5'))
INFO     sqlalchemy.engine.Engine:base.py:1848 SELECT schedules.id, schedules.collection_id, schedules.cron_expression, schedules.timezone, schedules.is_active, schedules.next_run_at, schedules.last_run_at, schedules.created_by, schedules.created_at, schedules.updated_at 
FROM schedules 
WHERE schedules.id = $1::UUID
INFO     sqlalchemy.engine.Engine:base.py:1848 [cached since 0.04608s ago] (UUID('019f4219-4db9-7655-995f-183bc28db1b5'),)
INFO     sqlalchemy.engine.Engine:base.py:1848 SELECT api_requests.id, api_requests.collection_id, api_requests.name, api_requests.method, api_requests.url, api_requests.headers, api_requests.query_params, api_requests.body, api_requests.order_index, api_requests.timeout_ms, api_requests.extract_rules, api_requests.created_at, api_requests.updated_at 
FROM api_requests 
WHERE api_requests.collection_id = $1::UUID ORDER BY api_requests.order_index, api_requests.created_at
INFO     sqlalchemy.engine.Engine:base.py:1848 [cached since 9.983s ago] (UUID('019f421b-0159-7233-860b-47b802c43ef4'),)
WARNING  scheduler.cron_scheduler:cron_scheduler.py:76 Schedule 019f421b-015a-7b88-a2e8-93e45f4fb43c is due but its collection has no requests; skipping this cycle.
INFO     sqlalchemy.engine.Engine:base.py:1848 UPDATE schedules SET next_run_at=$1::TIMESTAMP WITH TIME ZONE, last_run_at=$2::TIMESTAMP WITH TIME ZONE, updated_at=now() WHERE schedules.id = $3::UUID
INFO     sqlalchemy.engine.Engine:base.py:1848 [cached since 0.04866s ago] (datetime.datetime(2026, 7, 8, 15, 26, tzinfo=zoneinfo.ZoneInfo(key='UTC')), datetime.datetime(2026, 7, 8, 15, 25, 35, 629619, tzinfo=datetime.timezone.utc), UUID('019f421b-015a-7b88-a2e8-93e45f4fb43c'))
INFO     sqlalchemy.engine.Engine:base.py:1848 SELECT schedules.id, schedules.collection_id, schedules.cron_expression, schedules.timezone, schedules.is_active, schedules.next_run_at, schedules.last_run_at, schedules.created_by, schedules.created_at, schedules.updated_at 
FROM schedules 
WHERE schedules.id = $1::UUID
INFO     sqlalchemy.engine.Engine:base.py:1848 [cached since 0.04793s ago] (UUID('019f421b-015a-7b88-a2e8-93e45f4fb43c'),)
INFO     sqlalchemy.engine.Engine:base.py:1848 SELECT api_requests.id, api_requests.collection_id, api_requests.name, api_requests.method, api_requests.url, api_requests.headers, api_requests.query_params, api_requests.body, api_requests.order_index, api_requests.timeout_ms, api_requests.extract_rules, api_requests.created_at, api_requests.updated_at 
FROM api_requests 
WHERE api_requests.collection_id = $1::UUID ORDER BY api_requests.order_index, api_requests.created_at
INFO     sqlalchemy.engine.Engine:base.py:1848 [cached since 9.984s ago] (UUID('019f420f-3f07-7cf3-821b-afa4fd735347'),)
INFO     sqlalchemy.engine.Engine:base.py:1848 SELECT collections.id, collections.project_id, collections.name, collections.description, collections.created_at, collections.updated_at 
FROM collections 
WHERE collections.id = $1::UUID
INFO     sqlalchemy.engine.Engine:base.py:1848 [cached since 9.989s ago] (UUID('019f420f-3f07-7cf3-821b-afa4fd735347'),)
INFO     sqlalchemy.engine.Engine:base.py:1848 SELECT environment_variables.id, environment_variables.project_id, environment_variables.key, environment_variables.value, environment_variables.is_secret, environment_variables.created_at, environment_variables.updated_at 
FROM environment_variables 
WHERE environment_variables.project_id = $1::UUID ORDER BY environment_variables.key
INFO     sqlalchemy.engine.Engine:base.py:1848 [cached since 0.05783s ago] (UUID('019f420f-3f06-7b4f-a687-566ba3bcecac'),)
INFO     sqlalchemy.engine.Engine:base.py:1848 INSERT INTO test_runs (id, collection_id, initiated_by, status, run_type, started_at, completed_at, total_tasks, completed_tasks, failed_tasks, config) VALUES ($1::UUID, $2::UUID, $3::UUID, $4::test_run_status, $5::test_run_type, $6::TIMESTAMP WITH TIME ZONE, $7::TIMESTAMP WITH TIME ZONE, $8::INTEGER, $9::INTEGER, $10::INTEGER, $11::JSONB) RETURNING test_runs.created_at, test_runs.updated_at
INFO     sqlalchemy.engine.Engine:base.py:1848 [cached since 0.057s ago] (UUID('019f4255-a010-737c-943f-949fb27a0cf1'), UUID('019f420f-3f07-7cf3-821b-afa4fd735347'), UUID('019f420f-3f03-7533-95ef-da946c301ea4'), 'running', 'scheduled', datetime.datetime(2026, 7, 8, 15, 25, 35, 632264, tzinfo=datetime.timezone.utc), None, 1, 0, 0, '{"environment_variables": {}}')
INFO     sqlalchemy.engine.Engine:base.py:1848 SELECT test_runs.id, test_runs.collection_id, test_runs.initiated_by, test_runs.status, test_runs.run_type, test_runs.started_at, test_runs.completed_at, test_runs.total_tasks, test_runs.completed_tasks, test_runs.failed_tasks, test_runs.config, test_runs.created_at, test_runs.updated_at 
FROM test_runs 
WHERE test_runs.id = $1::UUID
INFO     sqlalchemy.engine.Engine:base.py:1848 [cached since 0.05615s ago] (UUID('019f4255-a010-737c-943f-949fb27a0cf1'),)
INFO     sqlalchemy.engine.Engine:base.py:1848 INSERT INTO test_tasks (id, test_run_id, api_request_id, sequence_order, data_row_index, data_context, status, retry_count, max_retries, next_retry_at, assigned_worker_id) VALUES ($1::UUID, $2::UUID, $3::UUID, $4::INTEGER, $5::INTEGER, $6::JSONB, $7::test_task_status, $8::INTEGER, $9::INTEGER, $10::TIMESTAMP WITH TIME ZONE, $11::UUID) RETURNING test_tasks.created_at, test_tasks.updated_at
INFO     sqlalchemy.engine.Engine:base.py:1848 [cached since 0.05553s ago] (UUID('019f4255-a011-76b5-8892-ac7a7fc05e06'), UUID('019f4255-a010-737c-943f-949fb27a0cf1'), UUID('019f420f-3f08-7489-bd7f-788d7e3110e5'), 0, None, 'null', 'pending', 0, 3, None, None)
INFO     sqlalchemy.engine.Engine:base.py:1848 UPDATE schedules SET next_run_at=$1::TIMESTAMP WITH TIME ZONE, last_run_at=$2::TIMESTAMP WITH TIME ZONE, updated_at=now() WHERE schedules.id = $3::UUID
INFO     sqlalchemy.engine.Engine:base.py:1848 [cached since 0.05377s ago] (datetime.datetime(2026, 7, 8, 15, 26, tzinfo=zoneinfo.ZoneInfo(key='UTC')), datetime.datetime(2026, 7, 8, 15, 25, 35, 634732, tzinfo=datetime.timezone.utc), UUID('019f420f-3f09-771c-92a8-f02586e1f89b'))
INFO     sqlalchemy.engine.Engine:base.py:1848 SELECT schedules.id, schedules.collection_id, schedules.cron_expression, schedules.timezone, schedules.is_active, schedules.next_run_at, schedules.last_run_at, schedules.created_by, schedules.created_at, schedules.updated_at 
FROM schedules 
WHERE schedules.id = $1::UUID
INFO     sqlalchemy.engine.Engine:base.py:1848 [cached since 0.05311s ago] (UUID('019f420f-3f09-771c-92a8-f02586e1f89b'),)
INFO     sqlalchemy.engine.Engine:base.py:1848 SELECT api_requests.id, api_requests.collection_id, api_requests.name, api_requests.method, api_requests.url, api_requests.headers, api_requests.query_params, api_requests.body, api_requests.order_index, api_requests.timeout_ms, api_requests.extract_rules, api_requests.created_at, api_requests.updated_at 
FROM api_requests 
WHERE api_requests.collection_id = $1::UUID ORDER BY api_requests.order_index, api_requests.created_at
INFO     sqlalchemy.engine.Engine:base.py:1848 [cached since 9.99s ago] (UUID('019f420f-426b-79e6-9734-3ad714a8d2b9'),)
INFO     sqlalchemy.engine.Engine:base.py:1848 SELECT collections.id, collections.project_id, collections.name, collections.description, collections.created_at, collections.updated_at 
FROM collections 
WHERE collections.id = $1::UUID
INFO     sqlalchemy.engine.Engine:base.py:1848 [cached since 9.994s ago] (UUID('019f420f-426b-79e6-9734-3ad714a8d2b9'),)
INFO     sqlalchemy.engine.Engine:base.py:1848 SELECT environment_variables.id, environment_variables.project_id, environment_variables.key, environment_variables.value, environment_variables.is_secret, environment_variables.created_at, environment_variables.updated_at 
FROM environment_variables 
WHERE environment_variables.project_id = $1::UUID ORDER BY environment_variables.key
INFO     sqlalchemy.engine.Engine:base.py:1848 [cached since 0.06303s ago] (UUID('019f420f-426a-7b8e-841c-a2ef4add1b6c'),)
INFO     sqlalchemy.engine.Engine:base.py:1848 INSERT INTO test_runs (id, collection_id, initiated_by, status, run_type, started_at, completed_at, total_tasks, completed_tasks, failed_tasks, config) VALUES ($1::UUID, $2::UUID, $3::UUID, $4::test_run_status, $5::test_run_type, $6::TIMESTAMP WITH TIME ZONE, $7::TIMESTAMP WITH TIME ZONE, $8::INTEGER, $9::INTEGER, $10::INTEGER, $11::JSONB) RETURNING test_runs.created_at, test_runs.updated_at
INFO     sqlalchemy.engine.Engine:base.py:1848 [cached since 0.0622s ago] (UUID('019f4255-a015-720f-90df-b7f8478c91de'), UUID('019f420f-426b-79e6-9734-3ad714a8d2b9'), UUID('019f420f-4267-73c7-a1b7-b2f618201b84'), 'running', 'scheduled', datetime.datetime(2026, 7, 8, 15, 25, 35, 637472, tzinfo=datetime.timezone.utc), None, 1, 0, 0, '{"environment_variables": {}}')
INFO     sqlalchemy.engine.Engine:base.py:1848 SELECT test_runs.id, test_runs.collection_id, test_runs.initiated_by, test_runs.status, test_runs.run_type, test_runs.started_at, test_runs.completed_at, test_runs.total_tasks, test_runs.completed_tasks, test_runs.failed_tasks, test_runs.config, test_runs.created_at, test_runs.updated_at 
FROM test_runs 
WHERE test_runs.id = $1::UUID
INFO     sqlalchemy.engine.Engine:base.py:1848 [cached since 0.06131s ago] (UUID('019f4255-a015-720f-90df-b7f8478c91de'),)
INFO     sqlalchemy.engine.Engine:base.py:1848 INSERT INTO test_tasks (id, test_run_id, api_request_id, sequence_order, data_row_index, data_context, status, retry_count, max_retries, next_retry_at, assigned_worker_id) VALUES ($1::UUID, $2::UUID, $3::UUID, $4::INTEGER, $5::INTEGER, $6::JSONB, $7::test_task_status, $8::INTEGER, $9::INTEGER, $10::TIMESTAMP WITH TIME ZONE, $11::UUID) RETURNING test_tasks.created_at, test_tasks.updated_at
INFO     sqlalchemy.engine.Engine:base.py:1848 [cached since 0.06064s ago] (UUID('019f4255-a016-7f9b-ac06-39b938db8f4a'), UUID('019f4255-a015-720f-90df-b7f8478c91de'), UUID('019f420f-426c-72ab-9ff1-22aae64fc696'), 0, None, 'null', 'pending', 0, 3, None, None)
INFO     sqlalchemy.engine.Engine:base.py:1848 UPDATE schedules SET next_run_at=$1::TIMESTAMP WITH TIME ZONE, last_run_at=$2::TIMESTAMP WITH TIME ZONE, updated_at=now() WHERE schedules.id = $3::UUID
INFO     sqlalchemy.engine.Engine:base.py:1848 [cached since 0.05884s ago] (datetime.datetime(2026, 7, 8, 15, 26, tzinfo=zoneinfo.ZoneInfo(key='UTC')), datetime.datetime(2026, 7, 8, 15, 25, 35, 639787, tzinfo=datetime.timezone.utc), UUID('019f420f-426d-7401-b788-5f920e99f6bf'))
INFO     sqlalchemy.engine.Engine:base.py:1848 SELECT schedules.id, schedules.collection_id, schedules.cron_expression, schedules.timezone, schedules.is_active, schedules.next_run_at, schedules.last_run_at, schedules.created_by, schedules.created_at, schedules.updated_at 
FROM schedules 
WHERE schedules.id = $1::UUID
INFO     sqlalchemy.engine.Engine:base.py:1848 [cached since 0.05815s ago] (UUID('019f420f-426d-7401-b788-5f920e99f6bf'),)
INFO     sqlalchemy.engine.Engine:base.py:1848 SELECT api_requests.id, api_requests.collection_id, api_requests.name, api_requests.method, api_requests.url, api_requests.headers, api_requests.query_params, api_requests.body, api_requests.order_index, api_requests.timeout_ms, api_requests.extract_rules, api_requests.created_at, api_requests.updated_at 
FROM api_requests 
WHERE api_requests.collection_id = $1::UUID ORDER BY api_requests.order_index, api_requests.created_at
INFO     sqlalchemy.engine.Engine:base.py:1848 [cached since 9.995s ago] (UUID('019f420f-3f7a-7b9a-a0dd-49c6d1db3dd1'),)
INFO     sqlalchemy.engine.Engine:base.py:1848 SELECT collections.id, collections.project_id, collections.name, collections.description, collections.created_at, collections.updated_at 
FROM collections 
WHERE collections.id = $1::UUID
INFO     sqlalchemy.engine.Engine:base.py:1848 [cached since 9.999s ago] (UUID('019f420f-3f7a-7b9a-a0dd-49c6d1db3dd1'),)
INFO     sqlalchemy.engine.Engine:base.py:1848 SELECT environment_variables.id, environment_variables.project_id, environment_variables.key, environment_variables.value, environment_variables.is_secret, environment_variables.created_at, environment_variables.updated_at 
FROM environment_variables 
WHERE environment_variables.project_id = $1::UUID ORDER BY environment_variables.key
INFO     sqlalchemy.engine.Engine:base.py:1848 [cached since 0.0679s ago] (UUID('019f420f-3f79-7031-b5a6-ab2ddfb3bcec'),)
INFO     sqlalchemy.engine.Engine:base.py:1848 INSERT INTO test_runs (id, collection_id, initiated_by, status, run_type, started_at, completed_at, total_tasks, completed_tasks, failed_tasks, config) VALUES ($1::UUID, $2::UUID, $3::UUID, $4::test_run_status, $5::test_run_type, $6::TIMESTAMP WITH TIME ZONE, $7::TIMESTAMP WITH TIME ZONE, $8::INTEGER, $9::INTEGER, $10::INTEGER, $11::JSONB) RETURNING test_runs.created_at, test_runs.updated_at
INFO     sqlalchemy.engine.Engine:base.py:1848 [cached since 0.06706s ago] (UUID('019f4255-a01a-78f6-a290-a0f4ebf3547b'), UUID('019f420f-3f7a-7b9a-a0dd-49c6d1db3dd1'), UUID('019f420f-3f76-732e-a9bd-9644c7e78e46'), 'running', 'scheduled', datetime.datetime(2026, 7, 8, 15, 25, 35, 642331, tzinfo=datetime.timezone.utc), None, 1, 0, 0, '{"environment_variables": {}}')
INFO     sqlalchemy.engine.Engine:base.py:1848 SELECT test_runs.id, test_runs.collection_id, test_runs.initiated_by, test_runs.status, test_runs.run_type, test_runs.started_at, test_runs.completed_at, test_runs.total_tasks, test_runs.completed_tasks, test_runs.failed_tasks, test_runs.config, test_runs.created_at, test_runs.updated_at 
FROM test_runs 
WHERE test_runs.id = $1::UUID
INFO     sqlalchemy.engine.Engine:base.py:1848 [cached since 0.06613s ago] (UUID('019f4255-a01a-78f6-a290-a0f4ebf3547b'),)
INFO     sqlalchemy.engine.Engine:base.py:1848 INSERT INTO test_tasks (id, test_run_id, api_request_id, sequence_order, data_row_index, data_context, status, retry_count, max_retries, next_retry_at, assigned_worker_id) VALUES ($1::UUID, $2::UUID, $3::UUID, $4::INTEGER, $5::INTEGER, $6::JSONB, $7::test_task_status, $8::INTEGER, $9::INTEGER, $10::TIMESTAMP WITH TIME ZONE, $11::UUID) RETURNING test_tasks.created_at, test_tasks.updated_at
INFO     sqlalchemy.engine.Engine:base.py:1848 [cached since 0.06553s ago] (UUID('019f4255-a01b-712c-b8c9-e84899819c90'), UUID('019f4255-a01a-78f6-a290-a0f4ebf3547b'), UUID('019f420f-3f7b-7ab2-b4f9-0b444e50bf95'), 0, None, 'null', 'pending', 0, 3, None, None)
INFO     sqlalchemy.engine.Engine:base.py:1848 UPDATE schedules SET next_run_at=$1::TIMESTAMP WITH TIME ZONE, last_run_at=$2::TIMESTAMP WITH TIME ZONE, updated_at=now() WHERE schedules.id = $3::UUID
INFO     sqlalchemy.engine.Engine:base.py:1848 [cached since 0.06381s ago] (datetime.datetime(2026, 7, 8, 15, 26, tzinfo=zoneinfo.ZoneInfo(key='UTC')), datetime.datetime(2026, 7, 8, 15, 25, 35, 644749, tzinfo=datetime.timezone.utc), UUID('019f420f-3f7c-7c39-a6be-9fb312fc6121'))
INFO     sqlalchemy.engine.Engine:base.py:1848 SELECT schedules.id, schedules.collection_id, schedules.cron_expression, schedules.timezone, schedules.is_active, schedules.next_run_at, schedules.last_run_at, schedules.created_by, schedules.created_at, schedules.updated_at 
FROM schedules 
WHERE schedules.id = $1::UUID
INFO     sqlalchemy.engine.Engine:base.py:1848 [cached since 0.06308s ago] (UUID('019f420f-3f7c-7c39-a6be-9fb312fc6121'),)
INFO     sqlalchemy.engine.Engine:base.py:1848 SELECT api_requests.id, api_requests.collection_id, api_requests.name, api_requests.method, api_requests.url, api_requests.headers, api_requests.query_params, api_requests.body, api_requests.order_index, api_requests.timeout_ms, api_requests.extract_rules, api_requests.created_at, api_requests.updated_at 
FROM api_requests 
WHERE api_requests.collection_id = $1::UUID ORDER BY api_requests.order_index, api_requests.created_at
INFO     sqlalchemy.engine.Engine:base.py:1848 [cached since 10s ago] (UUID('019f4219-4c16-71bd-a576-8e0768ef05f0'),)
INFO     sqlalchemy.engine.Engine:base.py:1848 SELECT collections.id, collections.project_id, collections.name, collections.description, collections.created_at, collections.updated_at 
FROM collections 
WHERE collections.id = $1::UUID
INFO     sqlalchemy.engine.Engine:base.py:1848 [cached since 10s ago] (UUID('019f4219-4c16-71bd-a576-8e0768ef05f0'),)
INFO     sqlalchemy.engine.Engine:base.py:1848 SELECT environment_variables.id, environment_variables.project_id, environment_variables.key, environment_variables.value, environment_variables.is_secret, environment_variables.created_at, environment_variables.updated_at 
FROM environment_variables 
WHERE environment_variables.project_id = $1::UUID ORDER BY environment_variables.key
INFO     sqlalchemy.engine.Engine:base.py:1848 [cached since 0.07283s ago] (UUID('019f4219-4c15-725d-9453-ce44f0178a45'),)
INFO     sqlalchemy.engine.Engine:base.py:1848 INSERT INTO test_runs (id, collection_id, initiated_by, status, run_type, started_at, completed_at, total_tasks, completed_tasks, failed_tasks, config) VALUES ($1::UUID, $2::UUID, $3::UUID, $4::test_run_status, $5::test_run_type, $6::TIMESTAMP WITH TIME ZONE, $7::TIMESTAMP WITH TIME ZONE, $8::INTEGER, $9::INTEGER, $10::INTEGER, $11::JSONB) RETURNING test_runs.created_at, test_runs.updated_at
INFO     sqlalchemy.engine.Engine:base.py:1848 [cached since 0.07204s ago] (UUID('019f4255-a01f-79ed-83bc-89bd29a18b9b'), UUID('019f4219-4c16-71bd-a576-8e0768ef05f0'), UUID('019f4219-4c12-7a96-be16-7b1e71c54c91'), 'running', 'scheduled', datetime.datetime(2026, 7, 8, 15, 25, 35, 647259, tzinfo=datetime.timezone.utc), None, 1, 0, 0, '{"environment_variables": {}}')
INFO     sqlalchemy.engine.Engine:base.py:1848 SELECT test_runs.id, test_runs.collection_id, test_runs.initiated_by, test_runs.status, test_runs.run_type, test_runs.started_at, test_runs.completed_at, test_runs.total_tasks, test_runs.completed_tasks, test_runs.failed_tasks, test_runs.config, test_runs.created_at, test_runs.updated_at 
FROM test_runs 
WHERE test_runs.id = $1::UUID
INFO     sqlalchemy.engine.Engine:base.py:1848 [cached since 0.07111s ago] (UUID('019f4255-a01f-79ed-83bc-89bd29a18b9b'),)
INFO     sqlalchemy.engine.Engine:base.py:1848 INSERT INTO test_tasks (id, test_run_id, api_request_id, sequence_order, data_row_index, data_context, status, retry_count, max_retries, next_retry_at, assigned_worker_id) VALUES ($1::UUID, $2::UUID, $3::UUID, $4::INTEGER, $5::INTEGER, $6::JSONB, $7::test_task_status, $8::INTEGER, $9::INTEGER, $10::TIMESTAMP WITH TIME ZONE, $11::UUID) RETURNING test_tasks.created_at, test_tasks.updated_at
INFO     sqlalchemy.engine.Engine:base.py:1848 [cached since 0.07046s ago] (UUID('019f4255-a020-74f6-abb3-13af26a88ec5'), UUID('019f4255-a01f-79ed-83bc-89bd29a18b9b'), UUID('019f4219-4c17-7221-82ca-8c4b4d4501ea'), 0, None, 'null', 'pending', 0, 3, None, None)
INFO     sqlalchemy.engine.Engine:base.py:1848 UPDATE schedules SET next_run_at=$1::TIMESTAMP WITH TIME ZONE, last_run_at=$2::TIMESTAMP WITH TIME ZONE, updated_at=now() WHERE schedules.id = $3::UUID
INFO     sqlalchemy.engine.Engine:base.py:1848 [cached since 0.06866s ago] (datetime.datetime(2026, 7, 8, 15, 26, tzinfo=zoneinfo.ZoneInfo(key='UTC')), datetime.datetime(2026, 7, 8, 15, 25, 35, 649603, tzinfo=datetime.timezone.utc), UUID('019f4219-4c18-74ee-9336-79921222087d'))
INFO     sqlalchemy.engine.Engine:base.py:1848 SELECT schedules.id, schedules.collection_id, schedules.cron_expression, schedules.timezone, schedules.is_active, schedules.next_run_at, schedules.last_run_at, schedules.created_by, schedules.created_at, schedules.updated_at 
FROM schedules 
WHERE schedules.id = $1::UUID
INFO     sqlalchemy.engine.Engine:base.py:1848 [cached since 0.06846s ago] (UUID('019f4219-4c18-74ee-9336-79921222087d'),)
INFO     sqlalchemy.engine.Engine:base.py:1848 SELECT api_requests.id, api_requests.collection_id, api_requests.name, api_requests.method, api_requests.url, api_requests.headers, api_requests.query_params, api_requests.body, api_requests.order_index, api_requests.timeout_ms, api_requests.extract_rules, api_requests.created_at, api_requests.updated_at 
FROM api_requests 
WHERE api_requests.collection_id = $1::UUID ORDER BY api_requests.order_index, api_requests.created_at
INFO     sqlalchemy.engine.Engine:base.py:1848 [cached since 10.01s ago] (UUID('019f423a-e0c0-7be0-b21c-20795444c3c6'),)
INFO     sqlalchemy.engine.Engine:base.py:1848 SELECT collections.id, collections.project_id, collections.name, collections.description, collections.created_at, collections.updated_at 
FROM collections 
WHERE collections.id = $1::UUID
INFO     sqlalchemy.engine.Engine:base.py:1848 [cached since 10.01s ago] (UUID('019f423a-e0c0-7be0-b21c-20795444c3c6'),)
INFO     sqlalchemy.engine.Engine:base.py:1848 SELECT environment_variables.id, environment_variables.project_id, environment_variables.key, environment_variables.value, environment_variables.is_secret, environment_variables.created_at, environment_variables.updated_at 
FROM environment_variables 
WHERE environment_variables.project_id = $1::UUID ORDER BY environment_variables.key
INFO     sqlalchemy.engine.Engine:base.py:1848 [cached since 0.07865s ago] (UUID('019f423a-e0bf-7153-a4c7-0109f2fea178'),)
INFO     sqlalchemy.engine.Engine:base.py:1848 INSERT INTO test_runs (id, collection_id, initiated_by, status, run_type, started_at, completed_at, total_tasks, completed_tasks, failed_tasks, config) VALUES ($1::UUID, $2::UUID, $3::UUID, $4::test_run_status, $5::test_run_type, $6::TIMESTAMP WITH TIME ZONE, $7::TIMESTAMP WITH TIME ZONE, $8::INTEGER, $9::INTEGER, $10::INTEGER, $11::JSONB) RETURNING test_runs.created_at, test_runs.updated_at
INFO     sqlalchemy.engine.Engine:base.py:1848 [cached since 0.07788s ago] (UUID('019f4255-a025-753c-b603-9bf60a43d027'), UUID('019f423a-e0c0-7be0-b21c-20795444c3c6'), UUID('019f423a-e0bc-79aa-b91f-ef1e32f02336'), 'running', 'scheduled', datetime.datetime(2026, 7, 8, 15, 25, 35, 653124, tzinfo=datetime.timezone.utc), None, 1, 0, 0, '{"environment_variables": {}}')
INFO     sqlalchemy.engine.Engine:base.py:1848 SELECT test_runs.id, test_runs.collection_id, test_runs.initiated_by, test_runs.status, test_runs.run_type, test_runs.started_at, test_runs.completed_at, test_runs.total_tasks, test_runs.completed_tasks, test_runs.failed_tasks, test_runs.config, test_runs.created_at, test_runs.updated_at 
FROM test_runs 
WHERE test_runs.id = $1::UUID
INFO     sqlalchemy.engine.Engine:base.py:1848 [cached since 0.07704s ago] (UUID('019f4255-a025-753c-b603-9bf60a43d027'),)
INFO     sqlalchemy.engine.Engine:base.py:1848 INSERT INTO test_tasks (id, test_run_id, api_request_id, sequence_order, data_row_index, data_context, status, retry_count, max_retries, next_retry_at, assigned_worker_id) VALUES ($1::UUID, $2::UUID, $3::UUID, $4::INTEGER, $5::INTEGER, $6::JSONB, $7::test_task_status, $8::INTEGER, $9::INTEGER, $10::TIMESTAMP WITH TIME ZONE, $11::UUID) RETURNING test_tasks.created_at, test_tasks.updated_at
INFO     sqlalchemy.engine.Engine:base.py:1848 [cached since 0.07635s ago] (UUID('019f4255-a026-76a0-9359-6e6e7da0e4c1'), UUID('019f4255-a025-753c-b603-9bf60a43d027'), UUID('019f423a-e0c1-771c-8061-e79d1718f153'), 0, None, 'null', 'pending', 0, 3, None, None)
INFO     sqlalchemy.engine.Engine:base.py:1848 UPDATE schedules SET next_run_at=$1::TIMESTAMP WITH TIME ZONE, last_run_at=$2::TIMESTAMP WITH TIME ZONE, updated_at=now() WHERE schedules.id = $3::UUID
INFO     sqlalchemy.engine.Engine:base.py:1848 [cached since 0.07478s ago] (datetime.datetime(2026, 7, 8, 15, 26, tzinfo=zoneinfo.ZoneInfo(key='UTC')), datetime.datetime(2026, 7, 8, 15, 25, 35, 655715, tzinfo=datetime.timezone.utc), UUID('019f423a-e0c2-76ef-9468-fe721d196ad4'))
INFO     sqlalchemy.engine.Engine:base.py:1848 SELECT schedules.id, schedules.collection_id, schedules.cron_expression, schedules.timezone, schedules.is_active, schedules.next_run_at, schedules.last_run_at, schedules.created_by, schedules.created_at, schedules.updated_at 
FROM schedules 
WHERE schedules.id = $1::UUID
INFO     sqlalchemy.engine.Engine:base.py:1848 [cached since 0.07409s ago] (UUID('019f423a-e0c2-76ef-9468-fe721d196ad4'),)
INFO     sqlalchemy.engine.Engine:base.py:1848 SELECT api_requests.id, api_requests.collection_id, api_requests.name, api_requests.method, api_requests.url, api_requests.headers, api_requests.query_params, api_requests.body, api_requests.order_index, api_requests.timeout_ms, api_requests.extract_rules, api_requests.created_at, api_requests.updated_at 
FROM api_requests 
WHERE api_requests.collection_id = $1::UUID ORDER BY api_requests.order_index, api_requests.created_at
INFO     sqlalchemy.engine.Engine:base.py:1848 [cached since 10.01s ago] (UUID('019f423a-e309-7a73-943b-0ea2e94f1422'),)
INFO     sqlalchemy.engine.Engine:base.py:1848 SELECT collections.id, collections.project_id, collections.name, collections.description, collections.created_at, collections.updated_at 
FROM collections 
WHERE collections.id = $1::UUID
INFO     sqlalchemy.engine.Engine:base.py:1848 [cached since 10.01s ago] (UUID('019f423a-e309-7a73-943b-0ea2e94f1422'),)
INFO     sqlalchemy.engine.Engine:base.py:1848 SELECT environment_variables.id, environment_variables.project_id, environment_variables.key, environment_variables.value, environment_variables.is_secret, environment_variables.created_at, environment_variables.updated_at 
FROM environment_variables 
WHERE environment_variables.project_id = $1::UUID ORDER BY environment_variables.key
INFO     sqlalchemy.engine.Engine:base.py:1848 [cached since 0.08392s ago] (UUID('019f423a-e308-71dc-a0bb-466686509f5d'),)
INFO     sqlalchemy.engine.Engine:base.py:1848 INSERT INTO test_runs (id, collection_id, initiated_by, status, run_type, started_at, completed_at, total_tasks, completed_tasks, failed_tasks, config) VALUES ($1::UUID, $2::UUID, $3::UUID, $4::test_run_status, $5::test_run_type, $6::TIMESTAMP WITH TIME ZONE, $7::TIMESTAMP WITH TIME ZONE, $8::INTEGER, $9::INTEGER, $10::INTEGER, $11::JSONB) RETURNING test_runs.created_at, test_runs.updated_at
INFO     sqlalchemy.engine.Engine:base.py:1848 [cached since 0.08308s ago] (UUID('019f4255-a02a-7e54-981e-bcd9fd162ddb'), UUID('019f423a-e309-7a73-943b-0ea2e94f1422'), UUID('019f423a-e305-7053-b9f3-bc9c8122bdd1'), 'running', 'scheduled', datetime.datetime(2026, 7, 8, 15, 25, 35, 658361, tzinfo=datetime.timezone.utc), None, 1, 0, 0, '{"environment_variables": {}}')
INFO     sqlalchemy.engine.Engine:base.py:1848 SELECT test_runs.id, test_runs.collection_id, test_runs.initiated_by, test_runs.status, test_runs.run_type, test_runs.started_at, test_runs.completed_at, test_runs.total_tasks, test_runs.completed_tasks, test_runs.failed_tasks, test_runs.config, test_runs.created_at, test_runs.updated_at 
FROM test_runs 
WHERE test_runs.id = $1::UUID
INFO     sqlalchemy.engine.Engine:base.py:1848 [cached since 0.08217s ago] (UUID('019f4255-a02a-7e54-981e-bcd9fd162ddb'),)
INFO     sqlalchemy.engine.Engine:base.py:1848 INSERT INTO test_tasks (id, test_run_id, api_request_id, sequence_order, data_row_index, data_context, status, retry_count, max_retries, next_retry_at, assigned_worker_id) VALUES ($1::UUID, $2::UUID, $3::UUID, $4::INTEGER, $5::INTEGER, $6::JSONB, $7::test_task_status, $8::INTEGER, $9::INTEGER, $10::TIMESTAMP WITH TIME ZONE, $11::UUID) RETURNING test_tasks.created_at, test_tasks.updated_at
INFO     sqlalchemy.engine.Engine:base.py:1848 [cached since 0.0815s ago] (UUID('019f4255-a02b-759c-9c8a-744dd396ab3d'), UUID('019f4255-a02a-7e54-981e-bcd9fd162ddb'), UUID('019f423a-e30a-7153-be4b-ff073fa8b8bf'), 0, None, 'null', 'pending', 0, 3, None, None)
INFO     sqlalchemy.engine.Engine:base.py:1848 UPDATE schedules SET next_run_at=$1::TIMESTAMP WITH TIME ZONE, last_run_at=$2::TIMESTAMP WITH TIME ZONE, updated_at=now() WHERE schedules.id = $3::UUID
INFO     sqlalchemy.engine.Engine:base.py:1848 [cached since 0.07971s ago] (datetime.datetime(2026, 7, 8, 15, 26, tzinfo=zoneinfo.ZoneInfo(key='UTC')), datetime.datetime(2026, 7, 8, 15, 25, 35, 660654, tzinfo=datetime.timezone.utc), UUID('019f423a-e30b-7df8-8536-f2da283bdb81'))
INFO     sqlalchemy.engine.Engine:base.py:1848 SELECT schedules.id, schedules.collection_id, schedules.cron_expression, schedules.timezone, schedules.is_active, schedules.next_run_at, schedules.last_run_at, schedules.created_by, schedules.created_at, schedules.updated_at 
FROM schedules 
WHERE schedules.id = $1::UUID
INFO     sqlalchemy.engine.Engine:base.py:1848 [cached since 0.07898s ago] (UUID('019f423a-e30b-7df8-8536-f2da283bdb81'),)
INFO     sqlalchemy.engine.Engine:base.py:1848 SELECT api_requests.id, api_requests.collection_id, api_requests.name, api_requests.method, api_requests.url, api_requests.headers, api_requests.query_params, api_requests.body, api_requests.order_index, api_requests.timeout_ms, api_requests.extract_rules, api_requests.created_at, api_requests.updated_at 
FROM api_requests 
WHERE api_requests.collection_id = $1::UUID ORDER BY api_requests.order_index, api_requests.created_at
INFO     sqlalchemy.engine.Engine:base.py:1848 [cached since 10.02s ago] (UUID('019f423a-e40b-711f-b48b-46576c874bfe'),)
INFO     sqlalchemy.engine.Engine:base.py:1848 SELECT collections.id, collections.project_id, collections.name, collections.description, collections.created_at, collections.updated_at 
FROM collections 
WHERE collections.id = $1::UUID
INFO     sqlalchemy.engine.Engine:base.py:1848 [cached since 10.02s ago] (UUID('019f423a-e40b-711f-b48b-46576c874bfe'),)
INFO     sqlalchemy.engine.Engine:base.py:1848 SELECT environment_variables.id, environment_variables.project_id, environment_variables.key, environment_variables.value, environment_variables.is_secret, environment_variables.created_at, environment_variables.updated_at 
FROM environment_variables 
WHERE environment_variables.project_id = $1::UUID ORDER BY environment_variables.key
INFO     sqlalchemy.engine.Engine:base.py:1848 [cached since 0.08874s ago] (UUID('019f423a-e40a-705b-811b-7e58a45bc2d5'),)
INFO     sqlalchemy.engine.Engine:base.py:1848 INSERT INTO test_runs (id, collection_id, initiated_by, status, run_type, started_at, completed_at, total_tasks, completed_tasks, failed_tasks, config) VALUES ($1::UUID, $2::UUID, $3::UUID, $4::test_run_status, $5::test_run_type, $6::TIMESTAMP WITH TIME ZONE, $7::TIMESTAMP WITH TIME ZONE, $8::INTEGER, $9::INTEGER, $10::INTEGER, $11::JSONB) RETURNING test_runs.created_at, test_runs.updated_at
INFO     sqlalchemy.engine.Engine:base.py:1848 [cached since 0.08795s ago] (UUID('019f4255-a02f-76b2-916a-905730a4221c'), UUID('019f423a-e40b-711f-b48b-46576c874bfe'), UUID('019f423a-e407-7fda-87db-81caa3ff692d'), 'running', 'scheduled', datetime.datetime(2026, 7, 8, 15, 25, 35, 663185, tzinfo=datetime.timezone.utc), None, 1, 0, 0, '{"environment_variables": {}}')
INFO     sqlalchemy.engine.Engine:base.py:1848 SELECT test_runs.id, test_runs.collection_id, test_runs.initiated_by, test_runs.status, test_runs.run_type, test_runs.started_at, test_runs.completed_at, test_runs.total_tasks, test_runs.completed_tasks, test_runs.failed_tasks, test_runs.config, test_runs.created_at, test_runs.updated_at 
FROM test_runs 
WHERE test_runs.id = $1::UUID
INFO     sqlalchemy.engine.Engine:base.py:1848 [cached since 0.08702s ago] (UUID('019f4255-a02f-76b2-916a-905730a4221c'),)
INFO     sqlalchemy.engine.Engine:base.py:1848 INSERT INTO test_tasks (id, test_run_id, api_request_id, sequence_order, data_row_index, data_context, status, retry_count, max_retries, next_retry_at, assigned_worker_id) VALUES ($1::UUID, $2::UUID, $3::UUID, $4::INTEGER, $5::INTEGER, $6::JSONB, $7::test_task_status, $8::INTEGER, $9::INTEGER, $10::TIMESTAMP WITH TIME ZONE, $11::UUID) RETURNING test_tasks.created_at, test_tasks.updated_at
INFO     sqlalchemy.engine.Engine:base.py:1848 [cached since 0.08628s ago] (UUID('019f4255-a030-76ff-9417-5ec7335c6ed6'), UUID('019f4255-a02f-76b2-916a-905730a4221c'), UUID('019f423a-e40c-79e8-87bf-0a74e0a02242'), 0, None, 'null', 'pending', 0, 3, None, None)
INFO     sqlalchemy.engine.Engine:base.py:1848 UPDATE schedules SET next_run_at=$1::TIMESTAMP WITH TIME ZONE, last_run_at=$2::TIMESTAMP WITH TIME ZONE, updated_at=now() WHERE schedules.id = $3::UUID
INFO     sqlalchemy.engine.Engine:base.py:1848 [cached since 0.08436s ago] (datetime.datetime(2026, 7, 8, 15, 26, tzinfo=zoneinfo.ZoneInfo(key='UTC')), datetime.datetime(2026, 7, 8, 15, 25, 35, 665324, tzinfo=datetime.timezone.utc), UUID('019f423a-e40d-7b59-9afb-5eb0810a8417'))
INFO     sqlalchemy.engine.Engine:base.py:1848 SELECT schedules.id, schedules.collection_id, schedules.cron_expression, schedules.timezone, schedules.is_active, schedules.next_run_at, schedules.last_run_at, schedules.created_by, schedules.created_at, schedules.updated_at 
FROM schedules 
WHERE schedules.id = $1::UUID
INFO     sqlalchemy.engine.Engine:base.py:1848 [cached since 0.08362s ago] (UUID('019f423a-e40d-7b59-9afb-5eb0810a8417'),)
INFO     sqlalchemy.engine.Engine:base.py:1848 SELECT api_requests.id, api_requests.collection_id, api_requests.name, api_requests.method, api_requests.url, api_requests.headers, api_requests.query_params, api_requests.body, api_requests.order_index, api_requests.timeout_ms, api_requests.extract_rules, api_requests.created_at, api_requests.updated_at 
FROM api_requests 
WHERE api_requests.collection_id = $1::UUID ORDER BY api_requests.order_index, api_requests.created_at
INFO     sqlalchemy.engine.Engine:base.py:1848 [cached since 10.02s ago] (UUID('019f4230-9d5d-7472-a37d-e5bb822e5851'),)
INFO     sqlalchemy.engine.Engine:base.py:1848 SELECT collections.id, collections.project_id, collections.name, collections.description, collections.created_at, collections.updated_at 
FROM collections 
WHERE collections.id = $1::UUID
INFO     sqlalchemy.engine.Engine:base.py:1848 [cached since 10.02s ago] (UUID('019f4230-9d5d-7472-a37d-e5bb822e5851'),)
INFO     sqlalchemy.engine.Engine:base.py:1848 SELECT environment_variables.id, environment_variables.project_id, environment_variables.key, environment_variables.value, environment_variables.is_secret, environment_variables.created_at, environment_variables.updated_at 
FROM environment_variables 
WHERE environment_variables.project_id = $1::UUID ORDER BY environment_variables.key
INFO     sqlalchemy.engine.Engine:base.py:1848 [cached since 0.09392s ago] (UUID('019f4230-9d5c-7771-87c8-01bcc0a01d91'),)
INFO     sqlalchemy.engine.Engine:base.py:1848 INSERT INTO test_runs (id, collection_id, initiated_by, status, run_type, started_at, completed_at, total_tasks, completed_tasks, failed_tasks, config) VALUES ($1::UUID, $2::UUID, $3::UUID, $4::test_run_status, $5::test_run_type, $6::TIMESTAMP WITH TIME ZONE, $7::TIMESTAMP WITH TIME ZONE, $8::INTEGER, $9::INTEGER, $10::INTEGER, $11::JSONB) RETURNING test_runs.created_at, test_runs.updated_at
INFO     sqlalchemy.engine.Engine:base.py:1848 [cached since 0.09336s ago] (UUID('019f4255-a034-7166-9f6f-a5ffc5852079'), UUID('019f4230-9d5d-7472-a37d-e5bb822e5851'), UUID('019f4230-9d59-7154-b095-d455b160ee4d'), 'running', 'scheduled', datetime.datetime(2026, 7, 8, 15, 25, 35, 668562, tzinfo=datetime.timezone.utc), None, 1, 0, 0, '{"environment_variables": {}}')
INFO     sqlalchemy.engine.Engine:base.py:1848 SELECT test_runs.id, test_runs.collection_id, test_runs.initiated_by, test_runs.status, test_runs.run_type, test_runs.started_at, test_runs.completed_at, test_runs.total_tasks, test_runs.completed_tasks, test_runs.failed_tasks, test_runs.config, test_runs.created_at, test_runs.updated_at 
FROM test_runs 
WHERE test_runs.id = $1::UUID
INFO     sqlalchemy.engine.Engine:base.py:1848 [cached since 0.0926s ago] (UUID('019f4255-a034-7166-9f6f-a5ffc5852079'),)
INFO     sqlalchemy.engine.Engine:base.py:1848 INSERT INTO test_tasks (id, test_run_id, api_request_id, sequence_order, data_row_index, data_context, status, retry_count, max_retries, next_retry_at, assigned_worker_id) VALUES ($1::UUID, $2::UUID, $3::UUID, $4::INTEGER, $5::INTEGER, $6::JSONB, $7::test_task_status, $8::INTEGER, $9::INTEGER, $10::TIMESTAMP WITH TIME ZONE, $11::UUID) RETURNING test_tasks.created_at, test_tasks.updated_at
INFO     sqlalchemy.engine.Engine:base.py:1848 [cached since 0.09202s ago] (UUID('019f4255-a036-7b85-8f31-f5ebfe21d468'), UUID('019f4255-a034-7166-9f6f-a5ffc5852079'), UUID('019f4230-9d5e-7fa7-9d8b-23067a6228d8'), 0, None, 'null', 'pending', 0, 3, None, None)
INFO     sqlalchemy.engine.Engine:base.py:1848 UPDATE schedules SET next_run_at=$1::TIMESTAMP WITH TIME ZONE, last_run_at=$2::TIMESTAMP WITH TIME ZONE, updated_at=now() WHERE schedules.id = $3::UUID
INFO     sqlalchemy.engine.Engine:base.py:1848 [cached since 0.09035s ago] (datetime.datetime(2026, 7, 8, 15, 26, tzinfo=zoneinfo.ZoneInfo(key='UTC')), datetime.datetime(2026, 7, 8, 15, 25, 35, 671234, tzinfo=datetime.timezone.utc), UUID('019f4230-9d5f-7adf-8205-232ebbb7d1c3'))
INFO     sqlalchemy.engine.Engine:base.py:1848 SELECT schedules.id, schedules.collection_id, schedules.cron_expression, schedules.timezone, schedules.is_active, schedules.next_run_at, schedules.last_run_at, schedules.created_by, schedules.created_at, schedules.updated_at 
FROM schedules 
WHERE schedules.id = $1::UUID
INFO     sqlalchemy.engine.Engine:base.py:1848 [cached since 0.08965s ago] (UUID('019f4230-9d5f-7adf-8205-232ebbb7d1c3'),)
INFO     sqlalchemy.engine.Engine:base.py:1848 SELECT api_requests.id, api_requests.collection_id, api_requests.name, api_requests.method, api_requests.url, api_requests.headers, api_requests.query_params, api_requests.body, api_requests.order_index, api_requests.timeout_ms, api_requests.extract_rules, api_requests.created_at, api_requests.updated_at 
FROM api_requests 
WHERE api_requests.collection_id = $1::UUID ORDER BY api_requests.order_index, api_requests.created_at
INFO     sqlalchemy.engine.Engine:base.py:1848 [cached since 10.03s ago] (UUID('019f422e-9a27-7d04-9f7b-401a25eb8036'),)
INFO     sqlalchemy.engine.Engine:base.py:1848 SELECT collections.id, collections.project_id, collections.name, collections.description, collections.created_at, collections.updated_at 
FROM collections 
WHERE collections.id = $1::UUID
INFO     sqlalchemy.engine.Engine:base.py:1848 [cached since 10.03s ago] (UUID('019f422e-9a27-7d04-9f7b-401a25eb8036'),)
INFO     sqlalchemy.engine.Engine:base.py:1848 SELECT environment_variables.id, environment_variables.project_id, environment_variables.key, environment_variables.value, environment_variables.is_secret, environment_variables.created_at, environment_variables.updated_at 
FROM environment_variables 
WHERE environment_variables.project_id = $1::UUID ORDER BY environment_variables.key
INFO     sqlalchemy.engine.Engine:base.py:1848 [cached since 0.09947s ago] (UUID('019f422e-9a24-7486-b1a9-37ea3fc90821'),)
INFO     sqlalchemy.engine.Engine:base.py:1848 INSERT INTO test_runs (id, collection_id, initiated_by, status, run_type, started_at, completed_at, total_tasks, completed_tasks, failed_tasks, config) VALUES ($1::UUID, $2::UUID, $3::UUID, $4::test_run_status, $5::test_run_type, $6::TIMESTAMP WITH TIME ZONE, $7::TIMESTAMP WITH TIME ZONE, $8::INTEGER, $9::INTEGER, $10::INTEGER, $11::JSONB) RETURNING test_runs.created_at, test_runs.updated_at
INFO     sqlalchemy.engine.Engine:base.py:1848 [cached since 0.09863s ago] (UUID('019f4255-a03a-7183-9035-61fb3ac6bc1b'), UUID('019f422e-9a27-7d04-9f7b-401a25eb8036'), UUID('019f422e-9a20-7d88-b7d5-e8ec83395510'), 'running', 'scheduled', datetime.datetime(2026, 7, 8, 15, 25, 35, 673897, tzinfo=datetime.timezone.utc), None, 1, 0, 0, '{"environment_variables": {}}')
INFO     sqlalchemy.engine.Engine:base.py:1848 SELECT test_runs.id, test_runs.collection_id, test_runs.initiated_by, test_runs.status, test_runs.run_type, test_runs.started_at, test_runs.completed_at, test_runs.total_tasks, test_runs.completed_tasks, test_runs.failed_tasks, test_runs.config, test_runs.created_at, test_runs.updated_at 
FROM test_runs 
WHERE test_runs.id = $1::UUID
INFO     sqlalchemy.engine.Engine:base.py:1848 [cached since 0.09771s ago] (UUID('019f4255-a03a-7183-9035-61fb3ac6bc1b'),)
INFO     sqlalchemy.engine.Engine:base.py:1848 INSERT INTO test_tasks (id, test_run_id, api_request_id, sequence_order, data_row_index, data_context, status, retry_count, max_retries, next_retry_at, assigned_worker_id) VALUES ($1::UUID, $2::UUID, $3::UUID, $4::INTEGER, $5::INTEGER, $6::JSONB, $7::test_task_status, $8::INTEGER, $9::INTEGER, $10::TIMESTAMP WITH TIME ZONE, $11::UUID) RETURNING test_tasks.created_at, test_tasks.updated_at
INFO     sqlalchemy.engine.Engine:base.py:1848 [cached since 0.09698s ago] (UUID('019f4255-a03b-7a6a-9ea5-3b40ea3f5705'), UUID('019f4255-a03a-7183-9035-61fb3ac6bc1b'), UUID('019f422e-9a2b-7c59-8609-7645d28064a9'), 0, None, 'null', 'pending', 0, 3, None, None)
INFO     sqlalchemy.engine.Engine:base.py:1848 UPDATE schedules SET next_run_at=$1::TIMESTAMP WITH TIME ZONE, last_run_at=$2::TIMESTAMP WITH TIME ZONE, updated_at=now() WHERE schedules.id = $3::UUID
INFO     sqlalchemy.engine.Engine:base.py:1848 [cached since 0.09522s ago] (datetime.datetime(2026, 7, 8, 15, 26, tzinfo=zoneinfo.ZoneInfo(key='UTC')), datetime.datetime(2026, 7, 8, 15, 25, 35, 676175, tzinfo=datetime.timezone.utc), UUID('019f422e-9a2e-75c0-ae1b-89dbbf84d2cb'))
INFO     sqlalchemy.engine.Engine:base.py:1848 SELECT schedules.id, schedules.collection_id, schedules.cron_expression, schedules.timezone, schedules.is_active, schedules.next_run_at, schedules.last_run_at, schedules.created_by, schedules.created_at, schedules.updated_at 
FROM schedules 
WHERE schedules.id = $1::UUID
INFO     sqlalchemy.engine.Engine:base.py:1848 [cached since 0.09448s ago] (UUID('019f422e-9a2e-75c0-ae1b-89dbbf84d2cb'),)
INFO     sqlalchemy.engine.Engine:base.py:1848 SELECT api_requests.id, api_requests.collection_id, api_requests.name, api_requests.method, api_requests.url, api_requests.headers, api_requests.query_params, api_requests.body, api_requests.order_index, api_requests.timeout_ms, api_requests.extract_rules, api_requests.created_at, api_requests.updated_at 
FROM api_requests 
WHERE api_requests.collection_id = $1::UUID ORDER BY api_requests.order_index, api_requests.created_at
INFO     sqlalchemy.engine.Engine:base.py:1848 [cached since 10.03s ago] (UUID('019f421a-21ea-75b4-81c6-4cbbecc757ed'),)
INFO     sqlalchemy.engine.Engine:base.py:1848 SELECT collections.id, collections.project_id, collections.name, collections.description, collections.created_at, collections.updated_at 
FROM collections 
WHERE collections.id = $1::UUID
INFO     sqlalchemy.engine.Engine:base.py:1848 [cached since 10.04s ago] (UUID('019f421a-21ea-75b4-81c6-4cbbecc757ed'),)
INFO     sqlalchemy.engine.Engine:base.py:1848 SELECT environment_variables.id, environment_variables.project_id, environment_variables.key, environment_variables.value, environment_variables.is_secret, environment_variables.created_at, environment_variables.updated_at 
FROM environment_variables 
WHERE environment_variables.project_id = $1::UUID ORDER BY environment_variables.key
INFO     sqlalchemy.engine.Engine:base.py:1848 [cached since 0.1043s ago] (UUID('019f421a-21e9-7a24-aa1f-85153bcec439'),)
INFO     sqlalchemy.engine.Engine:base.py:1848 INSERT INTO test_runs (id, collection_id, initiated_by, status, run_type, started_at, completed_at, total_tasks, completed_tasks, failed_tasks, config) VALUES ($1::UUID, $2::UUID, $3::UUID, $4::test_run_status, $5::test_run_type, $6::TIMESTAMP WITH TIME ZONE, $7::TIMESTAMP WITH TIME ZONE, $8::INTEGER, $9::INTEGER, $10::INTEGER, $11::JSONB) RETURNING test_runs.created_at, test_runs.updated_at
INFO     sqlalchemy.engine.Engine:base.py:1848 [cached since 0.1035s ago] (UUID('019f4255-a03e-7091-9ab9-7dac62dffa25'), UUID('019f421a-21ea-75b4-81c6-4cbbecc757ed'), UUID('019f421a-21e6-7c61-89d4-6ebd3830d081'), 'running', 'scheduled', datetime.datetime(2026, 7, 8, 15, 25, 35, 678733, tzinfo=datetime.timezone.utc), None, 1, 0, 0, '{"environment_variables": {}}')
INFO     sqlalchemy.engine.Engine:base.py:1848 SELECT test_runs.id, test_runs.collection_id, test_runs.initiated_by, test_runs.status, test_runs.run_type, test_runs.started_at, test_runs.completed_at, test_runs.total_tasks, test_runs.completed_tasks, test_runs.failed_tasks, test_runs.config, test_runs.created_at, test_runs.updated_at 
FROM test_runs 
WHERE test_runs.id = $1::UUID
INFO     sqlalchemy.engine.Engine:base.py:1848 [cached since 0.1025s ago] (UUID('019f4255-a03e-7091-9ab9-7dac62dffa25'),)
INFO     sqlalchemy.engine.Engine:base.py:1848 INSERT INTO test_tasks (id, test_run_id, api_request_id, sequence_order, data_row_index, data_context, status, retry_count, max_retries, next_retry_at, assigned_worker_id) VALUES ($1::UUID, $2::UUID, $3::UUID, $4::INTEGER, $5::INTEGER, $6::JSONB, $7::test_task_status, $8::INTEGER, $9::INTEGER, $10::TIMESTAMP WITH TIME ZONE, $11::UUID) RETURNING test_tasks.created_at, test_tasks.updated_at
INFO     sqlalchemy.engine.Engine:base.py:1848 [cached since 0.1018s ago] (UUID('019f4255-a040-7b72-b8ee-9fc308b45738'), UUID('019f4255-a03e-7091-9ab9-7dac62dffa25'), UUID('019f421a-21eb-7492-8770-5aded4329081'), 0, None, 'null', 'pending', 0, 3, None, None)
INFO     sqlalchemy.engine.Engine:base.py:1848 UPDATE schedules SET next_run_at=$1::TIMESTAMP WITH TIME ZONE, last_run_at=$2::TIMESTAMP WITH TIME ZONE, updated_at=now() WHERE schedules.id = $3::UUID
INFO     sqlalchemy.engine.Engine:base.py:1848 [cached since 0.09993s ago] (datetime.datetime(2026, 7, 8, 15, 26, tzinfo=zoneinfo.ZoneInfo(key='UTC')), datetime.datetime(2026, 7, 8, 15, 25, 35, 680893, tzinfo=datetime.timezone.utc), UUID('019f421a-21ec-7947-86f7-c315f365d2cc'))
INFO     sqlalchemy.engine.Engine:base.py:1848 SELECT schedules.id, schedules.collection_id, schedules.cron_expression, schedules.timezone, schedules.is_active, schedules.next_run_at, schedules.last_run_at, schedules.created_by, schedules.created_at, schedules.updated_at 
FROM schedules 
WHERE schedules.id = $1::UUID
INFO     sqlalchemy.engine.Engine:base.py:1848 [cached since 0.09913s ago] (UUID('019f421a-21ec-7947-86f7-c315f365d2cc'),)
INFO     sqlalchemy.engine.Engine:base.py:1848 SELECT api_requests.id, api_requests.collection_id, api_requests.name, api_requests.method, api_requests.url, api_requests.headers, api_requests.query_params, api_requests.body, api_requests.order_index, api_requests.timeout_ms, api_requests.extract_rules, api_requests.created_at, api_requests.updated_at 
FROM api_requests 
WHERE api_requests.collection_id = $1::UUID ORDER BY api_requests.order_index, api_requests.created_at
INFO     sqlalchemy.engine.Engine:base.py:1848 [cached since 10.04s ago] (UUID('019f4217-f0de-72ad-8744-a3000c4c9f50'),)
INFO     sqlalchemy.engine.Engine:base.py:1848 SELECT collections.id, collections.project_id, collections.name, collections.description, collections.created_at, collections.updated_at 
FROM collections 
WHERE collections.id = $1::UUID
INFO     sqlalchemy.engine.Engine:base.py:1848 [cached since 10.04s ago] (UUID('019f4217-f0de-72ad-8744-a3000c4c9f50'),)
INFO     sqlalchemy.engine.Engine:base.py:1848 SELECT environment_variables.id, environment_variables.project_id, environment_variables.key, environment_variables.value, environment_variables.is_secret, environment_variables.created_at, environment_variables.updated_at 
FROM environment_variables 
WHERE environment_variables.project_id = $1::UUID ORDER BY environment_variables.key
INFO     sqlalchemy.engine.Engine:base.py:1848 [cached since 0.1089s ago] (UUID('019f4217-f0dd-7377-867c-e6cd7dbb965d'),)
INFO     sqlalchemy.engine.Engine:base.py:1848 INSERT INTO test_runs (id, collection_id, initiated_by, status, run_type, started_at, completed_at, total_tasks, completed_tasks, failed_tasks, config) VALUES ($1::UUID, $2::UUID, $3::UUID, $4::test_run_status, $5::test_run_type, $6::TIMESTAMP WITH TIME ZONE, $7::TIMESTAMP WITH TIME ZONE, $8::INTEGER, $9::INTEGER, $10::INTEGER, $11::JSONB) RETURNING test_runs.created_at, test_runs.updated_at
INFO     sqlalchemy.engine.Engine:base.py:1848 [cached since 0.1081s ago] (UUID('019f4255-a043-7578-85be-5f460b3b7956'), UUID('019f4217-f0de-72ad-8744-a3000c4c9f50'), UUID('019f4217-f0da-73e6-ae48-bbaa243182ea'), 'running', 'scheduled', datetime.datetime(2026, 7, 8, 15, 25, 35, 683287, tzinfo=datetime.timezone.utc), None, 1, 0, 0, '{"environment_variables": {}}')
INFO     sqlalchemy.engine.Engine:base.py:1848 SELECT test_runs.id, test_runs.collection_id, test_runs.initiated_by, test_runs.status, test_runs.run_type, test_runs.started_at, test_runs.completed_at, test_runs.total_tasks, test_runs.completed_tasks, test_runs.failed_tasks, test_runs.config, test_runs.created_at, test_runs.updated_at 
FROM test_runs 
WHERE test_runs.id = $1::UUID
INFO     sqlalchemy.engine.Engine:base.py:1848 [cached since 0.1072s ago] (UUID('019f4255-a043-7578-85be-5f460b3b7956'),)
INFO     sqlalchemy.engine.Engine:base.py:1848 INSERT INTO test_tasks (id, test_run_id, api_request_id, sequence_order, data_row_index, data_context, status, retry_count, max_retries, next_retry_at, assigned_worker_id) VALUES ($1::UUID, $2::UUID, $3::UUID, $4::INTEGER, $5::INTEGER, $6::JSONB, $7::test_task_status, $8::INTEGER, $9::INTEGER, $10::TIMESTAMP WITH TIME ZONE, $11::UUID) RETURNING test_tasks.created_at, test_tasks.updated_at
INFO     sqlalchemy.engine.Engine:base.py:1848 [cached since 0.1069s ago] (UUID('019f4255-a045-7abf-b92b-e58743e23570'), UUID('019f4255-a043-7578-85be-5f460b3b7956'), UUID('019f4217-f0df-7cd2-a691-fb8970be3e2a'), 0, None, 'null', 'pending', 0, 3, None, None)
INFO     sqlalchemy.engine.Engine:base.py:1848 UPDATE schedules SET next_run_at=$1::TIMESTAMP WITH TIME ZONE, last_run_at=$2::TIMESTAMP WITH TIME ZONE, updated_at=now() WHERE schedules.id = $3::UUID
INFO     sqlalchemy.engine.Engine:base.py:1848 [cached since 0.1055s ago] (datetime.datetime(2026, 7, 8, 15, 26, tzinfo=zoneinfo.ZoneInfo(key='UTC')), datetime.datetime(2026, 7, 8, 15, 25, 35, 686410, tzinfo=datetime.timezone.utc), UUID('019f4217-f0e0-7c76-b33a-820e64985734'))
INFO     sqlalchemy.engine.Engine:base.py:1848 SELECT schedules.id, schedules.collection_id, schedules.cron_expression, schedules.timezone, schedules.is_active, schedules.next_run_at, schedules.last_run_at, schedules.created_by, schedules.created_at, schedules.updated_at 
FROM schedules 
WHERE schedules.id = $1::UUID
INFO     sqlalchemy.engine.Engine:base.py:1848 [cached since 0.1048s ago] (UUID('019f4217-f0e0-7c76-b33a-820e64985734'),)
INFO     sqlalchemy.engine.Engine:base.py:1848 SELECT api_requests.id, api_requests.collection_id, api_requests.name, api_requests.method, api_requests.url, api_requests.headers, api_requests.query_params, api_requests.body, api_requests.order_index, api_requests.timeout_ms, api_requests.extract_rules, api_requests.created_at, api_requests.updated_at 
FROM api_requests 
WHERE api_requests.collection_id = $1::UUID ORDER BY api_requests.order_index, api_requests.created_at
INFO     sqlalchemy.engine.Engine:base.py:1848 [cached since 10.04s ago] (UUID('019f4237-3667-79d1-8348-7f943de8844c'),)
INFO     sqlalchemy.engine.Engine:base.py:1848 SELECT collections.id, collections.project_id, collections.name, collections.description, collections.created_at, collections.updated_at 
FROM collections 
WHERE collections.id = $1::UUID
INFO     sqlalchemy.engine.Engine:base.py:1848 [cached since 10.05s ago] (UUID('019f4237-3667-79d1-8348-7f943de8844c'),)
INFO     sqlalchemy.engine.Engine:base.py:1848 SELECT environment_variables.id, environment_variables.project_id, environment_variables.key, environment_variables.value, environment_variables.is_secret, environment_variables.created_at, environment_variables.updated_at 
FROM environment_variables 
WHERE environment_variables.project_id = $1::UUID ORDER BY environment_variables.key
INFO     sqlalchemy.engine.Engine:base.py:1848 [cached since 0.1149s ago] (UUID('019f4237-3666-7959-b927-79a650163c56'),)
INFO     sqlalchemy.engine.Engine:base.py:1848 INSERT INTO test_runs (id, collection_id, initiated_by, status, run_type, started_at, completed_at, total_tasks, completed_tasks, failed_tasks, config) VALUES ($1::UUID, $2::UUID, $3::UUID, $4::test_run_status, $5::test_run_type, $6::TIMESTAMP WITH TIME ZONE, $7::TIMESTAMP WITH TIME ZONE, $8::INTEGER, $9::INTEGER, $10::INTEGER, $11::JSONB) RETURNING test_runs.created_at, test_runs.updated_at
INFO     sqlalchemy.engine.Engine:base.py:1848 [cached since 0.1141s ago] (UUID('019f4255-a049-7e40-aec2-0c69a5f452bd'), UUID('019f4237-3667-79d1-8348-7f943de8844c'), UUID('019f4237-3663-7d97-a140-60210636b3b6'), 'running', 'scheduled', datetime.datetime(2026, 7, 8, 15, 25, 35, 689371, tzinfo=datetime.timezone.utc), None, 1, 0, 0, '{"environment_variables": {}}')
INFO     sqlalchemy.engine.Engine:base.py:1848 SELECT test_runs.id, test_runs.collection_id, test_runs.initiated_by, test_runs.status, test_runs.run_type, test_runs.started_at, test_runs.completed_at, test_runs.total_tasks, test_runs.completed_tasks, test_runs.failed_tasks, test_runs.config, test_runs.created_at, test_runs.updated_at 
FROM test_runs 
WHERE test_runs.id = $1::UUID
INFO     sqlalchemy.engine.Engine:base.py:1848 [cached since 0.1132s ago] (UUID('019f4255-a049-7e40-aec2-0c69a5f452bd'),)
INFO     sqlalchemy.engine.Engine:base.py:1848 INSERT INTO test_tasks (id, test_run_id, api_request_id, sequence_order, data_row_index, data_context, status, retry_count, max_retries, next_retry_at, assigned_worker_id) VALUES ($1::UUID, $2::UUID, $3::UUID, $4::INTEGER, $5::INTEGER, $6::JSONB, $7::test_task_status, $8::INTEGER, $9::INTEGER, $10::TIMESTAMP WITH TIME ZONE, $11::UUID) RETURNING test_tasks.created_at, test_tasks.updated_at
INFO     sqlalchemy.engine.Engine:base.py:1848 [cached since 0.1127s ago] (UUID('019f4255-a04a-710f-bffa-fe6f77b0fa4a'), UUID('019f4255-a049-7e40-aec2-0c69a5f452bd'), UUID('019f4237-3668-7281-a8a6-230660f81cb2'), 0, None, 'null', 'pending', 0, 3, None, None)
INFO     sqlalchemy.engine.Engine:base.py:1848 UPDATE schedules SET next_run_at=$1::TIMESTAMP WITH TIME ZONE, last_run_at=$2::TIMESTAMP WITH TIME ZONE, updated_at=now() WHERE schedules.id = $3::UUID
INFO     sqlalchemy.engine.Engine:base.py:1848 [cached since 0.1109s ago] (datetime.datetime(2026, 7, 8, 15, 26, tzinfo=zoneinfo.ZoneInfo(key='UTC')), datetime.datetime(2026, 7, 8, 15, 25, 35, 691831, tzinfo=datetime.timezone.utc), UUID('019f4237-3669-7c85-a07b-f80ad0d3ea89'))
INFO     sqlalchemy.engine.Engine:base.py:1848 SELECT schedules.id, schedules.collection_id, schedules.cron_expression, schedules.timezone, schedules.is_active, schedules.next_run_at, schedules.last_run_at, schedules.created_by, schedules.created_at, schedules.updated_at 
FROM schedules 
WHERE schedules.id = $1::UUID
INFO     sqlalchemy.engine.Engine:base.py:1848 [cached since 0.1102s ago] (UUID('019f4237-3669-7c85-a07b-f80ad0d3ea89'),)
INFO     sqlalchemy.engine.Engine:base.py:1848 SELECT api_requests.id, api_requests.collection_id, api_requests.name, api_requests.method, api_requests.url, api_requests.headers, api_requests.query_params, api_requests.body, api_requests.order_index, api_requests.timeout_ms, api_requests.extract_rules, api_requests.created_at, api_requests.updated_at 
FROM api_requests 
WHERE api_requests.collection_id = $1::UUID ORDER BY api_requests.order_index, api_requests.created_at
INFO     sqlalchemy.engine.Engine:base.py:1848 [cached since 10.05s ago] (UUID('019f422e-1ff4-7b7f-b7e7-9a91f19d1e04'),)
INFO     sqlalchemy.engine.Engine:base.py:1848 SELECT collections.id, collections.project_id, collections.name, collections.description, collections.created_at, collections.updated_at 
FROM collections 
WHERE collections.id = $1::UUID
INFO     sqlalchemy.engine.Engine:base.py:1848 [cached since 10.05s ago] (UUID('019f422e-1ff4-7b7f-b7e7-9a91f19d1e04'),)
INFO     sqlalchemy.engine.Engine:base.py:1848 SELECT environment_variables.id, environment_variables.project_id, environment_variables.key, environment_variables.value, environment_variables.is_secret, environment_variables.created_at, environment_variables.updated_at 
FROM environment_variables 
WHERE environment_variables.project_id = $1::UUID ORDER BY environment_variables.key
INFO     sqlalchemy.engine.Engine:base.py:1848 [cached since 0.1202s ago] (UUID('019f422e-1ff3-72f8-881b-1b70ae2a0a10'),)
INFO     sqlalchemy.engine.Engine:base.py:1848 INSERT INTO test_runs (id, collection_id, initiated_by, status, run_type, started_at, completed_at, total_tasks, completed_tasks, failed_tasks, config) VALUES ($1::UUID, $2::UUID, $3::UUID, $4::test_run_status, $5::test_run_type, $6::TIMESTAMP WITH TIME ZONE, $7::TIMESTAMP WITH TIME ZONE, $8::INTEGER, $9::INTEGER, $10::INTEGER, $11::JSONB) RETURNING test_runs.created_at, test_runs.updated_at
INFO     sqlalchemy.engine.Engine:base.py:1848 [cached since 0.1193s ago] (UUID('019f4255-a04e-7444-8661-e79805264076'), UUID('019f422e-1ff4-7b7f-b7e7-9a91f19d1e04'), UUID('019f422e-1fe4-7a57-9d82-f1b03e66b451'), 'running', 'scheduled', datetime.datetime(2026, 7, 8, 15, 25, 35, 694601, tzinfo=datetime.timezone.utc), None, 1, 0, 0, '{"environment_variables": {}}')
INFO     sqlalchemy.engine.Engine:base.py:1848 SELECT test_runs.id, test_runs.collection_id, test_runs.initiated_by, test_runs.status, test_runs.run_type, test_runs.started_at, test_runs.completed_at, test_runs.total_tasks, test_runs.completed_tasks, test_runs.failed_tasks, test_runs.config, test_runs.created_at, test_runs.updated_at 
FROM test_runs 
WHERE test_runs.id = $1::UUID
INFO     sqlalchemy.engine.Engine:base.py:1848 [cached since 0.1185s ago] (UUID('019f4255-a04e-7444-8661-e79805264076'),)
INFO     sqlalchemy.engine.Engine:base.py:1848 INSERT INTO test_tasks (id, test_run_id, api_request_id, sequence_order, data_row_index, data_context, status, retry_count, max_retries, next_retry_at, assigned_worker_id) VALUES ($1::UUID, $2::UUID, $3::UUID, $4::INTEGER, $5::INTEGER, $6::JSONB, $7::test_task_status, $8::INTEGER, $9::INTEGER, $10::TIMESTAMP WITH TIME ZONE, $11::UUID) RETURNING test_tasks.created_at, test_tasks.updated_at
INFO     sqlalchemy.engine.Engine:base.py:1848 [cached since 0.1178s ago] (UUID('019f4255-a050-7b52-bb9a-5f23f6eb69bc'), UUID('019f4255-a04e-7444-8661-e79805264076'), UUID('019f422e-1ff6-71c9-98ea-01ee4532ab97'), 0, None, 'null', 'pending', 0, 3, None, None)
INFO     sqlalchemy.engine.Engine:base.py:1848 UPDATE schedules SET next_run_at=$1::TIMESTAMP WITH TIME ZONE, last_run_at=$2::TIMESTAMP WITH TIME ZONE, updated_at=now() WHERE schedules.id = $3::UUID
INFO     sqlalchemy.engine.Engine:base.py:1848 [cached since 0.1159s ago] (datetime.datetime(2026, 7, 8, 15, 26, tzinfo=zoneinfo.ZoneInfo(key='UTC')), datetime.datetime(2026, 7, 8, 15, 25, 35, 696887, tzinfo=datetime.timezone.utc), UUID('019f422e-1ffb-76f9-87b4-29f10a61360e'))
INFO     sqlalchemy.engine.Engine:base.py:1848 SELECT schedules.id, schedules.collection_id, schedules.cron_expression, schedules.timezone, schedules.is_active, schedules.next_run_at, schedules.last_run_at, schedules.created_by, schedules.created_at, schedules.updated_at 
FROM schedules 
WHERE schedules.id = $1::UUID
INFO     sqlalchemy.engine.Engine:base.py:1848 [cached since 0.1152s ago] (UUID('019f422e-1ffb-76f9-87b4-29f10a61360e'),)
INFO     sqlalchemy.engine.Engine:base.py:1848 SELECT api_requests.id, api_requests.collection_id, api_requests.name, api_requests.method, api_requests.url, api_requests.headers, api_requests.query_params, api_requests.body, api_requests.order_index, api_requests.timeout_ms, api_requests.extract_rules, api_requests.created_at, api_requests.updated_at 
FROM api_requests 
WHERE api_requests.collection_id = $1::UUID ORDER BY api_requests.order_index, api_requests.created_at
INFO     sqlalchemy.engine.Engine:base.py:1848 [cached since 10.05s ago] (UUID('019f4232-56ee-7123-a8dd-724b5ca12632'),)
INFO     sqlalchemy.engine.Engine:base.py:1848 SELECT collections.id, collections.project_id, collections.name, collections.description, collections.created_at, collections.updated_at 
FROM collections 
WHERE collections.id = $1::UUID
INFO     sqlalchemy.engine.Engine:base.py:1848 [cached since 10.06s ago] (UUID('019f4232-56ee-7123-a8dd-724b5ca12632'),)
INFO     sqlalchemy.engine.Engine:base.py:1848 SELECT environment_variables.id, environment_variables.project_id, environment_variables.key, environment_variables.value, environment_variables.is_secret, environment_variables.created_at, environment_variables.updated_at 
FROM environment_variables 
WHERE environment_variables.project_id = $1::UUID ORDER BY environment_variables.key
INFO     sqlalchemy.engine.Engine:base.py:1848 [cached since 0.125s ago] (UUID('019f4232-56ed-7bb3-ac03-7be5c464e751'),)
INFO     sqlalchemy.engine.Engine:base.py:1848 INSERT INTO test_runs (id, collection_id, initiated_by, status, run_type, started_at, completed_at, total_tasks, completed_tasks, failed_tasks, config) VALUES ($1::UUID, $2::UUID, $3::UUID, $4::test_run_status, $5::test_run_type, $6::TIMESTAMP WITH TIME ZONE, $7::TIMESTAMP WITH TIME ZONE, $8::INTEGER, $9::INTEGER, $10::INTEGER, $11::JSONB) RETURNING test_runs.created_at, test_runs.updated_at
INFO     sqlalchemy.engine.Engine:base.py:1848 [cached since 0.1242s ago] (UUID('019f4255-a053-7709-9a0f-fbcf1b64c5d3'), UUID('019f4232-56ee-7123-a8dd-724b5ca12632'), UUID('019f4232-56e9-7b2c-9d27-1f5ae93126fc'), 'running', 'scheduled', datetime.datetime(2026, 7, 8, 15, 25, 35, 699427, tzinfo=datetime.timezone.utc), None, 1, 0, 0, '{"environment_variables": {}}')
INFO     sqlalchemy.engine.Engine:base.py:1848 SELECT test_runs.id, test_runs.collection_id, test_runs.initiated_by, test_runs.status, test_runs.run_type, test_runs.started_at, test_runs.completed_at, test_runs.total_tasks, test_runs.completed_tasks, test_runs.failed_tasks, test_runs.config, test_runs.created_at, test_runs.updated_at 
FROM test_runs 
WHERE test_runs.id = $1::UUID
INFO     sqlalchemy.engine.Engine:base.py:1848 [cached since 0.1233s ago] (UUID('019f4255-a053-7709-9a0f-fbcf1b64c5d3'),)
INFO     sqlalchemy.engine.Engine:base.py:1848 INSERT INTO test_tasks (id, test_run_id, api_request_id, sequence_order, data_row_index, data_context, status, retry_count, max_retries, next_retry_at, assigned_worker_id) VALUES ($1::UUID, $2::UUID, $3::UUID, $4::INTEGER, $5::INTEGER, $6::JSONB, $7::test_task_status, $8::INTEGER, $9::INTEGER, $10::TIMESTAMP WITH TIME ZONE, $11::UUID) RETURNING test_tasks.created_at, test_tasks.updated_at
INFO     sqlalchemy.engine.Engine:base.py:1848 [cached since 0.1226s ago] (UUID('019f4255-a054-7123-850d-ddd64956c818'), UUID('019f4255-a053-7709-9a0f-fbcf1b64c5d3'), UUID('019f4232-56ef-7471-96bf-2d4b6918213e'), 0, None, 'null', 'pending', 0, 3, None, None)
INFO     sqlalchemy.engine.Engine:base.py:1848 UPDATE schedules SET next_run_at=$1::TIMESTAMP WITH TIME ZONE, last_run_at=$2::TIMESTAMP WITH TIME ZONE, updated_at=now() WHERE schedules.id = $3::UUID
INFO     sqlalchemy.engine.Engine:base.py:1848 [cached since 0.1211s ago] (datetime.datetime(2026, 7, 8, 15, 26, tzinfo=zoneinfo.ZoneInfo(key='UTC')), datetime.datetime(2026, 7, 8, 15, 25, 35, 702009, tzinfo=datetime.timezone.utc), UUID('019f4232-56f0-7e97-8947-cd478001544e'))
INFO     sqlalchemy.engine.Engine:base.py:1848 SELECT schedules.id, schedules.collection_id, schedules.cron_expression, schedules.timezone, schedules.is_active, schedules.next_run_at, schedules.last_run_at, schedules.created_by, schedules.created_at, schedules.updated_at 
FROM schedules 
WHERE schedules.id = $1::UUID
INFO     sqlalchemy.engine.Engine:base.py:1848 [cached since 0.1211s ago] (UUID('019f4232-56f0-7e97-8947-cd478001544e'),)
INFO     sqlalchemy.engine.Engine:base.py:1848 SELECT api_requests.id, api_requests.collection_id, api_requests.name, api_requests.method, api_requests.url, api_requests.headers, api_requests.query_params, api_requests.body, api_requests.order_index, api_requests.timeout_ms, api_requests.extract_rules, api_requests.created_at, api_requests.updated_at 
FROM api_requests 
WHERE api_requests.collection_id = $1::UUID ORDER BY api_requests.order_index, api_requests.created_at
INFO     sqlalchemy.engine.Engine:base.py:1848 [cached since 10.06s ago] (UUID('019f4232-5552-730e-804f-b0c01ce61cf2'),)
INFO     sqlalchemy.engine.Engine:base.py:1848 SELECT collections.id, collections.project_id, collections.name, collections.description, collections.created_at, collections.updated_at 
FROM collections 
WHERE collections.id = $1::UUID
INFO     sqlalchemy.engine.Engine:base.py:1848 [cached since 10.06s ago] (UUID('019f4232-5552-730e-804f-b0c01ce61cf2'),)
INFO     sqlalchemy.engine.Engine:base.py:1848 SELECT environment_variables.id, environment_variables.project_id, environment_variables.key, environment_variables.value, environment_variables.is_secret, environment_variables.created_at, environment_variables.updated_at 
FROM environment_variables 
WHERE environment_variables.project_id = $1::UUID ORDER BY environment_variables.key
INFO     sqlalchemy.engine.Engine:base.py:1848 [cached since 0.1312s ago] (UUID('019f4232-5551-78e9-97c0-b271a605f24f'),)
INFO     sqlalchemy.engine.Engine:base.py:1848 INSERT INTO test_runs (id, collection_id, initiated_by, status, run_type, started_at, completed_at, total_tasks, completed_tasks, failed_tasks, config) VALUES ($1::UUID, $2::UUID, $3::UUID, $4::test_run_status, $5::test_run_type, $6::TIMESTAMP WITH TIME ZONE, $7::TIMESTAMP WITH TIME ZONE, $8::INTEGER, $9::INTEGER, $10::INTEGER, $11::JSONB) RETURNING test_runs.created_at, test_runs.updated_at
INFO     sqlalchemy.engine.Engine:base.py:1848 [cached since 0.1305s ago] (UUID('019f4255-a059-71fb-ba9a-4a4cefe37a29'), UUID('019f4232-5552-730e-804f-b0c01ce61cf2'), UUID('019f4232-554e-78ea-a2ac-749d1129652e'), 'running', 'scheduled', datetime.datetime(2026, 7, 8, 15, 25, 35, 705727, tzinfo=datetime.timezone.utc), None, 1, 0, 0, '{"environment_variables": {}}')
INFO     sqlalchemy.engine.Engine:base.py:1848 SELECT test_runs.id, test_runs.collection_id, test_runs.initiated_by, test_runs.status, test_runs.run_type, test_runs.started_at, test_runs.completed_at, test_runs.total_tasks, test_runs.completed_tasks, test_runs.failed_tasks, test_runs.config, test_runs.created_at, test_runs.updated_at 
FROM test_runs 
WHERE test_runs.id = $1::UUID
INFO     sqlalchemy.engine.Engine:base.py:1848 [cached since 0.1297s ago] (UUID('019f4255-a059-71fb-ba9a-4a4cefe37a29'),)
INFO     sqlalchemy.engine.Engine:base.py:1848 INSERT INTO test_tasks (id, test_run_id, api_request_id, sequence_order, data_row_index, data_context, status, retry_count, max_retries, next_retry_at, assigned_worker_id) VALUES ($1::UUID, $2::UUID, $3::UUID, $4::INTEGER, $5::INTEGER, $6::JSONB, $7::test_task_status, $8::INTEGER, $9::INTEGER, $10::TIMESTAMP WITH TIME ZONE, $11::UUID) RETURNING test_tasks.created_at, test_tasks.updated_at
INFO     sqlalchemy.engine.Engine:base.py:1848 [cached since 0.1292s ago] (UUID('019f4255-a05b-748c-bb70-a9a7c4820dbf'), UUID('019f4255-a059-71fb-ba9a-4a4cefe37a29'), UUID('019f4232-5553-78c4-b514-760d7f430169'), 0, None, 'null', 'pending', 0, 3, None, None)
INFO     sqlalchemy.engine.Engine:base.py:1848 UPDATE schedules SET next_run_at=$1::TIMESTAMP WITH TIME ZONE, last_run_at=$2::TIMESTAMP WITH TIME ZONE, updated_at=now() WHERE schedules.id = $3::UUID
INFO     sqlalchemy.engine.Engine:base.py:1848 [cached since 0.1278s ago] (datetime.datetime(2026, 7, 8, 15, 26, tzinfo=zoneinfo.ZoneInfo(key='UTC')), datetime.datetime(2026, 7, 8, 15, 25, 35, 708740, tzinfo=datetime.timezone.utc), UUID('019f4232-5554-7d0e-80a5-c2435d27de71'))
INFO     sqlalchemy.engine.Engine:base.py:1848 SELECT schedules.id, schedules.collection_id, schedules.cron_expression, schedules.timezone, schedules.is_active, schedules.next_run_at, schedules.last_run_at, schedules.created_by, schedules.created_at, schedules.updated_at 
FROM schedules 
WHERE schedules.id = $1::UUID
INFO     sqlalchemy.engine.Engine:base.py:1848 [cached since 0.1271s ago] (UUID('019f4232-5554-7d0e-80a5-c2435d27de71'),)
INFO     sqlalchemy.engine.Engine:base.py:1848 SELECT api_requests.id, api_requests.collection_id, api_requests.name, api_requests.method, api_requests.url, api_requests.headers, api_requests.query_params, api_requests.body, api_requests.order_index, api_requests.timeout_ms, api_requests.extract_rules, api_requests.created_at, api_requests.updated_at 
FROM api_requests 
WHERE api_requests.collection_id = $1::UUID ORDER BY api_requests.order_index, api_requests.created_at
INFO     sqlalchemy.engine.Engine:base.py:1848 [cached since 10.06s ago] (UUID('019f4217-edeb-7c45-9bfb-85d41d263cf8'),)
INFO     sqlalchemy.engine.Engine:base.py:1848 SELECT collections.id, collections.project_id, collections.name, collections.description, collections.created_at, collections.updated_at 
FROM collections 
WHERE collections.id = $1::UUID
INFO     sqlalchemy.engine.Engine:base.py:1848 [cached since 10.07s ago] (UUID('019f4217-edeb-7c45-9bfb-85d41d263cf8'),)
INFO     sqlalchemy.engine.Engine:base.py:1848 SELECT environment_variables.id, environment_variables.project_id, environment_variables.key, environment_variables.value, environment_variables.is_secret, environment_variables.created_at, environment_variables.updated_at 
FROM environment_variables 
WHERE environment_variables.project_id = $1::UUID ORDER BY environment_variables.key
INFO     sqlalchemy.engine.Engine:base.py:1848 [cached since 0.1371s ago] (UUID('019f4217-edea-7d08-81f5-6bc05f1709a1'),)
INFO     sqlalchemy.engine.Engine:base.py:1848 INSERT INTO test_runs (id, collection_id, initiated_by, status, run_type, started_at, completed_at, total_tasks, completed_tasks, failed_tasks, config) VALUES ($1::UUID, $2::UUID, $3::UUID, $4::test_run_status, $5::test_run_type, $6::TIMESTAMP WITH TIME ZONE, $7::TIMESTAMP WITH TIME ZONE, $8::INTEGER, $9::INTEGER, $10::INTEGER, $11::JSONB) RETURNING test_runs.created_at, test_runs.updated_at
INFO     sqlalchemy.engine.Engine:base.py:1848 [cached since 0.1364s ago] (UUID('019f4255-a05f-7ce0-a82a-019734916902'), UUID('019f4217-edeb-7c45-9bfb-85d41d263cf8'), UUID('019f4217-ede7-7e16-889d-68837e827f36'), 'running', 'scheduled', datetime.datetime(2026, 7, 8, 15, 25, 35, 711633, tzinfo=datetime.timezone.utc), None, 1, 0, 0, '{"environment_variables": {}}')
INFO     sqlalchemy.engine.Engine:base.py:1848 SELECT test_runs.id, test_runs.collection_id, test_runs.initiated_by, test_runs.status, test_runs.run_type, test_runs.started_at, test_runs.completed_at, test_runs.total_tasks, test_runs.completed_tasks, test_runs.failed_tasks, test_runs.config, test_runs.created_at, test_runs.updated_at 
FROM test_runs 
WHERE test_runs.id = $1::UUID
INFO     sqlalchemy.engine.Engine:base.py:1848 [cached since 0.1355s ago] (UUID('019f4255-a05f-7ce0-a82a-019734916902'),)
INFO     sqlalchemy.engine.Engine:base.py:1848 INSERT INTO test_tasks (id, test_run_id, api_request_id, sequence_order, data_row_index, data_context, status, retry_count, max_retries, next_retry_at, assigned_worker_id) VALUES ($1::UUID, $2::UUID, $3::UUID, $4::INTEGER, $5::INTEGER, $6::JSONB, $7::test_task_status, $8::INTEGER, $9::INTEGER, $10::TIMESTAMP WITH TIME ZONE, $11::UUID) RETURNING test_tasks.created_at, test_tasks.updated_at
INFO     sqlalchemy.engine.Engine:base.py:1848 [cached since 0.1349s ago] (UUID('019f4255-a061-71e4-a849-9e37d82477b9'), UUID('019f4255-a05f-7ce0-a82a-019734916902'), UUID('019f4217-edec-717a-b913-ab5b8d75f9f9'), 0, None, 'null', 'pending', 0, 3, None, None)
INFO     sqlalchemy.engine.Engine:base.py:1848 UPDATE schedules SET next_run_at=$1::TIMESTAMP WITH TIME ZONE, last_run_at=$2::TIMESTAMP WITH TIME ZONE, updated_at=now() WHERE schedules.id = $3::UUID
INFO     sqlalchemy.engine.Engine:base.py:1848 [cached since 0.1331s ago] (datetime.datetime(2026, 7, 8, 15, 26, tzinfo=zoneinfo.ZoneInfo(key='UTC')), datetime.datetime(2026, 7, 8, 15, 25, 35, 714017, tzinfo=datetime.timezone.utc), UUID('019f4217-eded-79dd-a210-557386ff4d30'))
INFO     sqlalchemy.engine.Engine:base.py:1848 SELECT schedules.id, schedules.collection_id, schedules.cron_expression, schedules.timezone, schedules.is_active, schedules.next_run_at, schedules.last_run_at, schedules.created_by, schedules.created_at, schedules.updated_at 
FROM schedules 
WHERE schedules.id = $1::UUID
INFO     sqlalchemy.engine.Engine:base.py:1848 [cached since 0.1323s ago] (UUID('019f4217-eded-79dd-a210-557386ff4d30'),)
INFO     sqlalchemy.engine.Engine:base.py:1848 SELECT api_requests.id, api_requests.collection_id, api_requests.name, api_requests.method, api_requests.url, api_requests.headers, api_requests.query_params, api_requests.body, api_requests.order_index, api_requests.timeout_ms, api_requests.extract_rules, api_requests.created_at, api_requests.updated_at 
FROM api_requests 
WHERE api_requests.collection_id = $1::UUID ORDER BY api_requests.order_index, api_requests.created_at
INFO     sqlalchemy.engine.Engine:base.py:1848 [cached since 10.07s ago] (UUID('019f4217-f3c4-795b-8efe-f5141c2a7475'),)
INFO     sqlalchemy.engine.Engine:base.py:1848 SELECT collections.id, collections.project_id, collections.name, collections.description, collections.created_at, collections.updated_at 
FROM collections 
WHERE collections.id = $1::UUID
INFO     sqlalchemy.engine.Engine:base.py:1848 [cached since 10.07s ago] (UUID('019f4217-f3c4-795b-8efe-f5141c2a7475'),)
INFO     sqlalchemy.engine.Engine:base.py:1848 SELECT environment_variables.id, environment_variables.project_id, environment_variables.key, environment_variables.value, environment_variables.is_secret, environment_variables.created_at, environment_variables.updated_at 
FROM environment_variables 
WHERE environment_variables.project_id = $1::UUID ORDER BY environment_variables.key
INFO     sqlalchemy.engine.Engine:base.py:1848 [cached since 0.1424s ago] (UUID('019f4217-f3c3-7235-88ae-d20101c522c6'),)
INFO     sqlalchemy.engine.Engine:base.py:1848 INSERT INTO test_runs (id, collection_id, initiated_by, status, run_type, started_at, completed_at, total_tasks, completed_tasks, failed_tasks, config) VALUES ($1::UUID, $2::UUID, $3::UUID, $4::test_run_status, $5::test_run_type, $6::TIMESTAMP WITH TIME ZONE, $7::TIMESTAMP WITH TIME ZONE, $8::INTEGER, $9::INTEGER, $10::INTEGER, $11::JSONB) RETURNING test_runs.created_at, test_runs.updated_at
INFO     sqlalchemy.engine.Engine:base.py:1848 [cached since 0.1416s ago] (UUID('019f4255-a065-7408-872c-6889f3b164a3'), UUID('019f4217-f3c4-795b-8efe-f5141c2a7475'), UUID('019f4217-f3c0-78d5-b8f9-a2ccc6a7d3b2'), 'running', 'scheduled', datetime.datetime(2026, 7, 8, 15, 25, 35, 716841, tzinfo=datetime.timezone.utc), None, 1, 0, 0, '{"environment_variables": {}}')
INFO     sqlalchemy.engine.Engine:base.py:1848 SELECT test_runs.id, test_runs.collection_id, test_runs.initiated_by, test_runs.status, test_runs.run_type, test_runs.started_at, test_runs.completed_at, test_runs.total_tasks, test_runs.completed_tasks, test_runs.failed_tasks, test_runs.config, test_runs.created_at, test_runs.updated_at 
FROM test_runs 
WHERE test_runs.id = $1::UUID
INFO     sqlalchemy.engine.Engine:base.py:1848 [cached since 0.1407s ago] (UUID('019f4255-a065-7408-872c-6889f3b164a3'),)
INFO     sqlalchemy.engine.Engine:base.py:1848 INSERT INTO test_tasks (id, test_run_id, api_request_id, sequence_order, data_row_index, data_context, status, retry_count, max_retries, next_retry_at, assigned_worker_id) VALUES ($1::UUID, $2::UUID, $3::UUID, $4::INTEGER, $5::INTEGER, $6::JSONB, $7::test_task_status, $8::INTEGER, $9::INTEGER, $10::TIMESTAMP WITH TIME ZONE, $11::UUID) RETURNING test_tasks.created_at, test_tasks.updated_at
INFO     sqlalchemy.engine.Engine:base.py:1848 [cached since 0.14s ago] (UUID('019f4255-a066-72c0-8a17-e1e788d1a005'), UUID('019f4255-a065-7408-872c-6889f3b164a3'), UUID('019f4217-f3c5-7edf-a215-323a95a8bbce'), 0, None, 'null', 'pending', 0, 3, None, None)
INFO     sqlalchemy.engine.Engine:base.py:1848 UPDATE schedules SET next_run_at=$1::TIMESTAMP WITH TIME ZONE, last_run_at=$2::TIMESTAMP WITH TIME ZONE, updated_at=now() WHERE schedules.id = $3::UUID
INFO     sqlalchemy.engine.Engine:base.py:1848 [cached since 0.1382s ago] (datetime.datetime(2026, 7, 8, 15, 26, tzinfo=zoneinfo.ZoneInfo(key='UTC')), datetime.datetime(2026, 7, 8, 15, 25, 35, 719120, tzinfo=datetime.timezone.utc), UUID('019f4217-f3c6-7d95-a909-a0f4ff3a1bba'))
INFO     sqlalchemy.engine.Engine:base.py:1848 SELECT schedules.id, schedules.collection_id, schedules.cron_expression, schedules.timezone, schedules.is_active, schedules.next_run_at, schedules.last_run_at, schedules.created_by, schedules.created_at, schedules.updated_at 
FROM schedules 
WHERE schedules.id = $1::UUID
INFO     sqlalchemy.engine.Engine:base.py:1848 [cached since 0.1377s ago] (UUID('019f4217-f3c6-7d95-a909-a0f4ff3a1bba'),)
INFO     sqlalchemy.engine.Engine:base.py:1848 SELECT api_requests.id, api_requests.collection_id, api_requests.name, api_requests.method, api_requests.url, api_requests.headers, api_requests.query_params, api_requests.body, api_requests.order_index, api_requests.timeout_ms, api_requests.extract_rules, api_requests.created_at, api_requests.updated_at 
FROM api_requests 
WHERE api_requests.collection_id = $1::UUID ORDER BY api_requests.order_index, api_requests.created_at
INFO     sqlalchemy.engine.Engine:base.py:1848 [cached since 10.07s ago] (UUID('019f4217-ef6f-77aa-a298-8699538f9974'),)
INFO     sqlalchemy.engine.Engine:base.py:1848 SELECT collections.id, collections.project_id, collections.name, collections.description, collections.created_at, collections.updated_at 
FROM collections 
WHERE collections.id = $1::UUID
INFO     sqlalchemy.engine.Engine:base.py:1848 [cached since 10.08s ago] (UUID('019f4217-ef6f-77aa-a298-8699538f9974'),)
INFO     sqlalchemy.engine.Engine:base.py:1848 SELECT environment_variables.id, environment_variables.project_id, environment_variables.key, environment_variables.value, environment_variables.is_secret, environment_variables.created_at, environment_variables.updated_at 
FROM environment_variables 
WHERE environment_variables.project_id = $1::UUID ORDER BY environment_variables.key
INFO     sqlalchemy.engine.Engine:base.py:1848 [cached since 0.1477s ago] (UUID('019f4217-ef6e-702b-ae12-38d83d2d5a29'),)
INFO     sqlalchemy.engine.Engine:base.py:1848 INSERT INTO test_runs (id, collection_id, initiated_by, status, run_type, started_at, completed_at, total_tasks, completed_tasks, failed_tasks, config) VALUES ($1::UUID, $2::UUID, $3::UUID, $4::test_run_status, $5::test_run_type, $6::TIMESTAMP WITH TIME ZONE, $7::TIMESTAMP WITH TIME ZONE, $8::INTEGER, $9::INTEGER, $10::INTEGER, $11::JSONB) RETURNING test_runs.created_at, test_runs.updated_at
INFO     sqlalchemy.engine.Engine:base.py:1848 [cached since 0.1468s ago] (UUID('019f4255-a06a-7c32-8cbc-ff10b6fa5eb2'), UUID('019f4217-ef6f-77aa-a298-8699538f9974'), UUID('019f4217-ef6b-76a2-adef-c4df9f13f149'), 'running', 'scheduled', datetime.datetime(2026, 7, 8, 15, 25, 35, 722100, tzinfo=datetime.timezone.utc), None, 1, 0, 0, '{"environment_variables": {}}')
INFO     sqlalchemy.engine.Engine:base.py:1848 SELECT test_runs.id, test_runs.collection_id, test_runs.initiated_by, test_runs.status, test_runs.run_type, test_runs.started_at, test_runs.completed_at, test_runs.total_tasks, test_runs.completed_tasks, test_runs.failed_tasks, test_runs.config, test_runs.created_at, test_runs.updated_at 
FROM test_runs 
WHERE test_runs.id = $1::UUID
INFO     sqlalchemy.engine.Engine:base.py:1848 [cached since 0.146s ago] (UUID('019f4255-a06a-7c32-8cbc-ff10b6fa5eb2'),)
INFO     sqlalchemy.engine.Engine:base.py:1848 INSERT INTO test_tasks (id, test_run_id, api_request_id, sequence_order, data_row_index, data_context, status, retry_count, max_retries, next_retry_at, assigned_worker_id) VALUES ($1::UUID, $2::UUID, $3::UUID, $4::INTEGER, $5::INTEGER, $6::JSONB, $7::test_task_status, $8::INTEGER, $9::INTEGER, $10::TIMESTAMP WITH TIME ZONE, $11::UUID) RETURNING test_tasks.created_at, test_tasks.updated_at
INFO     sqlalchemy.engine.Engine:base.py:1848 [cached since 0.1454s ago] (UUID('019f4255-a06b-7058-b791-c412a2d22f26'), UUID('019f4255-a06a-7c32-8cbc-ff10b6fa5eb2'), UUID('019f4217-ef70-7e1c-a3f6-9e30410ddf6a'), 0, None, 'null', 'pending', 0, 3, None, None)
INFO     sqlalchemy.engine.Engine:base.py:1848 UPDATE schedules SET next_run_at=$1::TIMESTAMP WITH TIME ZONE, last_run_at=$2::TIMESTAMP WITH TIME ZONE, updated_at=now() WHERE schedules.id = $3::UUID
INFO     sqlalchemy.engine.Engine:base.py:1848 [cached since 0.1437s ago] (datetime.datetime(2026, 7, 8, 15, 26, tzinfo=zoneinfo.ZoneInfo(key='UTC')), datetime.datetime(2026, 7, 8, 15, 25, 35, 724658, tzinfo=datetime.timezone.utc), UUID('019f4217-ef71-747d-be2a-e7c53e613d9e'))
INFO     sqlalchemy.engine.Engine:base.py:1848 SELECT schedules.id, schedules.collection_id, schedules.cron_expression, schedules.timezone, schedules.is_active, schedules.next_run_at, schedules.last_run_at, schedules.created_by, schedules.created_at, schedules.updated_at 
FROM schedules 
WHERE schedules.id = $1::UUID
INFO     sqlalchemy.engine.Engine:base.py:1848 [cached since 0.1431s ago] (UUID('019f4217-ef71-747d-be2a-e7c53e613d9e'),)
INFO     sqlalchemy.engine.Engine:base.py:1848 SELECT api_requests.id, api_requests.collection_id, api_requests.name, api_requests.method, api_requests.url, api_requests.headers, api_requests.query_params, api_requests.body, api_requests.order_index, api_requests.timeout_ms, api_requests.extract_rules, api_requests.created_at, api_requests.updated_at 
FROM api_requests 
WHERE api_requests.collection_id = $1::UUID ORDER BY api_requests.order_index, api_requests.created_at
INFO     sqlalchemy.engine.Engine:base.py:1848 [cached since 10.08s ago] (UUID('019f4217-eff3-7dd1-b52e-75581e3e832b'),)
WARNING  scheduler.cron_scheduler:cron_scheduler.py:76 Schedule 019f4217-eff4-7194-b586-1d4842f73c0c is due but its collection has no requests; skipping this cycle.
INFO     sqlalchemy.engine.Engine:base.py:1848 UPDATE schedules SET next_run_at=$1::TIMESTAMP WITH TIME ZONE, last_run_at=$2::TIMESTAMP WITH TIME ZONE, updated_at=now() WHERE schedules.id = $3::UUID
INFO     sqlalchemy.engine.Engine:base.py:1848 [cached since 0.1456s ago] (datetime.datetime(2026, 7, 8, 15, 26, tzinfo=zoneinfo.ZoneInfo(key='UTC')), datetime.datetime(2026, 7, 8, 15, 25, 35, 726568, tzinfo=datetime.timezone.utc), UUID('019f4217-eff4-7194-b586-1d4842f73c0c'))
INFO     sqlalchemy.engine.Engine:base.py:1848 SELECT schedules.id, schedules.collection_id, schedules.cron_expression, schedules.timezone, schedules.is_active, schedules.next_run_at, schedules.last_run_at, schedules.created_by, schedules.created_at, schedules.updated_at 
FROM schedules 
WHERE schedules.id = $1::UUID
INFO     sqlalchemy.engine.Engine:base.py:1848 [cached since 0.1448s ago] (UUID('019f4217-eff4-7194-b586-1d4842f73c0c'),)
INFO     sqlalchemy.engine.Engine:base.py:1848 SELECT api_requests.id, api_requests.collection_id, api_requests.name, api_requests.method, api_requests.url, api_requests.headers, api_requests.query_params, api_requests.body, api_requests.order_index, api_requests.timeout_ms, api_requests.extract_rules, api_requests.created_at, api_requests.updated_at 
FROM api_requests 
WHERE api_requests.collection_id = $1::UUID ORDER BY api_requests.order_index, api_requests.created_at
INFO     sqlalchemy.engine.Engine:base.py:1848 [cached since 10.08s ago] (UUID('019f4219-5238-7515-876c-f28b9585ba11'),)
INFO     sqlalchemy.engine.Engine:base.py:1848 SELECT collections.id, collections.project_id, collections.name, collections.description, collections.created_at, collections.updated_at 
FROM collections 
WHERE collections.id = $1::UUID
INFO     sqlalchemy.engine.Engine:base.py:1848 [cached since 10.09s ago] (UUID('019f4219-5238-7515-876c-f28b9585ba11'),)
INFO     sqlalchemy.engine.Engine:base.py:1848 SELECT environment_variables.id, environment_variables.project_id, environment_variables.key, environment_variables.value, environment_variables.is_secret, environment_variables.created_at, environment_variables.updated_at 
FROM environment_variables 
WHERE environment_variables.project_id = $1::UUID ORDER BY environment_variables.key
INFO     sqlalchemy.engine.Engine:base.py:1848 [cached since 0.1548s ago] (UUID('019f4219-5237-72cb-afab-542f20920b8a'),)
INFO     sqlalchemy.engine.Engine:base.py:1848 INSERT INTO test_runs (id, collection_id, initiated_by, status, run_type, started_at, completed_at, total_tasks, completed_tasks, failed_tasks, config) VALUES ($1::UUID, $2::UUID, $3::UUID, $4::test_run_status, $5::test_run_type, $6::TIMESTAMP WITH TIME ZONE, $7::TIMESTAMP WITH TIME ZONE, $8::INTEGER, $9::INTEGER, $10::INTEGER, $11::JSONB) RETURNING test_runs.created_at, test_runs.updated_at
INFO     sqlalchemy.engine.Engine:base.py:1848 [cached since 0.1541s ago] (UUID('019f4255-a071-76f0-85ac-3ecb76bc6659'), UUID('019f4219-5238-7515-876c-f28b9585ba11'), UUID('019f4219-5234-7fcb-ba86-ee29daa5d32f'), 'running', 'scheduled', datetime.datetime(2026, 7, 8, 15, 25, 35, 729342, tzinfo=datetime.timezone.utc), None, 1, 0, 0, '{"environment_variables": {}}')
INFO     sqlalchemy.engine.Engine:base.py:1848 SELECT test_runs.id, test_runs.collection_id, test_runs.initiated_by, test_runs.status, test_runs.run_type, test_runs.started_at, test_runs.completed_at, test_runs.total_tasks, test_runs.completed_tasks, test_runs.failed_tasks, test_runs.config, test_runs.created_at, test_runs.updated_at 
FROM test_runs 
WHERE test_runs.id = $1::UUID
INFO     sqlalchemy.engine.Engine:base.py:1848 [cached since 0.1535s ago] (UUID('019f4255-a071-76f0-85ac-3ecb76bc6659'),)
INFO     sqlalchemy.engine.Engine:base.py:1848 INSERT INTO test_tasks (id, test_run_id, api_request_id, sequence_order, data_row_index, data_context, status, retry_count, max_retries, next_retry_at, assigned_worker_id) VALUES ($1::UUID, $2::UUID, $3::UUID, $4::INTEGER, $5::INTEGER, $6::JSONB, $7::test_task_status, $8::INTEGER, $9::INTEGER, $10::TIMESTAMP WITH TIME ZONE, $11::UUID) RETURNING test_tasks.created_at, test_tasks.updated_at
INFO     sqlalchemy.engine.Engine:base.py:1848 [cached since 0.1531s ago] (UUID('019f4255-a073-7d96-875b-44c2698f06d7'), UUID('019f4255-a071-76f0-85ac-3ecb76bc6659'), UUID('019f4219-5239-7c86-a06d-55cf7e8ea2bb'), 0, None, 'null', 'pending', 0, 3, None, None)
INFO     sqlalchemy.engine.Engine:base.py:1848 UPDATE schedules SET next_run_at=$1::TIMESTAMP WITH TIME ZONE, last_run_at=$2::TIMESTAMP WITH TIME ZONE, updated_at=now() WHERE schedules.id = $3::UUID
INFO     sqlalchemy.engine.Engine:base.py:1848 [cached since 0.1514s ago] (datetime.datetime(2026, 7, 8, 15, 26, tzinfo=zoneinfo.ZoneInfo(key='UTC')), datetime.datetime(2026, 7, 8, 15, 25, 35, 732340, tzinfo=datetime.timezone.utc), UUID('019f4219-523a-7ed4-8fbe-1b6aff8c6971'))
INFO     sqlalchemy.engine.Engine:base.py:1848 SELECT schedules.id, schedules.collection_id, schedules.cron_expression, schedules.timezone, schedules.is_active, schedules.next_run_at, schedules.last_run_at, schedules.created_by, schedules.created_at, schedules.updated_at 
FROM schedules 
WHERE schedules.id = $1::UUID
INFO     sqlalchemy.engine.Engine:base.py:1848 [cached since 0.1507s ago] (UUID('019f4219-523a-7ed4-8fbe-1b6aff8c6971'),)
INFO     sqlalchemy.engine.Engine:base.py:1848 SELECT api_requests.id, api_requests.collection_id, api_requests.name, api_requests.method, api_requests.url, api_requests.headers, api_requests.query_params, api_requests.body, api_requests.order_index, api_requests.timeout_ms, api_requests.extract_rules, api_requests.created_at, api_requests.updated_at 
FROM api_requests 
WHERE api_requests.collection_id = $1::UUID ORDER BY api_requests.order_index, api_requests.created_at
INFO     sqlalchemy.engine.Engine:base.py:1848 [cached since 10.09s ago] (UUID('019f422f-bc29-7ed1-8294-6b93d6e0af44'),)
INFO     sqlalchemy.engine.Engine:base.py:1848 SELECT collections.id, collections.project_id, collections.name, collections.description, collections.created_at, collections.updated_at 
FROM collections 
WHERE collections.id = $1::UUID
INFO     sqlalchemy.engine.Engine:base.py:1848 [cached since 10.09s ago] (UUID('019f422f-bc29-7ed1-8294-6b93d6e0af44'),)
INFO     sqlalchemy.engine.Engine:base.py:1848 SELECT environment_variables.id, environment_variables.project_id, environment_variables.key, environment_variables.value, environment_variables.is_secret, environment_variables.created_at, environment_variables.updated_at 
FROM environment_variables 
WHERE environment_variables.project_id = $1::UUID ORDER BY environment_variables.key
INFO     sqlalchemy.engine.Engine:base.py:1848 [cached since 0.1605s ago] (UUID('019f422f-bc28-7c38-9b79-627ec0127bcc'),)
INFO     sqlalchemy.engine.Engine:base.py:1848 INSERT INTO test_runs (id, collection_id, initiated_by, status, run_type, started_at, completed_at, total_tasks, completed_tasks, failed_tasks, config) VALUES ($1::UUID, $2::UUID, $3::UUID, $4::test_run_status, $5::test_run_type, $6::TIMESTAMP WITH TIME ZONE, $7::TIMESTAMP WITH TIME ZONE, $8::INTEGER, $9::INTEGER, $10::INTEGER, $11::JSONB) RETURNING test_runs.created_at, test_runs.updated_at
INFO     sqlalchemy.engine.Engine:base.py:1848 [cached since 0.1597s ago] (UUID('019f4255-a077-7737-97c9-e2993267812b'), UUID('019f422f-bc29-7ed1-8294-6b93d6e0af44'), UUID('019f422f-bc24-76a9-bdac-981d95beaee1'), 'running', 'scheduled', datetime.datetime(2026, 7, 8, 15, 25, 35, 734948, tzinfo=datetime.timezone.utc), None, 1, 0, 0, '{"environment_variables": {}}')
INFO     sqlalchemy.engine.Engine:base.py:1848 SELECT test_runs.id, test_runs.collection_id, test_runs.initiated_by, test_runs.status, test_runs.run_type, test_runs.started_at, test_runs.completed_at, test_runs.total_tasks, test_runs.completed_tasks, test_runs.failed_tasks, test_runs.config, test_runs.created_at, test_runs.updated_at 
FROM test_runs 
WHERE test_runs.id = $1::UUID
INFO     sqlalchemy.engine.Engine:base.py:1848 [cached since 0.1588s ago] (UUID('019f4255-a077-7737-97c9-e2993267812b'),)
INFO     sqlalchemy.engine.Engine:base.py:1848 INSERT INTO test_tasks (id, test_run_id, api_request_id, sequence_order, data_row_index, data_context, status, retry_count, max_retries, next_retry_at, assigned_worker_id) VALUES ($1::UUID, $2::UUID, $3::UUID, $4::INTEGER, $5::INTEGER, $6::JSONB, $7::test_task_status, $8::INTEGER, $9::INTEGER, $10::TIMESTAMP WITH TIME ZONE, $11::UUID) RETURNING test_tasks.created_at, test_tasks.updated_at
INFO     sqlalchemy.engine.Engine:base.py:1848 [cached since 0.1581s ago] (UUID('019f4255-a078-7d8f-abec-9868dd1cbf4c'), UUID('019f4255-a077-7737-97c9-e2993267812b'), UUID('019f422f-bc2a-758a-8dc4-107f511e13c9'), 0, None, 'null', 'pending', 0, 3, None, None)
INFO     sqlalchemy.engine.Engine:base.py:1848 UPDATE schedules SET next_run_at=$1::TIMESTAMP WITH TIME ZONE, last_run_at=$2::TIMESTAMP WITH TIME ZONE, updated_at=now() WHERE schedules.id = $3::UUID
INFO     sqlalchemy.engine.Engine:base.py:1848 [cached since 0.1565s ago] (datetime.datetime(2026, 7, 8, 15, 26, tzinfo=zoneinfo.ZoneInfo(key='UTC')), datetime.datetime(2026, 7, 8, 15, 25, 35, 737306, tzinfo=datetime.timezone.utc), UUID('019f422f-bc2b-7cfd-93b4-7128dd762beb'))
INFO     sqlalchemy.engine.Engine:base.py:1848 SELECT schedules.id, schedules.collection_id, schedules.cron_expression, schedules.timezone, schedules.is_active, schedules.next_run_at, schedules.last_run_at, schedules.created_by, schedules.created_at, schedules.updated_at 
FROM schedules 
WHERE schedules.id = $1::UUID
INFO     sqlalchemy.engine.Engine:base.py:1848 [cached since 0.1561s ago] (UUID('019f422f-bc2b-7cfd-93b4-7128dd762beb'),)
INFO     sqlalchemy.engine.Engine:base.py:1848 SELECT api_requests.id, api_requests.collection_id, api_requests.name, api_requests.method, api_requests.url, api_requests.headers, api_requests.query_params, api_requests.body, api_requests.order_index, api_requests.timeout_ms, api_requests.extract_rules, api_requests.created_at, api_requests.updated_at 
FROM api_requests 
WHERE api_requests.collection_id = $1::UUID ORDER BY api_requests.order_index, api_requests.created_at
INFO     sqlalchemy.engine.Engine:base.py:1848 [cached since 10.09s ago] (UUID('019f422f-bcb2-7a5a-82bb-439ad232d53a'),)
WARNING  scheduler.cron_scheduler:cron_scheduler.py:76 Schedule 019f422f-bcb3-7433-bb57-28e2daab1e91 is due but its collection has no requests; skipping this cycle.
INFO     sqlalchemy.engine.Engine:base.py:1848 UPDATE schedules SET next_run_at=$1::TIMESTAMP WITH TIME ZONE, last_run_at=$2::TIMESTAMP WITH TIME ZONE, updated_at=now() WHERE schedules.id = $3::UUID
INFO     sqlalchemy.engine.Engine:base.py:1848 [cached since 0.1588s ago] (datetime.datetime(2026, 7, 8, 15, 26, tzinfo=zoneinfo.ZoneInfo(key='UTC')), datetime.datetime(2026, 7, 8, 15, 25, 35, 739756, tzinfo=datetime.timezone.utc), UUID('019f422f-bcb3-7433-bb57-28e2daab1e91'))
INFO     sqlalchemy.engine.Engine:base.py:1848 SELECT schedules.id, schedules.collection_id, schedules.cron_expression, schedules.timezone, schedules.is_active, schedules.next_run_at, schedules.last_run_at, schedules.created_by, schedules.created_at, schedules.updated_at 
FROM schedules 
WHERE schedules.id = $1::UUID
INFO     sqlalchemy.engine.Engine:base.py:1848 [cached since 0.1582s ago] (UUID('019f422f-bcb3-7433-bb57-28e2daab1e91'),)
INFO     sqlalchemy.engine.Engine:base.py:1848 SELECT api_requests.id, api_requests.collection_id, api_requests.name, api_requests.method, api_requests.url, api_requests.headers, api_requests.query_params, api_requests.body, api_requests.order_index, api_requests.timeout_ms, api_requests.extract_rules, api_requests.created_at, api_requests.updated_at 
FROM api_requests 
WHERE api_requests.collection_id = $1::UUID ORDER BY api_requests.order_index, api_requests.created_at
INFO     sqlalchemy.engine.Engine:base.py:1848 [cached since 10.09s ago] (UUID('019f422e-2195-7b8f-8231-6d43da6ff9d7'),)
INFO     sqlalchemy.engine.Engine:base.py:1848 SELECT collections.id, collections.project_id, collections.name, collections.description, collections.created_at, collections.updated_at 
FROM collections 
WHERE collections.id = $1::UUID
INFO     sqlalchemy.engine.Engine:base.py:1848 [cached since 10.1s ago] (UUID('019f422e-2195-7b8f-8231-6d43da6ff9d7'),)
INFO     sqlalchemy.engine.Engine:base.py:1848 SELECT environment_variables.id, environment_variables.project_id, environment_variables.key, environment_variables.value, environment_variables.is_secret, environment_variables.created_at, environment_variables.updated_at 
FROM environment_variables 
WHERE environment_variables.project_id = $1::UUID ORDER BY environment_variables.key
INFO     sqlalchemy.engine.Engine:base.py:1848 [cached since 0.1683s ago] (UUID('019f422e-2194-71b3-b431-c08a8a74cb33'),)
INFO     sqlalchemy.engine.Engine:base.py:1848 INSERT INTO test_runs (id, collection_id, initiated_by, status, run_type, started_at, completed_at, total_tasks, completed_tasks, failed_tasks, config) VALUES ($1::UUID, $2::UUID, $3::UUID, $4::test_run_status, $5::test_run_type, $6::TIMESTAMP WITH TIME ZONE, $7::TIMESTAMP WITH TIME ZONE, $8::INTEGER, $9::INTEGER, $10::INTEGER, $11::JSONB) RETURNING test_runs.created_at, test_runs.updated_at
INFO     sqlalchemy.engine.Engine:base.py:1848 [cached since 0.1675s ago] (UUID('019f4255-a07e-7458-964e-ebf39ac18a1d'), UUID('019f422e-2195-7b8f-8231-6d43da6ff9d7'), UUID('019f422e-2190-72db-840a-9bdb2a25a7af'), 'running', 'scheduled', datetime.datetime(2026, 7, 8, 15, 25, 35, 742731, tzinfo=datetime.timezone.utc), None, 1, 0, 0, '{"environment_variables": {}}')
INFO     sqlalchemy.engine.Engine:base.py:1848 SELECT test_runs.id, test_runs.collection_id, test_runs.initiated_by, test_runs.status, test_runs.run_type, test_runs.started_at, test_runs.completed_at, test_runs.total_tasks, test_runs.completed_tasks, test_runs.failed_tasks, test_runs.config, test_runs.created_at, test_runs.updated_at 
FROM test_runs 
WHERE test_runs.id = $1::UUID
INFO     sqlalchemy.engine.Engine:base.py:1848 [cached since 0.1667s ago] (UUID('019f4255-a07e-7458-964e-ebf39ac18a1d'),)
INFO     sqlalchemy.engine.Engine:base.py:1848 INSERT INTO test_tasks (id, test_run_id, api_request_id, sequence_order, data_row_index, data_context, status, retry_count, max_retries, next_retry_at, assigned_worker_id) VALUES ($1::UUID, $2::UUID, $3::UUID, $4::INTEGER, $5::INTEGER, $6::JSONB, $7::test_task_status, $8::INTEGER, $9::INTEGER, $10::TIMESTAMP WITH TIME ZONE, $11::UUID) RETURNING test_tasks.created_at, test_tasks.updated_at
INFO     sqlalchemy.engine.Engine:base.py:1848 [cached since 0.1662s ago] (UUID('019f4255-a080-7856-b510-37d98c4fb8f5'), UUID('019f4255-a07e-7458-964e-ebf39ac18a1d'), UUID('019f422e-2196-7577-b820-1bb31d2ee94f'), 0, None, 'null', 'pending', 0, 3, None, None)
INFO     sqlalchemy.engine.Engine:base.py:1848 UPDATE schedules SET next_run_at=$1::TIMESTAMP WITH TIME ZONE, last_run_at=$2::TIMESTAMP WITH TIME ZONE, updated_at=now() WHERE schedules.id = $3::UUID
INFO     sqlalchemy.engine.Engine:base.py:1848 [cached since 0.165s ago] (datetime.datetime(2026, 7, 8, 15, 26, tzinfo=zoneinfo.ZoneInfo(key='UTC')), datetime.datetime(2026, 7, 8, 15, 25, 35, 745908, tzinfo=datetime.timezone.utc), UUID('019f422e-2197-7cc7-a1ef-f463d0773cee'))
INFO     sqlalchemy.engine.Engine:base.py:1848 SELECT schedules.id, schedules.collection_id, schedules.cron_expression, schedules.timezone, schedules.is_active, schedules.next_run_at, schedules.last_run_at, schedules.created_by, schedules.created_at, schedules.updated_at 
FROM schedules 
WHERE schedules.id = $1::UUID
INFO     sqlalchemy.engine.Engine:base.py:1848 [cached since 0.1645s ago] (UUID('019f422e-2197-7cc7-a1ef-f463d0773cee'),)
INFO     sqlalchemy.engine.Engine:base.py:1848 SELECT api_requests.id, api_requests.collection_id, api_requests.name, api_requests.method, api_requests.url, api_requests.headers, api_requests.query_params, api_requests.body, api_requests.order_index, api_requests.timeout_ms, api_requests.extract_rules, api_requests.created_at, api_requests.updated_at 
FROM api_requests 
WHERE api_requests.collection_id = $1::UUID ORDER BY api_requests.order_index, api_requests.created_at
INFO     sqlalchemy.engine.Engine:base.py:1848 [cached since 10.1s ago] (UUID('019f422e-daf9-7e86-86f1-8fa8d1cc17cd'),)
INFO     sqlalchemy.engine.Engine:base.py:1848 SELECT collections.id, collections.project_id, collections.name, collections.description, collections.created_at, collections.updated_at 
FROM collections 
WHERE collections.id = $1::UUID
INFO     sqlalchemy.engine.Engine:base.py:1848 [cached since 10.11s ago] (UUID('019f422e-daf9-7e86-86f1-8fa8d1cc17cd'),)
INFO     sqlalchemy.engine.Engine:base.py:1848 SELECT environment_variables.id, environment_variables.project_id, environment_variables.key, environment_variables.value, environment_variables.is_secret, environment_variables.created_at, environment_variables.updated_at 
FROM environment_variables 
WHERE environment_variables.project_id = $1::UUID ORDER BY environment_variables.key
INFO     sqlalchemy.engine.Engine:base.py:1848 [cached since 0.1747s ago] (UUID('019f422e-daf8-7ef2-a479-da9e2d44227a'),)
INFO     sqlalchemy.engine.Engine:base.py:1848 INSERT INTO test_runs (id, collection_id, initiated_by, status, run_type, started_at, completed_at, total_tasks, completed_tasks, failed_tasks, config) VALUES ($1::UUID, $2::UUID, $3::UUID, $4::test_run_status, $5::test_run_type, $6::TIMESTAMP WITH TIME ZONE, $7::TIMESTAMP WITH TIME ZONE, $8::INTEGER, $9::INTEGER, $10::INTEGER, $11::JSONB) RETURNING test_runs.created_at, test_runs.updated_at
INFO     sqlalchemy.engine.Engine:base.py:1848 [cached since 0.1739s ago] (UUID('019f4255-a085-774a-b25f-1e44e6f037d3'), UUID('019f422e-daf9-7e86-86f1-8fa8d1cc17cd'), UUID('019f422e-daf5-73ee-bc3c-1d0b34a11d87'), 'running', 'scheduled', datetime.datetime(2026, 7, 8, 15, 25, 35, 749160, tzinfo=datetime.timezone.utc), None, 1, 0, 0, '{"environment_variables": {}}')
INFO     sqlalchemy.engine.Engine:base.py:1848 SELECT test_runs.id, test_runs.collection_id, test_runs.initiated_by, test_runs.status, test_runs.run_type, test_runs.started_at, test_runs.completed_at, test_runs.total_tasks, test_runs.completed_tasks, test_runs.failed_tasks, test_runs.config, test_runs.created_at, test_runs.updated_at 
FROM test_runs 
WHERE test_runs.id = $1::UUID
INFO     sqlalchemy.engine.Engine:base.py:1848 [cached since 0.1733s ago] (UUID('019f4255-a085-774a-b25f-1e44e6f037d3'),)
INFO     sqlalchemy.engine.Engine:base.py:1848 INSERT INTO test_tasks (id, test_run_id, api_request_id, sequence_order, data_row_index, data_context, status, retry_count, max_retries, next_retry_at, assigned_worker_id) VALUES ($1::UUID, $2::UUID, $3::UUID, $4::INTEGER, $5::INTEGER, $6::JSONB, $7::test_task_status, $8::INTEGER, $9::INTEGER, $10::TIMESTAMP WITH TIME ZONE, $11::UUID) RETURNING test_tasks.created_at, test_tasks.updated_at
INFO     sqlalchemy.engine.Engine:base.py:1848 [cached since 0.1728s ago] (UUID('019f4255-a087-7c9f-b055-59edf75e77c1'), UUID('019f4255-a085-774a-b25f-1e44e6f037d3'), UUID('019f422e-dafa-71de-b319-7ead2051c7d3'), 0, None, 'null', 'pending', 0, 3, None, None)
INFO     sqlalchemy.engine.Engine:base.py:1848 UPDATE schedules SET next_run_at=$1::TIMESTAMP WITH TIME ZONE, last_run_at=$2::TIMESTAMP WITH TIME ZONE, updated_at=now() WHERE schedules.id = $3::UUID
INFO     sqlalchemy.engine.Engine:base.py:1848 [cached since 0.1711s ago] (datetime.datetime(2026, 7, 8, 15, 26, tzinfo=zoneinfo.ZoneInfo(key='UTC')), datetime.datetime(2026, 7, 8, 15, 25, 35, 752087, tzinfo=datetime.timezone.utc), UUID('019f422e-dafb-767b-9001-7c4d8a8da2d6'))
INFO     sqlalchemy.engine.Engine:base.py:1848 SELECT schedules.id, schedules.collection_id, schedules.cron_expression, schedules.timezone, schedules.is_active, schedules.next_run_at, schedules.last_run_at, schedules.created_by, schedules.created_at, schedules.updated_at 
FROM schedules 
WHERE schedules.id = $1::UUID
INFO     sqlalchemy.engine.Engine:base.py:1848 [cached since 0.1704s ago] (UUID('019f422e-dafb-767b-9001-7c4d8a8da2d6'),)
INFO     sqlalchemy.engine.Engine:base.py:1848 SELECT api_requests.id, api_requests.collection_id, api_requests.name, api_requests.method, api_requests.url, api_requests.headers, api_requests.query_params, api_requests.body, api_requests.order_index, api_requests.timeout_ms, api_requests.extract_rules, api_requests.created_at, api_requests.updated_at 
FROM api_requests 
WHERE api_requests.collection_id = $1::UUID ORDER BY api_requests.order_index, api_requests.created_at
INFO     sqlalchemy.engine.Engine:base.py:1848 [cached since 10.11s ago] (UUID('019f422e-dc8a-71b6-af9c-47aee19a243c'),)
INFO     sqlalchemy.engine.Engine:base.py:1848 SELECT collections.id, collections.project_id, collections.name, collections.description, collections.created_at, collections.updated_at 
FROM collections 
WHERE collections.id = $1::UUID
INFO     sqlalchemy.engine.Engine:base.py:1848 [cached since 10.11s ago] (UUID('019f422e-dc8a-71b6-af9c-47aee19a243c'),)
INFO     sqlalchemy.engine.Engine:base.py:1848 SELECT environment_variables.id, environment_variables.project_id, environment_variables.key, environment_variables.value, environment_variables.is_secret, environment_variables.created_at, environment_variables.updated_at 
FROM environment_variables 
WHERE environment_variables.project_id = $1::UUID ORDER BY environment_variables.key
INFO     sqlalchemy.engine.Engine:base.py:1848 [cached since 0.1802s ago] (UUID('019f422e-dc89-767c-917d-2c34a4a96c77'),)
INFO     sqlalchemy.engine.Engine:base.py:1848 INSERT INTO test_runs (id, collection_id, initiated_by, status, run_type, started_at, completed_at, total_tasks, completed_tasks, failed_tasks, config) VALUES ($1::UUID, $2::UUID, $3::UUID, $4::test_run_status, $5::test_run_type, $6::TIMESTAMP WITH TIME ZONE, $7::TIMESTAMP WITH TIME ZONE, $8::INTEGER, $9::INTEGER, $10::INTEGER, $11::JSONB) RETURNING test_runs.created_at, test_runs.updated_at
INFO     sqlalchemy.engine.Engine:base.py:1848 [cached since 0.1795s ago] (UUID('019f4255-a08a-7ea2-88ba-7214f3560c5e'), UUID('019f422e-dc8a-71b6-af9c-47aee19a243c'), UUID('019f422e-dc86-7c58-bda3-1d1a42b87702'), 'running', 'scheduled', datetime.datetime(2026, 7, 8, 15, 25, 35, 754730, tzinfo=datetime.timezone.utc), None, 1, 0, 0, '{"environment_variables": {}}')
INFO     sqlalchemy.engine.Engine:base.py:1848 SELECT test_runs.id, test_runs.collection_id, test_runs.initiated_by, test_runs.status, test_runs.run_type, test_runs.started_at, test_runs.completed_at, test_runs.total_tasks, test_runs.completed_tasks, test_runs.failed_tasks, test_runs.config, test_runs.created_at, test_runs.updated_at 
FROM test_runs 
WHERE test_runs.id = $1::UUID
INFO     sqlalchemy.engine.Engine:base.py:1848 [cached since 0.1789s ago] (UUID('019f4255-a08a-7ea2-88ba-7214f3560c5e'),)
INFO     sqlalchemy.engine.Engine:base.py:1848 INSERT INTO test_tasks (id, test_run_id, api_request_id, sequence_order, data_row_index, data_context, status, retry_count, max_retries, next_retry_at, assigned_worker_id) VALUES ($1::UUID, $2::UUID, $3::UUID, $4::INTEGER, $5::INTEGER, $6::JSONB, $7::test_task_status, $8::INTEGER, $9::INTEGER, $10::TIMESTAMP WITH TIME ZONE, $11::UUID) RETURNING test_tasks.created_at, test_tasks.updated_at
INFO     sqlalchemy.engine.Engine:base.py:1848 [cached since 0.1784s ago] (UUID('019f4255-a08c-7667-81f6-27b67022c447'), UUID('019f4255-a08a-7ea2-88ba-7214f3560c5e'), UUID('019f422e-dc8b-7559-9efe-3d54dea90a63'), 0, None, 'null', 'pending', 0, 3, None, None)
INFO     sqlalchemy.engine.Engine:base.py:1848 UPDATE schedules SET next_run_at=$1::TIMESTAMP WITH TIME ZONE, last_run_at=$2::TIMESTAMP WITH TIME ZONE, updated_at=now() WHERE schedules.id = $3::UUID
INFO     sqlalchemy.engine.Engine:base.py:1848 [cached since 0.1768s ago] (datetime.datetime(2026, 7, 8, 15, 26, tzinfo=zoneinfo.ZoneInfo(key='UTC')), datetime.datetime(2026, 7, 8, 15, 25, 35, 757746, tzinfo=datetime.timezone.utc), UUID('019f422e-dc8c-7674-bee9-d382a3f03c41'))
INFO     sqlalchemy.engine.Engine:base.py:1848 SELECT schedules.id, schedules.collection_id, schedules.cron_expression, schedules.timezone, schedules.is_active, schedules.next_run_at, schedules.last_run_at, schedules.created_by, schedules.created_at, schedules.updated_at 
FROM schedules 
WHERE schedules.id = $1::UUID
INFO     sqlalchemy.engine.Engine:base.py:1848 [cached since 0.1761s ago] (UUID('019f422e-dc8c-7674-bee9-d382a3f03c41'),)
INFO     sqlalchemy.engine.Engine:base.py:1848 SELECT api_requests.id, api_requests.collection_id, api_requests.name, api_requests.method, api_requests.url, api_requests.headers, api_requests.query_params, api_requests.body, api_requests.order_index, api_requests.timeout_ms, api_requests.extract_rules, api_requests.created_at, api_requests.updated_at 
FROM api_requests 
WHERE api_requests.collection_id = $1::UUID ORDER BY api_requests.order_index, api_requests.created_at
INFO     sqlalchemy.engine.Engine:base.py:1848 [cached since 10.11s ago] (UUID('019f422e-dd12-74d2-919d-563a4856593d'),)
WARNING  scheduler.cron_scheduler:cron_scheduler.py:76 Schedule 019f422e-dd13-7353-9f4f-1c09078d063b is due but its collection has no requests; skipping this cycle.
INFO     sqlalchemy.engine.Engine:base.py:1848 UPDATE schedules SET next_run_at=$1::TIMESTAMP WITH TIME ZONE, last_run_at=$2::TIMESTAMP WITH TIME ZONE, updated_at=now() WHERE schedules.id = $3::UUID
INFO     sqlalchemy.engine.Engine:base.py:1848 [cached since 0.1787s ago] (datetime.datetime(2026, 7, 8, 15, 26, tzinfo=zoneinfo.ZoneInfo(key='UTC')), datetime.datetime(2026, 7, 8, 15, 25, 35, 759690, tzinfo=datetime.timezone.utc), UUID('019f422e-dd13-7353-9f4f-1c09078d063b'))
INFO     sqlalchemy.engine.Engine:base.py:1848 SELECT schedules.id, schedules.collection_id, schedules.cron_expression, schedules.timezone, schedules.is_active, schedules.next_run_at, schedules.last_run_at, schedules.created_by, schedules.created_at, schedules.updated_at 
FROM schedules 
WHERE schedules.id = $1::UUID
INFO     sqlalchemy.engine.Engine:base.py:1848 [cached since 0.1781s ago] (UUID('019f422e-dd13-7353-9f4f-1c09078d063b'),)
INFO     sqlalchemy.engine.Engine:base.py:1848 SELECT api_requests.id, api_requests.collection_id, api_requests.name, api_requests.method, api_requests.url, api_requests.headers, api_requests.query_params, api_requests.body, api_requests.order_index, api_requests.timeout_ms, api_requests.extract_rules, api_requests.created_at, api_requests.updated_at 
FROM api_requests 
WHERE api_requests.collection_id = $1::UUID ORDER BY api_requests.order_index, api_requests.created_at
INFO     sqlalchemy.engine.Engine:base.py:1848 [cached since 10.11s ago] (UUID('019f4237-39c5-7322-90b1-d6cd6b139bd5'),)
INFO     sqlalchemy.engine.Engine:base.py:1848 SELECT collections.id, collections.project_id, collections.name, collections.description, collections.created_at, collections.updated_at 
FROM collections 
WHERE collections.id = $1::UUID
INFO     sqlalchemy.engine.Engine:base.py:1848 [cached since 10.12s ago] (UUID('019f4237-39c5-7322-90b1-d6cd6b139bd5'),)
INFO     sqlalchemy.engine.Engine:base.py:1848 SELECT environment_variables.id, environment_variables.project_id, environment_variables.key, environment_variables.value, environment_variables.is_secret, environment_variables.created_at, environment_variables.updated_at 
FROM environment_variables 
WHERE environment_variables.project_id = $1::UUID ORDER BY environment_variables.key
INFO     sqlalchemy.engine.Engine:base.py:1848 [cached since 0.188s ago] (UUID('019f4237-39c4-7ef8-add7-78f9ec5a4274'),)
INFO     sqlalchemy.engine.Engine:base.py:1848 INSERT INTO test_runs (id, collection_id, initiated_by, status, run_type, started_at, completed_at, total_tasks, completed_tasks, failed_tasks, config) VALUES ($1::UUID, $2::UUID, $3::UUID, $4::test_run_status, $5::test_run_type, $6::TIMESTAMP WITH TIME ZONE, $7::TIMESTAMP WITH TIME ZONE, $8::INTEGER, $9::INTEGER, $10::INTEGER, $11::JSONB) RETURNING test_runs.created_at, test_runs.updated_at
INFO     sqlalchemy.engine.Engine:base.py:1848 [cached since 0.1871s ago] (UUID('019f4255-a092-7dbd-896a-e82baed5ef5b'), UUID('019f4237-39c5-7322-90b1-d6cd6b139bd5'), UUID('019f4237-39c1-7b99-9ea1-b8ad787dc9e0'), 'running', 'scheduled', datetime.datetime(2026, 7, 8, 15, 25, 35, 762391, tzinfo=datetime.timezone.utc), None, 1, 0, 0, '{"environment_variables": {}}')
INFO     sqlalchemy.engine.Engine:base.py:1848 SELECT test_runs.id, test_runs.collection_id, test_runs.initiated_by, test_runs.status, test_runs.run_type, test_runs.started_at, test_runs.completed_at, test_runs.total_tasks, test_runs.completed_tasks, test_runs.failed_tasks, test_runs.config, test_runs.created_at, test_runs.updated_at 
FROM test_runs 
WHERE test_runs.id = $1::UUID
INFO     sqlalchemy.engine.Engine:base.py:1848 [cached since 0.1862s ago] (UUID('019f4255-a092-7dbd-896a-e82baed5ef5b'),)
INFO     sqlalchemy.engine.Engine:base.py:1848 INSERT INTO test_tasks (id, test_run_id, api_request_id, sequence_order, data_row_index, data_context, status, retry_count, max_retries, next_retry_at, assigned_worker_id) VALUES ($1::UUID, $2::UUID, $3::UUID, $4::INTEGER, $5::INTEGER, $6::JSONB, $7::test_task_status, $8::INTEGER, $9::INTEGER, $10::TIMESTAMP WITH TIME ZONE, $11::UUID) RETURNING test_tasks.created_at, test_tasks.updated_at
INFO     sqlalchemy.engine.Engine:base.py:1848 [cached since 0.1857s ago] (UUID('019f4255-a093-760a-8331-f8741f52d17c'), UUID('019f4255-a092-7dbd-896a-e82baed5ef5b'), UUID('019f4237-39c6-7fd6-9be4-b210e1c67a85'), 0, None, 'null', 'pending', 0, 3, None, None)
INFO     sqlalchemy.engine.Engine:base.py:1848 UPDATE schedules SET next_run_at=$1::TIMESTAMP WITH TIME ZONE, last_run_at=$2::TIMESTAMP WITH TIME ZONE, updated_at=now() WHERE schedules.id = $3::UUID
INFO     sqlalchemy.engine.Engine:base.py:1848 [cached since 0.1839s ago] (datetime.datetime(2026, 7, 8, 15, 26, tzinfo=zoneinfo.ZoneInfo(key='UTC')), datetime.datetime(2026, 7, 8, 15, 25, 35, 764868, tzinfo=datetime.timezone.utc), UUID('019f4237-39c7-72f1-9cd1-d52e620fb097'))
INFO     sqlalchemy.engine.Engine:base.py:1848 SELECT schedules.id, schedules.collection_id, schedules.cron_expression, schedules.timezone, schedules.is_active, schedules.next_run_at, schedules.last_run_at, schedules.created_by, schedules.created_at, schedules.updated_at 
FROM schedules 
WHERE schedules.id = $1::UUID
INFO     sqlalchemy.engine.Engine:base.py:1848 [cached since 0.1832s ago] (UUID('019f4237-39c7-72f1-9cd1-d52e620fb097'),)
INFO     sqlalchemy.engine.Engine:base.py:1848 SELECT api_requests.id, api_requests.collection_id, api_requests.name, api_requests.method, api_requests.url, api_requests.headers, api_requests.query_params, api_requests.body, api_requests.order_index, api_requests.timeout_ms, api_requests.extract_rules, api_requests.created_at, api_requests.updated_at 
FROM api_requests 
WHERE api_requests.collection_id = $1::UUID ORDER BY api_requests.order_index, api_requests.created_at
INFO     sqlalchemy.engine.Engine:base.py:1848 [cached since 10.12s ago] (UUID('019f4230-9914-77c8-8869-95bbe0031de7'),)
INFO     sqlalchemy.engine.Engine:base.py:1848 SELECT collections.id, collections.project_id, collections.name, collections.description, collections.created_at, collections.updated_at 
FROM collections 
WHERE collections.id = $1::UUID
INFO     sqlalchemy.engine.Engine:base.py:1848 [cached since 10.12s ago] (UUID('019f4230-9914-77c8-8869-95bbe0031de7'),)
INFO     sqlalchemy.engine.Engine:base.py:1848 SELECT environment_variables.id, environment_variables.project_id, environment_variables.key, environment_variables.value, environment_variables.is_secret, environment_variables.created_at, environment_variables.updated_at 
FROM environment_variables 
WHERE environment_variables.project_id = $1::UUID ORDER BY environment_variables.key
INFO     sqlalchemy.engine.Engine:base.py:1848 [cached since 0.1931s ago] (UUID('019f4230-9913-777e-9299-8b91d2cb8bbb'),)
INFO     sqlalchemy.engine.Engine:base.py:1848 INSERT INTO test_runs (id, collection_id, initiated_by, status, run_type, started_at, completed_at, total_tasks, completed_tasks, failed_tasks, config) VALUES ($1::UUID, $2::UUID, $3::UUID, $4::test_run_status, $5::test_run_type, $6::TIMESTAMP WITH TIME ZONE, $7::TIMESTAMP WITH TIME ZONE, $8::INTEGER, $9::INTEGER, $10::INTEGER, $11::JSONB) RETURNING test_runs.created_at, test_runs.updated_at
INFO     sqlalchemy.engine.Engine:base.py:1848 [cached since 0.1923s ago] (UUID('019f4255-a097-7885-9496-c894b8eb9eab'), UUID('019f4230-9914-77c8-8869-95bbe0031de7'), UUID('019f4230-9910-799c-a436-bd2da0c013bf'), 'running', 'scheduled', datetime.datetime(2026, 7, 8, 15, 25, 35, 767546, tzinfo=datetime.timezone.utc), None, 1, 0, 0, '{"environment_variables": {}}')
INFO     sqlalchemy.engine.Engine:base.py:1848 SELECT test_runs.id, test_runs.collection_id, test_runs.initiated_by, test_runs.status, test_runs.run_type, test_runs.started_at, test_runs.completed_at, test_runs.total_tasks, test_runs.completed_tasks, test_runs.failed_tasks, test_runs.config, test_runs.created_at, test_runs.updated_at 
FROM test_runs 
WHERE test_runs.id = $1::UUID
INFO     sqlalchemy.engine.Engine:base.py:1848 [cached since 0.1914s ago] (UUID('019f4255-a097-7885-9496-c894b8eb9eab'),)
INFO     sqlalchemy.engine.Engine:base.py:1848 INSERT INTO test_tasks (id, test_run_id, api_request_id, sequence_order, data_row_index, data_context, status, retry_count, max_retries, next_retry_at, assigned_worker_id) VALUES ($1::UUID, $2::UUID, $3::UUID, $4::INTEGER, $5::INTEGER, $6::JSONB, $7::test_task_status, $8::INTEGER, $9::INTEGER, $10::TIMESTAMP WITH TIME ZONE, $11::UUID) RETURNING test_tasks.created_at, test_tasks.updated_at
INFO     sqlalchemy.engine.Engine:base.py:1848 [cached since 0.1908s ago] (UUID('019f4255-a099-714f-bd7e-b08b5990cac4'), UUID('019f4255-a097-7885-9496-c894b8eb9eab'), UUID('019f4230-9915-72d5-aa42-f5ea715f9b02'), 0, None, 'null', 'pending', 0, 3, None, None)
INFO     sqlalchemy.engine.Engine:base.py:1848 UPDATE schedules SET next_run_at=$1::TIMESTAMP WITH TIME ZONE, last_run_at=$2::TIMESTAMP WITH TIME ZONE, updated_at=now() WHERE schedules.id = $3::UUID
INFO     sqlalchemy.engine.Engine:base.py:1848 [cached since 0.1889s ago] (datetime.datetime(2026, 7, 8, 15, 26, tzinfo=zoneinfo.ZoneInfo(key='UTC')), datetime.datetime(2026, 7, 8, 15, 25, 35, 769884, tzinfo=datetime.timezone.utc), UUID('019f4230-9916-77ae-9d9a-088532e8e6ef'))
INFO     sqlalchemy.engine.Engine:base.py:1848 SELECT schedules.id, schedules.collection_id, schedules.cron_expression, schedules.timezone, schedules.is_active, schedules.next_run_at, schedules.last_run_at, schedules.created_by, schedules.created_at, schedules.updated_at 
FROM schedules 
WHERE schedules.id = $1::UUID
INFO     sqlalchemy.engine.Engine:base.py:1848 [cached since 0.1883s ago] (UUID('019f4230-9916-77ae-9d9a-088532e8e6ef'),)
INFO     sqlalchemy.engine.Engine:base.py:1848 SELECT api_requests.id, api_requests.collection_id, api_requests.name, api_requests.method, api_requests.url, api_requests.headers, api_requests.query_params, api_requests.body, api_requests.order_index, api_requests.timeout_ms, api_requests.extract_rules, api_requests.created_at, api_requests.updated_at 
FROM api_requests 
WHERE api_requests.collection_id = $1::UUID ORDER BY api_requests.order_index, api_requests.created_at
INFO     sqlalchemy.engine.Engine:base.py:1848 [cached since 10.12s ago] (UUID('019f422e-dd94-7f06-9288-5f473af6d9a2'),)
INFO     sqlalchemy.engine.Engine:base.py:1848 SELECT collections.id, collections.project_id, collections.name, collections.description, collections.created_at, collections.updated_at 
FROM collections 
WHERE collections.id = $1::UUID
INFO     sqlalchemy.engine.Engine:base.py:1848 [cached since 10.13s ago] (UUID('019f422e-dd94-7f06-9288-5f473af6d9a2'),)
INFO     sqlalchemy.engine.Engine:base.py:1848 SELECT environment_variables.id, environment_variables.project_id, environment_variables.key, environment_variables.value, environment_variables.is_secret, environment_variables.created_at, environment_variables.updated_at 
FROM environment_variables 
WHERE environment_variables.project_id = $1::UUID ORDER BY environment_variables.key
INFO     sqlalchemy.engine.Engine:base.py:1848 [cached since 0.1987s ago] (UUID('019f422e-dd93-74d3-8e61-49f846f515e1'),)
INFO     sqlalchemy.engine.Engine:base.py:1848 INSERT INTO test_runs (id, collection_id, initiated_by, status, run_type, started_at, completed_at, total_tasks, completed_tasks, failed_tasks, config) VALUES ($1::UUID, $2::UUID, $3::UUID, $4::test_run_status, $5::test_run_type, $6::TIMESTAMP WITH TIME ZONE, $7::TIMESTAMP WITH TIME ZONE, $8::INTEGER, $9::INTEGER, $10::INTEGER, $11::JSONB) RETURNING test_runs.created_at, test_runs.updated_at
INFO     sqlalchemy.engine.Engine:base.py:1848 [cached since 0.198s ago] (UUID('019f4255-a09d-7880-af6f-82648b631d87'), UUID('019f422e-dd94-7f06-9288-5f473af6d9a2'), UUID('019f422e-dd90-77a3-9ea8-4ac131345e3b'), 'running', 'scheduled', datetime.datetime(2026, 7, 8, 15, 25, 35, 773195, tzinfo=datetime.timezone.utc), None, 1, 0, 0, '{"environment_variables": {}}')
INFO     sqlalchemy.engine.Engine:base.py:1848 SELECT test_runs.id, test_runs.collection_id, test_runs.initiated_by, test_runs.status, test_runs.run_type, test_runs.started_at, test_runs.completed_at, test_runs.total_tasks, test_runs.completed_tasks, test_runs.failed_tasks, test_runs.config, test_runs.created_at, test_runs.updated_at 
FROM test_runs 
WHERE test_runs.id = $1::UUID
INFO     sqlalchemy.engine.Engine:base.py:1848 [cached since 0.1972s ago] (UUID('019f4255-a09d-7880-af6f-82648b631d87'),)
INFO     sqlalchemy.engine.Engine:base.py:1848 INSERT INTO test_tasks (id, test_run_id, api_request_id, sequence_order, data_row_index, data_context, status, retry_count, max_retries, next_retry_at, assigned_worker_id) VALUES ($1::UUID, $2::UUID, $3::UUID, $4::INTEGER, $5::INTEGER, $6::JSONB, $7::test_task_status, $8::INTEGER, $9::INTEGER, $10::TIMESTAMP WITH TIME ZONE, $11::UUID) RETURNING test_tasks.created_at, test_tasks.updated_at
INFO     sqlalchemy.engine.Engine:base.py:1848 [cached since 0.1966s ago] (UUID('019f4255-a09e-7afe-97ab-8486d549edaa'), UUID('019f4255-a09d-7880-af6f-82648b631d87'), UUID('019f422e-dd95-7982-8329-a524a8817427'), 0, None, 'null', 'pending', 0, 3, None, None)
INFO     sqlalchemy.engine.Engine:base.py:1848 UPDATE schedules SET next_run_at=$1::TIMESTAMP WITH TIME ZONE, last_run_at=$2::TIMESTAMP WITH TIME ZONE, updated_at=now() WHERE schedules.id = $3::UUID
INFO     sqlalchemy.engine.Engine:base.py:1848 [cached since 0.195s ago] (datetime.datetime(2026, 7, 8, 15, 26, tzinfo=zoneinfo.ZoneInfo(key='UTC')), datetime.datetime(2026, 7, 8, 15, 25, 35, 775841, tzinfo=datetime.timezone.utc), UUID('019f422e-dd96-7d0d-86dd-b96ec6cc4258'))
INFO     sqlalchemy.engine.Engine:base.py:1848 SELECT schedules.id, schedules.collection_id, schedules.cron_expression, schedules.timezone, schedules.is_active, schedules.next_run_at, schedules.last_run_at, schedules.created_by, schedules.created_at, schedules.updated_at 
FROM schedules 
WHERE schedules.id = $1::UUID
INFO     sqlalchemy.engine.Engine:base.py:1848 [cached since 0.1943s ago] (UUID('019f422e-dd96-7d0d-86dd-b96ec6cc4258'),)
INFO     sqlalchemy.engine.Engine:base.py:1848 SELECT api_requests.id, api_requests.collection_id, api_requests.name, api_requests.method, api_requests.url, api_requests.headers, api_requests.query_params, api_requests.body, api_requests.order_index, api_requests.timeout_ms, api_requests.extract_rules, api_requests.created_at, api_requests.updated_at 
FROM api_requests 
WHERE api_requests.collection_id = $1::UUID ORDER BY api_requests.order_index, api_requests.created_at
INFO     sqlalchemy.engine.Engine:base.py:1848 [cached since 10.13s ago] (UUID('019f422e-de0b-7410-9755-048ca595c9a1'),)
INFO     sqlalchemy.engine.Engine:base.py:1848 SELECT collections.id, collections.project_id, collections.name, collections.description, collections.created_at, collections.updated_at 
FROM collections 
WHERE collections.id = $1::UUID
INFO     sqlalchemy.engine.Engine:base.py:1848 [cached since 10.13s ago] (UUID('019f422e-de0b-7410-9755-048ca595c9a1'),)
INFO     sqlalchemy.engine.Engine:base.py:1848 SELECT environment_variables.id, environment_variables.project_id, environment_variables.key, environment_variables.value, environment_variables.is_secret, environment_variables.created_at, environment_variables.updated_at 
FROM environment_variables 
WHERE environment_variables.project_id = $1::UUID ORDER BY environment_variables.key
INFO     sqlalchemy.engine.Engine:base.py:1848 [cached since 0.2041s ago] (UUID('019f422e-de0a-7ea5-85fc-ae30ff2224b3'),)
INFO     sqlalchemy.engine.Engine:base.py:1848 INSERT INTO test_runs (id, collection_id, initiated_by, status, run_type, started_at, completed_at, total_tasks, completed_tasks, failed_tasks, config) VALUES ($1::UUID, $2::UUID, $3::UUID, $4::test_run_status, $5::test_run_type, $6::TIMESTAMP WITH TIME ZONE, $7::TIMESTAMP WITH TIME ZONE, $8::INTEGER, $9::INTEGER, $10::INTEGER, $11::JSONB) RETURNING test_runs.created_at, test_runs.updated_at
INFO     sqlalchemy.engine.Engine:base.py:1848 [cached since 0.2033s ago] (UUID('019f4255-a0a2-701f-a2de-876839a993d6'), UUID('019f422e-de0b-7410-9755-048ca595c9a1'), UUID('019f422e-de07-79a7-b519-786c5442317e'), 'running', 'scheduled', datetime.datetime(2026, 7, 8, 15, 25, 35, 778573, tzinfo=datetime.timezone.utc), None, 1, 0, 0, '{"environment_variables": {}}')
INFO     sqlalchemy.engine.Engine:base.py:1848 SELECT test_runs.id, test_runs.collection_id, test_runs.initiated_by, test_runs.status, test_runs.run_type, test_runs.started_at, test_runs.completed_at, test_runs.total_tasks, test_runs.completed_tasks, test_runs.failed_tasks, test_runs.config, test_runs.created_at, test_runs.updated_at 
FROM test_runs 
WHERE test_runs.id = $1::UUID
INFO     sqlalchemy.engine.Engine:base.py:1848 [cached since 0.2025s ago] (UUID('019f4255-a0a2-701f-a2de-876839a993d6'),)
INFO     sqlalchemy.engine.Engine:base.py:1848 INSERT INTO test_tasks (id, test_run_id, api_request_id, sequence_order, data_row_index, data_context, status, retry_count, max_retries, next_retry_at, assigned_worker_id) VALUES ($1::UUID, $2::UUID, $3::UUID, $4::INTEGER, $5::INTEGER, $6::JSONB, $7::test_task_status, $8::INTEGER, $9::INTEGER, $10::TIMESTAMP WITH TIME ZONE, $11::UUID) RETURNING test_tasks.created_at, test_tasks.updated_at
INFO     sqlalchemy.engine.Engine:base.py:1848 [cached since 0.2018s ago] (UUID('019f4255-a0a4-761f-be20-9a9a1b047ceb'), UUID('019f4255-a0a2-701f-a2de-876839a993d6'), UUID('019f422e-de0c-7855-aa9f-d8bfd8b1104e'), 0, None, 'null', 'pending', 0, 3, None, None)
INFO     sqlalchemy.engine.Engine:base.py:1848 UPDATE schedules SET next_run_at=$1::TIMESTAMP WITH TIME ZONE, last_run_at=$2::TIMESTAMP WITH TIME ZONE, updated_at=now() WHERE schedules.id = $3::UUID
INFO     sqlalchemy.engine.Engine:base.py:1848 [cached since 0.2s ago] (datetime.datetime(2026, 7, 8, 15, 26, tzinfo=zoneinfo.ZoneInfo(key='UTC')), datetime.datetime(2026, 7, 8, 15, 25, 35, 780939, tzinfo=datetime.timezone.utc), UUID('019f422e-de0d-79e5-bad6-8f31150c490f'))
INFO     sqlalchemy.engine.Engine:base.py:1848 SELECT schedules.id, schedules.collection_id, schedules.cron_expression, schedules.timezone, schedules.is_active, schedules.next_run_at, schedules.last_run_at, schedules.created_by, schedules.created_at, schedules.updated_at 
FROM schedules 
WHERE schedules.id = $1::UUID
INFO     sqlalchemy.engine.Engine:base.py:1848 [cached since 0.1992s ago] (UUID('019f422e-de0d-79e5-bad6-8f31150c490f'),)
INFO     sqlalchemy.engine.Engine:base.py:1848 SELECT api_requests.id, api_requests.collection_id, api_requests.name, api_requests.method, api_requests.url, api_requests.headers, api_requests.query_params, api_requests.body, api_requests.order_index, api_requests.timeout_ms, api_requests.extract_rules, api_requests.created_at, api_requests.updated_at 
FROM api_requests 
WHERE api_requests.collection_id = $1::UUID ORDER BY api_requests.order_index, api_requests.created_at
INFO     sqlalchemy.engine.Engine:base.py:1848 [cached since 10.14s ago] (UUID('019f422e-de22-725f-b91e-ec024de603ec'),)
INFO     sqlalchemy.engine.Engine:base.py:1848 SELECT collections.id, collections.project_id, collections.name, collections.description, collections.created_at, collections.updated_at 
FROM collections 
WHERE collections.id = $1::UUID
INFO     sqlalchemy.engine.Engine:base.py:1848 [cached since 10.14s ago] (UUID('019f422e-de22-725f-b91e-ec024de603ec'),)
INFO     sqlalchemy.engine.Engine:base.py:1848 SELECT environment_variables.id, environment_variables.project_id, environment_variables.key, environment_variables.value, environment_variables.is_secret, environment_variables.created_at, environment_variables.updated_at 
FROM environment_variables 
WHERE environment_variables.project_id = $1::UUID ORDER BY environment_variables.key
INFO     sqlalchemy.engine.Engine:base.py:1848 [cached since 0.209s ago] (UUID('019f422e-de21-7333-933c-859bf2c409a9'),)
INFO     sqlalchemy.engine.Engine:base.py:1848 INSERT INTO test_runs (id, collection_id, initiated_by, status, run_type, started_at, completed_at, total_tasks, completed_tasks, failed_tasks, config) VALUES ($1::UUID, $2::UUID, $3::UUID, $4::test_run_status, $5::test_run_type, $6::TIMESTAMP WITH TIME ZONE, $7::TIMESTAMP WITH TIME ZONE, $8::INTEGER, $9::INTEGER, $10::INTEGER, $11::JSONB) RETURNING test_runs.created_at, test_runs.updated_at
INFO     sqlalchemy.engine.Engine:base.py:1848 [cached since 0.2082s ago] (UUID('019f4255-a0a7-76ae-8432-fd4f895fab18'), UUID('019f422e-de22-725f-b91e-ec024de603ec'), UUID('019f422e-de1e-721a-bb79-c30d5cd4327f'), 'running', 'scheduled', datetime.datetime(2026, 7, 8, 15, 25, 35, 783449, tzinfo=datetime.timezone.utc), None, 1, 0, 0, '{"environment_variables": {}}')
INFO     sqlalchemy.engine.Engine:base.py:1848 SELECT test_runs.id, test_runs.collection_id, test_runs.initiated_by, test_runs.status, test_runs.run_type, test_runs.started_at, test_runs.completed_at, test_runs.total_tasks, test_runs.completed_tasks, test_runs.failed_tasks, test_runs.config, test_runs.created_at, test_runs.updated_at 
FROM test_runs 
WHERE test_runs.id = $1::UUID
INFO     sqlalchemy.engine.Engine:base.py:1848 [cached since 0.2073s ago] (UUID('019f4255-a0a7-76ae-8432-fd4f895fab18'),)
INFO     sqlalchemy.engine.Engine:base.py:1848 INSERT INTO test_tasks (id, test_run_id, api_request_id, sequence_order, data_row_index, data_context, status, retry_count, max_retries, next_retry_at, assigned_worker_id) VALUES ($1::UUID, $2::UUID, $3::UUID, $4::INTEGER, $5::INTEGER, $6::JSONB, $7::test_task_status, $8::INTEGER, $9::INTEGER, $10::TIMESTAMP WITH TIME ZONE, $11::UUID) RETURNING test_tasks.created_at, test_tasks.updated_at
INFO     sqlalchemy.engine.Engine:base.py:1848 [cached since 0.2066s ago] (UUID('019f4255-a0a8-74ab-80a2-54507f475506'), UUID('019f4255-a0a7-76ae-8432-fd4f895fab18'), UUID('019f422e-de23-74e1-b6c6-51f342c89289'), 0, None, 'null', 'pending', 0, 3, None, None)
INFO     sqlalchemy.engine.Engine:base.py:1848 UPDATE schedules SET next_run_at=$1::TIMESTAMP WITH TIME ZONE, last_run_at=$2::TIMESTAMP WITH TIME ZONE, updated_at=now() WHERE schedules.id = $3::UUID
INFO     sqlalchemy.engine.Engine:base.py:1848 [cached since 0.2047s ago] (datetime.datetime(2026, 7, 8, 15, 26, tzinfo=zoneinfo.ZoneInfo(key='UTC')), datetime.datetime(2026, 7, 8, 15, 25, 35, 785678, tzinfo=datetime.timezone.utc), UUID('019f422e-de24-7b5f-8feb-980104135984'))
INFO     sqlalchemy.engine.Engine:base.py:1848 SELECT schedules.id, schedules.collection_id, schedules.cron_expression, schedules.timezone, schedules.is_active, schedules.next_run_at, schedules.last_run_at, schedules.created_by, schedules.created_at, schedules.updated_at 
FROM schedules 
WHERE schedules.id = $1::UUID
INFO     sqlalchemy.engine.Engine:base.py:1848 [cached since 0.204s ago] (UUID('019f422e-de24-7b5f-8feb-980104135984'),)
INFO     sqlalchemy.engine.Engine:base.py:1848 SELECT api_requests.id, api_requests.collection_id, api_requests.name, api_requests.method, api_requests.url, api_requests.headers, api_requests.query_params, api_requests.body, api_requests.order_index, api_requests.timeout_ms, api_requests.extract_rules, api_requests.created_at, api_requests.updated_at 
FROM api_requests 
WHERE api_requests.collection_id = $1::UUID ORDER BY api_requests.order_index, api_requests.created_at
INFO     sqlalchemy.engine.Engine:base.py:1848 [cached since 10.14s ago] (UUID('019f4230-9c26-7267-806b-d1a5214b43db'),)
INFO     sqlalchemy.engine.Engine:base.py:1848 SELECT collections.id, collections.project_id, collections.name, collections.description, collections.created_at, collections.updated_at 
FROM collections 
WHERE collections.id = $1::UUID
INFO     sqlalchemy.engine.Engine:base.py:1848 [cached since 10.14s ago] (UUID('019f4230-9c26-7267-806b-d1a5214b43db'),)
INFO     sqlalchemy.engine.Engine:base.py:1848 SELECT environment_variables.id, environment_variables.project_id, environment_variables.key, environment_variables.value, environment_variables.is_secret, environment_variables.created_at, environment_variables.updated_at 
FROM environment_variables 
WHERE environment_variables.project_id = $1::UUID ORDER BY environment_variables.key
INFO     sqlalchemy.engine.Engine:base.py:1848 [cached since 0.2138s ago] (UUID('019f4230-9c25-78db-8898-5950367ec39d'),)
INFO     sqlalchemy.engine.Engine:base.py:1848 INSERT INTO test_runs (id, collection_id, initiated_by, status, run_type, started_at, completed_at, total_tasks, completed_tasks, failed_tasks, config) VALUES ($1::UUID, $2::UUID, $3::UUID, $4::test_run_status, $5::test_run_type, $6::TIMESTAMP WITH TIME ZONE, $7::TIMESTAMP WITH TIME ZONE, $8::INTEGER, $9::INTEGER, $10::INTEGER, $11::JSONB) RETURNING test_runs.created_at, test_runs.updated_at
INFO     sqlalchemy.engine.Engine:base.py:1848 [cached since 0.2129s ago] (UUID('019f4255-a0ac-7ce9-8f81-e2d85fdeaa6d'), UUID('019f4230-9c26-7267-806b-d1a5214b43db'), UUID('019f4230-9c21-7ea3-86cd-23c7b91d224f'), 'running', 'scheduled', datetime.datetime(2026, 7, 8, 15, 25, 35, 788162, tzinfo=datetime.timezone.utc), None, 1, 0, 0, '{"environment_variables": {}}')
INFO     sqlalchemy.engine.Engine:base.py:1848 SELECT test_runs.id, test_runs.collection_id, test_runs.initiated_by, test_runs.status, test_runs.run_type, test_runs.started_at, test_runs.completed_at, test_runs.total_tasks, test_runs.completed_tasks, test_runs.failed_tasks, test_runs.config, test_runs.created_at, test_runs.updated_at 
FROM test_runs 
WHERE test_runs.id = $1::UUID
INFO     sqlalchemy.engine.Engine:base.py:1848 [cached since 0.212s ago] (UUID('019f4255-a0ac-7ce9-8f81-e2d85fdeaa6d'),)
INFO     sqlalchemy.engine.Engine:base.py:1848 INSERT INTO test_tasks (id, test_run_id, api_request_id, sequence_order, data_row_index, data_context, status, retry_count, max_retries, next_retry_at, assigned_worker_id) VALUES ($1::UUID, $2::UUID, $3::UUID, $4::INTEGER, $5::INTEGER, $6::JSONB, $7::test_task_status, $8::INTEGER, $9::INTEGER, $10::TIMESTAMP WITH TIME ZONE, $11::UUID) RETURNING test_tasks.created_at, test_tasks.updated_at
INFO     sqlalchemy.engine.Engine:base.py:1848 [cached since 0.2113s ago] (UUID('019f4255-a0ad-78e2-b151-8fd90296a985'), UUID('019f4255-a0ac-7ce9-8f81-e2d85fdeaa6d'), UUID('019f4230-9c27-7a93-a990-a33af0d37fd4'), 0, None, 'null', 'pending', 0, 3, None, None)
INFO     sqlalchemy.engine.Engine:base.py:1848 UPDATE schedules SET next_run_at=$1::TIMESTAMP WITH TIME ZONE, last_run_at=$2::TIMESTAMP WITH TIME ZONE, updated_at=now() WHERE schedules.id = $3::UUID
INFO     sqlalchemy.engine.Engine:base.py:1848 [cached since 0.2101s ago] (datetime.datetime(2026, 7, 8, 15, 26, tzinfo=zoneinfo.ZoneInfo(key='UTC')), datetime.datetime(2026, 7, 8, 15, 25, 35, 790997, tzinfo=datetime.timezone.utc), UUID('019f4230-9c28-7292-8b00-4a7f872e7e82'))
INFO     sqlalchemy.engine.Engine:base.py:1848 SELECT schedules.id, schedules.collection_id, schedules.cron_expression, schedules.timezone, schedules.is_active, schedules.next_run_at, schedules.last_run_at, schedules.created_by, schedules.created_at, schedules.updated_at 
FROM schedules 
WHERE schedules.id = $1::UUID
INFO     sqlalchemy.engine.Engine:base.py:1848 [cached since 0.2095s ago] (UUID('019f4230-9c28-7292-8b00-4a7f872e7e82'),)
INFO     sqlalchemy.engine.Engine:base.py:1848 SELECT api_requests.id, api_requests.collection_id, api_requests.name, api_requests.method, api_requests.url, api_requests.headers, api_requests.query_params, api_requests.body, api_requests.order_index, api_requests.timeout_ms, api_requests.extract_rules, api_requests.created_at, api_requests.updated_at 
FROM api_requests 
WHERE api_requests.collection_id = $1::UUID ORDER BY api_requests.order_index, api_requests.created_at
INFO     sqlalchemy.engine.Engine:base.py:1848 [cached since 10.15s ago] (UUID('019f4230-9cbc-7056-8bae-1a46232ca229'),)
WARNING  scheduler.cron_scheduler:cron_scheduler.py:76 Schedule 019f4230-9cbe-7102-93d1-7413a0d4e943 is due but its collection has no requests; skipping this cycle.
INFO     sqlalchemy.engine.Engine:base.py:1848 UPDATE schedules SET next_run_at=$1::TIMESTAMP WITH TIME ZONE, last_run_at=$2::TIMESTAMP WITH TIME ZONE, updated_at=now() WHERE schedules.id = $3::UUID
INFO     sqlalchemy.engine.Engine:base.py:1848 [cached since 0.2121s ago] (datetime.datetime(2026, 7, 8, 15, 26, tzinfo=zoneinfo.ZoneInfo(key='UTC')), datetime.datetime(2026, 7, 8, 15, 25, 35, 793031, tzinfo=datetime.timezone.utc), UUID('019f4230-9cbe-7102-93d1-7413a0d4e943'))
INFO     sqlalchemy.engine.Engine:base.py:1848 SELECT schedules.id, schedules.collection_id, schedules.cron_expression, schedules.timezone, schedules.is_active, schedules.next_run_at, schedules.last_run_at, schedules.created_by, schedules.created_at, schedules.updated_at 
FROM schedules 
WHERE schedules.id = $1::UUID
INFO     sqlalchemy.engine.Engine:base.py:1848 [cached since 0.2113s ago] (UUID('019f4230-9cbe-7102-93d1-7413a0d4e943'),)
INFO     sqlalchemy.engine.Engine:base.py:1848 SELECT api_requests.id, api_requests.collection_id, api_requests.name, api_requests.method, api_requests.url, api_requests.headers, api_requests.query_params, api_requests.body, api_requests.order_index, api_requests.timeout_ms, api_requests.extract_rules, api_requests.created_at, api_requests.updated_at 
FROM api_requests 
WHERE api_requests.collection_id = $1::UUID ORDER BY api_requests.order_index, api_requests.created_at
INFO     sqlalchemy.engine.Engine:base.py:1848 [cached since 10.15s ago] (UUID('019f4231-79ae-7598-a7e4-69bad935a3bf'),)
INFO     sqlalchemy.engine.Engine:base.py:1848 SELECT collections.id, collections.project_id, collections.name, collections.description, collections.created_at, collections.updated_at 
FROM collections 
WHERE collections.id = $1::UUID
INFO     sqlalchemy.engine.Engine:base.py:1848 [cached since 10.15s ago] (UUID('019f4231-79ae-7598-a7e4-69bad935a3bf'),)
INFO     sqlalchemy.engine.Engine:base.py:1848 SELECT environment_variables.id, environment_variables.project_id, environment_variables.key, environment_variables.value, environment_variables.is_secret, environment_variables.created_at, environment_variables.updated_at 
FROM environment_variables 
WHERE environment_variables.project_id = $1::UUID ORDER BY environment_variables.key
INFO     sqlalchemy.engine.Engine:base.py:1848 [cached since 0.2212s ago] (UUID('019f4231-79ad-7e20-b365-6e46d3ed6d70'),)
INFO     sqlalchemy.engine.Engine:base.py:1848 INSERT INTO test_runs (id, collection_id, initiated_by, status, run_type, started_at, completed_at, total_tasks, completed_tasks, failed_tasks, config) VALUES ($1::UUID, $2::UUID, $3::UUID, $4::test_run_status, $5::test_run_type, $6::TIMESTAMP WITH TIME ZONE, $7::TIMESTAMP WITH TIME ZONE, $8::INTEGER, $9::INTEGER, $10::INTEGER, $11::JSONB) RETURNING test_runs.created_at, test_runs.updated_at
INFO     sqlalchemy.engine.Engine:base.py:1848 [cached since 0.2204s ago] (UUID('019f4255-a0b3-7d90-b3bd-8f7d3304f996'), UUID('019f4231-79ae-7598-a7e4-69bad935a3bf'), UUID('019f4231-79aa-7b06-93f4-7261ad562ac0'), 'running', 'scheduled', datetime.datetime(2026, 7, 8, 15, 25, 35, 795658, tzinfo=datetime.timezone.utc), None, 1, 0, 0, '{"environment_variables": {}}')
INFO     sqlalchemy.engine.Engine:base.py:1848 SELECT test_runs.id, test_runs.collection_id, test_runs.initiated_by, test_runs.status, test_runs.run_type, test_runs.started_at, test_runs.completed_at, test_runs.total_tasks, test_runs.completed_tasks, test_runs.failed_tasks, test_runs.config, test_runs.created_at, test_runs.updated_at 
FROM test_runs 
WHERE test_runs.id = $1::UUID
INFO     sqlalchemy.engine.Engine:base.py:1848 [cached since 0.2195s ago] (UUID('019f4255-a0b3-7d90-b3bd-8f7d3304f996'),)
INFO     sqlalchemy.engine.Engine:base.py:1848 INSERT INTO test_tasks (id, test_run_id, api_request_id, sequence_order, data_row_index, data_context, status, retry_count, max_retries, next_retry_at, assigned_worker_id) VALUES ($1::UUID, $2::UUID, $3::UUID, $4::INTEGER, $5::INTEGER, $6::JSONB, $7::test_task_status, $8::INTEGER, $9::INTEGER, $10::TIMESTAMP WITH TIME ZONE, $11::UUID) RETURNING test_tasks.created_at, test_tasks.updated_at
INFO     sqlalchemy.engine.Engine:base.py:1848 [cached since 0.2189s ago] (UUID('019f4255-a0b5-7b45-a2c9-99d17453ee0c'), UUID('019f4255-a0b3-7d90-b3bd-8f7d3304f996'), UUID('019f4231-79af-7b1b-8481-9b20af0a2529'), 0, None, 'null', 'pending', 0, 3, None, None)
INFO     sqlalchemy.engine.Engine:base.py:1848 UPDATE schedules SET next_run_at=$1::TIMESTAMP WITH TIME ZONE, last_run_at=$2::TIMESTAMP WITH TIME ZONE, updated_at=now() WHERE schedules.id = $3::UUID
INFO     sqlalchemy.engine.Engine:base.py:1848 [cached since 0.2171s ago] (datetime.datetime(2026, 7, 8, 15, 26, tzinfo=zoneinfo.ZoneInfo(key='UTC')), datetime.datetime(2026, 7, 8, 15, 25, 35, 798019, tzinfo=datetime.timezone.utc), UUID('019f4231-79b0-72ee-a3f5-ed07cfd9f21f'))
INFO     sqlalchemy.engine.Engine:base.py:1848 SELECT schedules.id, schedules.collection_id, schedules.cron_expression, schedules.timezone, schedules.is_active, schedules.next_run_at, schedules.last_run_at, schedules.created_by, schedules.created_at, schedules.updated_at 
FROM schedules 
WHERE schedules.id = $1::UUID
INFO     sqlalchemy.engine.Engine:base.py:1848 [cached since 0.2163s ago] (UUID('019f4231-79b0-72ee-a3f5-ed07cfd9f21f'),)
INFO     sqlalchemy.engine.Engine:base.py:1848 SELECT api_requests.id, api_requests.collection_id, api_requests.name, api_requests.method, api_requests.url, api_requests.headers, api_requests.query_params, api_requests.body, api_requests.order_index, api_requests.timeout_ms, api_requests.extract_rules, api_requests.created_at, api_requests.updated_at 
FROM api_requests 
WHERE api_requests.collection_id = $1::UUID ORDER BY api_requests.order_index, api_requests.created_at
INFO     sqlalchemy.engine.Engine:base.py:1848 [cached since 10.15s ago] (UUID('019f4231-7e37-77a5-b24c-d5e82b9a44bc'),)
INFO     sqlalchemy.engine.Engine:base.py:1848 SELECT collections.id, collections.project_id, collections.name, collections.description, collections.created_at, collections.updated_at 
FROM collections 
WHERE collections.id = $1::UUID
INFO     sqlalchemy.engine.Engine:base.py:1848 [cached since 10.16s ago] (UUID('019f4231-7e37-77a5-b24c-d5e82b9a44bc'),)
INFO     sqlalchemy.engine.Engine:base.py:1848 SELECT environment_variables.id, environment_variables.project_id, environment_variables.key, environment_variables.value, environment_variables.is_secret, environment_variables.created_at, environment_variables.updated_at 
FROM environment_variables 
WHERE environment_variables.project_id = $1::UUID ORDER BY environment_variables.key
INFO     sqlalchemy.engine.Engine:base.py:1848 [cached since 0.2261s ago] (UUID('019f4231-7e36-7413-bde4-366043b8e9a5'),)
INFO     sqlalchemy.engine.Engine:base.py:1848 INSERT INTO test_runs (id, collection_id, initiated_by, status, run_type, started_at, completed_at, total_tasks, completed_tasks, failed_tasks, config) VALUES ($1::UUID, $2::UUID, $3::UUID, $4::test_run_status, $5::test_run_type, $6::TIMESTAMP WITH TIME ZONE, $7::TIMESTAMP WITH TIME ZONE, $8::INTEGER, $9::INTEGER, $10::INTEGER, $11::JSONB) RETURNING test_runs.created_at, test_runs.updated_at
INFO     sqlalchemy.engine.Engine:base.py:1848 [cached since 0.2253s ago] (UUID('019f4255-a0b8-73ff-b21b-255dbe14ccd6'), UUID('019f4231-7e37-77a5-b24c-d5e82b9a44bc'), UUID('019f4231-7e33-745f-92a7-906717e5df88'), 'running', 'scheduled', datetime.datetime(2026, 7, 8, 15, 25, 35, 800550, tzinfo=datetime.timezone.utc), None, 1, 0, 0, '{"environment_variables": {}}')
INFO     sqlalchemy.engine.Engine:base.py:1848 SELECT test_runs.id, test_runs.collection_id, test_runs.initiated_by, test_runs.status, test_runs.run_type, test_runs.started_at, test_runs.completed_at, test_runs.total_tasks, test_runs.completed_tasks, test_runs.failed_tasks, test_runs.config, test_runs.created_at, test_runs.updated_at 
FROM test_runs 
WHERE test_runs.id = $1::UUID
INFO     sqlalchemy.engine.Engine:base.py:1848 [cached since 0.2244s ago] (UUID('019f4255-a0b8-73ff-b21b-255dbe14ccd6'),)
INFO     sqlalchemy.engine.Engine:base.py:1848 INSERT INTO test_tasks (id, test_run_id, api_request_id, sequence_order, data_row_index, data_context, status, retry_count, max_retries, next_retry_at, assigned_worker_id) VALUES ($1::UUID, $2::UUID, $3::UUID, $4::INTEGER, $5::INTEGER, $6::JSONB, $7::test_task_status, $8::INTEGER, $9::INTEGER, $10::TIMESTAMP WITH TIME ZONE, $11::UUID) RETURNING test_tasks.created_at, test_tasks.updated_at
INFO     sqlalchemy.engine.Engine:base.py:1848 [cached since 0.2238s ago] (UUID('019f4255-a0ba-7d10-b389-54593204561b'), UUID('019f4255-a0b8-73ff-b21b-255dbe14ccd6'), UUID('019f4231-7e38-7a2c-a9f7-ffe7fc5ee6ce'), 0, None, 'null', 'pending', 0, 3, None, None)
INFO     sqlalchemy.engine.Engine:base.py:1848 UPDATE schedules SET next_run_at=$1::TIMESTAMP WITH TIME ZONE, last_run_at=$2::TIMESTAMP WITH TIME ZONE, updated_at=now() WHERE schedules.id = $3::UUID
INFO     sqlalchemy.engine.Engine:base.py:1848 [cached since 0.222s ago] (datetime.datetime(2026, 7, 8, 15, 26, tzinfo=zoneinfo.ZoneInfo(key='UTC')), datetime.datetime(2026, 7, 8, 15, 25, 35, 802937, tzinfo=datetime.timezone.utc), UUID('019f4231-7e39-7647-9cde-882ce877f206'))
INFO     sqlalchemy.engine.Engine:base.py:1848 SELECT schedules.id, schedules.collection_id, schedules.cron_expression, schedules.timezone, schedules.is_active, schedules.next_run_at, schedules.last_run_at, schedules.created_by, schedules.created_at, schedules.updated_at 
FROM schedules 
WHERE schedules.id = $1::UUID
INFO     sqlalchemy.engine.Engine:base.py:1848 [cached since 0.2212s ago] (UUID('019f4231-7e39-7647-9cde-882ce877f206'),)
INFO     sqlalchemy.engine.Engine:base.py:1848 SELECT api_requests.id, api_requests.collection_id, api_requests.name, api_requests.method, api_requests.url, api_requests.headers, api_requests.query_params, api_requests.body, api_requests.order_index, api_requests.timeout_ms, api_requests.extract_rules, api_requests.created_at, api_requests.updated_at 
FROM api_requests 
WHERE api_requests.collection_id = $1::UUID ORDER BY api_requests.order_index, api_requests.created_at
INFO     sqlalchemy.engine.Engine:base.py:1848 [cached since 10.16s ago] (UUID('019f4231-7eb8-7a34-85d6-d2dfc6240096'),)
WARNING  scheduler.cron_scheduler:cron_scheduler.py:76 Schedule 019f4231-7eb9-7069-9f40-474fcebe182b is due but its collection has no requests; skipping this cycle.
INFO     sqlalchemy.engine.Engine:base.py:1848 UPDATE schedules SET next_run_at=$1::TIMESTAMP WITH TIME ZONE, last_run_at=$2::TIMESTAMP WITH TIME ZONE, updated_at=now() WHERE schedules.id = $3::UUID
INFO     sqlalchemy.engine.Engine:base.py:1848 [cached since 0.2237s ago] (datetime.datetime(2026, 7, 8, 15, 26, tzinfo=zoneinfo.ZoneInfo(key='UTC')), datetime.datetime(2026, 7, 8, 15, 25, 35, 804613, tzinfo=datetime.timezone.utc), UUID('019f4231-7eb9-7069-9f40-474fcebe182b'))
INFO     sqlalchemy.engine.Engine:base.py:1848 SELECT schedules.id, schedules.collection_id, schedules.cron_expression, schedules.timezone, schedules.is_active, schedules.next_run_at, schedules.last_run_at, schedules.created_by, schedules.created_at, schedules.updated_at 
FROM schedules 
WHERE schedules.id = $1::UUID
INFO     sqlalchemy.engine.Engine:base.py:1848 [cached since 0.2229s ago] (UUID('019f4231-7eb9-7069-9f40-474fcebe182b'),)
INFO     sqlalchemy.engine.Engine:base.py:1848 SELECT api_requests.id, api_requests.collection_id, api_requests.name, api_requests.method, api_requests.url, api_requests.headers, api_requests.query_params, api_requests.body, api_requests.order_index, api_requests.timeout_ms, api_requests.extract_rules, api_requests.created_at, api_requests.updated_at 
FROM api_requests 
WHERE api_requests.collection_id = $1::UUID ORDER BY api_requests.order_index, api_requests.created_at
INFO     sqlalchemy.engine.Engine:base.py:1848 [cached since 10.16s ago] (UUID('019f4231-7f3a-7c63-b07d-685b1212cf8b'),)
INFO     sqlalchemy.engine.Engine:base.py:1848 SELECT collections.id, collections.project_id, collections.name, collections.description, collections.created_at, collections.updated_at 
FROM collections 
WHERE collections.id = $1::UUID
INFO     sqlalchemy.engine.Engine:base.py:1848 [cached since 10.16s ago] (UUID('019f4231-7f3a-7c63-b07d-685b1212cf8b'),)
INFO     sqlalchemy.engine.Engine:base.py:1848 SELECT environment_variables.id, environment_variables.project_id, environment_variables.key, environment_variables.value, environment_variables.is_secret, environment_variables.created_at, environment_variables.updated_at 
FROM environment_variables 
WHERE environment_variables.project_id = $1::UUID ORDER BY environment_variables.key
INFO     sqlalchemy.engine.Engine:base.py:1848 [cached since 0.2327s ago] (UUID('019f4231-7f39-728d-8d44-b4a8bf8a8b8c'),)
INFO     sqlalchemy.engine.Engine:base.py:1848 INSERT INTO test_runs (id, collection_id, initiated_by, status, run_type, started_at, completed_at, total_tasks, completed_tasks, failed_tasks, config) VALUES ($1::UUID, $2::UUID, $3::UUID, $4::test_run_status, $5::test_run_type, $6::TIMESTAMP WITH TIME ZONE, $7::TIMESTAMP WITH TIME ZONE, $8::INTEGER, $9::INTEGER, $10::INTEGER, $11::JSONB) RETURNING test_runs.created_at, test_runs.updated_at
INFO     sqlalchemy.engine.Engine:base.py:1848 [cached since 0.2321s ago] (UUID('019f4255-a0bf-775b-a4ed-6a7d8bf7f2f7'), UUID('019f4231-7f3a-7c63-b07d-685b1212cf8b'), UUID('019f4231-7f36-7323-a7bb-31d319460e13'), 'running', 'scheduled', datetime.datetime(2026, 7, 8, 15, 25, 35, 807164, tzinfo=datetime.timezone.utc), None, 1, 0, 0, '{"environment_variables": {}}')
INFO     sqlalchemy.engine.Engine:base.py:1848 SELECT test_runs.id, test_runs.collection_id, test_runs.initiated_by, test_runs.status, test_runs.run_type, test_runs.started_at, test_runs.completed_at, test_runs.total_tasks, test_runs.completed_tasks, test_runs.failed_tasks, test_runs.config, test_runs.created_at, test_runs.updated_at 
FROM test_runs 
WHERE test_runs.id = $1::UUID
INFO     sqlalchemy.engine.Engine:base.py:1848 [cached since 0.2314s ago] (UUID('019f4255-a0bf-775b-a4ed-6a7d8bf7f2f7'),)
INFO     sqlalchemy.engine.Engine:base.py:1848 INSERT INTO test_tasks (id, test_run_id, api_request_id, sequence_order, data_row_index, data_context, status, retry_count, max_retries, next_retry_at, assigned_worker_id) VALUES ($1::UUID, $2::UUID, $3::UUID, $4::INTEGER, $5::INTEGER, $6::JSONB, $7::test_task_status, $8::INTEGER, $9::INTEGER, $10::TIMESTAMP WITH TIME ZONE, $11::UUID) RETURNING test_tasks.created_at, test_tasks.updated_at
INFO     sqlalchemy.engine.Engine:base.py:1848 [cached since 0.2308s ago] (UUID('019f4255-a0c1-7c48-ba3a-a4d413100720'), UUID('019f4255-a0bf-775b-a4ed-6a7d8bf7f2f7'), UUID('019f4231-7f3b-742a-828b-7c0ea4120e36'), 0, None, 'null', 'pending', 0, 3, None, None)
INFO     sqlalchemy.engine.Engine:base.py:1848 UPDATE schedules SET next_run_at=$1::TIMESTAMP WITH TIME ZONE, last_run_at=$2::TIMESTAMP WITH TIME ZONE, updated_at=now() WHERE schedules.id = $3::UUID
INFO     sqlalchemy.engine.Engine:base.py:1848 [cached since 0.2292s ago] (datetime.datetime(2026, 7, 8, 15, 26, tzinfo=zoneinfo.ZoneInfo(key='UTC')), datetime.datetime(2026, 7, 8, 15, 25, 35, 810132, tzinfo=datetime.timezone.utc), UUID('019f4231-7f3c-76ce-b5d3-074467e9ba49'))
INFO     sqlalchemy.engine.Engine:base.py:1848 SELECT schedules.id, schedules.collection_id, schedules.cron_expression, schedules.timezone, schedules.is_active, schedules.next_run_at, schedules.last_run_at, schedules.created_by, schedules.created_at, schedules.updated_at 
FROM schedules 
WHERE schedules.id = $1::UUID
INFO     sqlalchemy.engine.Engine:base.py:1848 [cached since 0.2285s ago] (UUID('019f4231-7f3c-76ce-b5d3-074467e9ba49'),)
INFO     sqlalchemy.engine.Engine:base.py:1848 SELECT api_requests.id, api_requests.collection_id, api_requests.name, api_requests.method, api_requests.url, api_requests.headers, api_requests.query_params, api_requests.body, api_requests.order_index, api_requests.timeout_ms, api_requests.extract_rules, api_requests.created_at, api_requests.updated_at 
FROM api_requests 
WHERE api_requests.collection_id = $1::UUID ORDER BY api_requests.order_index, api_requests.created_at
INFO     sqlalchemy.engine.Engine:base.py:1848 [cached since 10.17s ago] (UUID('019f4231-82b5-73d1-a758-11e9e424958e'),)
INFO     sqlalchemy.engine.Engine:base.py:1848 SELECT collections.id, collections.project_id, collections.name, collections.description, collections.created_at, collections.updated_at 
FROM collections 
WHERE collections.id = $1::UUID
INFO     sqlalchemy.engine.Engine:base.py:1848 [cached since 10.17s ago] (UUID('019f4231-82b5-73d1-a758-11e9e424958e'),)
INFO     sqlalchemy.engine.Engine:base.py:1848 SELECT environment_variables.id, environment_variables.project_id, environment_variables.key, environment_variables.value, environment_variables.is_secret, environment_variables.created_at, environment_variables.updated_at 
FROM environment_variables 
WHERE environment_variables.project_id = $1::UUID ORDER BY environment_variables.key
INFO     sqlalchemy.engine.Engine:base.py:1848 [cached since 0.2383s ago] (UUID('019f4231-82b4-7da7-8a10-85850c2678dd'),)
INFO     sqlalchemy.engine.Engine:base.py:1848 INSERT INTO test_runs (id, collection_id, initiated_by, status, run_type, started_at, completed_at, total_tasks, completed_tasks, failed_tasks, config) VALUES ($1::UUID, $2::UUID, $3::UUID, $4::test_run_status, $5::test_run_type, $6::TIMESTAMP WITH TIME ZONE, $7::TIMESTAMP WITH TIME ZONE, $8::INTEGER, $9::INTEGER, $10::INTEGER, $11::JSONB) RETURNING test_runs.created_at, test_runs.updated_at
INFO     sqlalchemy.engine.Engine:base.py:1848 [cached since 0.2375s ago] (UUID('019f4255-a0c4-73c1-91ba-3efe23138371'), UUID('019f4231-82b5-73d1-a758-11e9e424958e'), UUID('019f4231-82b0-72c5-980b-cfd020b1055d'), 'running', 'scheduled', datetime.datetime(2026, 7, 8, 15, 25, 35, 812764, tzinfo=datetime.timezone.utc), None, 1, 0, 0, '{"environment_variables": {}}')
INFO     sqlalchemy.engine.Engine:base.py:1848 SELECT test_runs.id, test_runs.collection_id, test_runs.initiated_by, test_runs.status, test_runs.run_type, test_runs.started_at, test_runs.completed_at, test_runs.total_tasks, test_runs.completed_tasks, test_runs.failed_tasks, test_runs.config, test_runs.created_at, test_runs.updated_at 
FROM test_runs 
WHERE test_runs.id = $1::UUID
INFO     sqlalchemy.engine.Engine:base.py:1848 [cached since 0.2365s ago] (UUID('019f4255-a0c4-73c1-91ba-3efe23138371'),)
INFO     sqlalchemy.engine.Engine:base.py:1848 INSERT INTO test_tasks (id, test_run_id, api_request_id, sequence_order, data_row_index, data_context, status, retry_count, max_retries, next_retry_at, assigned_worker_id) VALUES ($1::UUID, $2::UUID, $3::UUID, $4::INTEGER, $5::INTEGER, $6::JSONB, $7::test_task_status, $8::INTEGER, $9::INTEGER, $10::TIMESTAMP WITH TIME ZONE, $11::UUID) RETURNING test_tasks.created_at, test_tasks.updated_at
INFO     sqlalchemy.engine.Engine:base.py:1848 [cached since 0.2358s ago] (UUID('019f4255-a0c6-76ee-88a9-132501ba80ab'), UUID('019f4255-a0c4-73c1-91ba-3efe23138371'), UUID('019f4231-82b6-7604-bd47-c0ac93f4bf4c'), 0, None, 'null', 'pending', 0, 3, None, None)
INFO     sqlalchemy.engine.Engine:base.py:1848 UPDATE schedules SET next_run_at=$1::TIMESTAMP WITH TIME ZONE, last_run_at=$2::TIMESTAMP WITH TIME ZONE, updated_at=now() WHERE schedules.id = $3::UUID
INFO     sqlalchemy.engine.Engine:base.py:1848 [cached since 0.234s ago] (datetime.datetime(2026, 7, 8, 15, 26, tzinfo=zoneinfo.ZoneInfo(key='UTC')), datetime.datetime(2026, 7, 8, 15, 25, 35, 814947, tzinfo=datetime.timezone.utc), UUID('019f4231-82b7-7692-9598-edfb3f35fac5'))
INFO     sqlalchemy.engine.Engine:base.py:1848 SELECT schedules.id, schedules.collection_id, schedules.cron_expression, schedules.timezone, schedules.is_active, schedules.next_run_at, schedules.last_run_at, schedules.created_by, schedules.created_at, schedules.updated_at 
FROM schedules 
WHERE schedules.id = $1::UUID
INFO     sqlalchemy.engine.Engine:base.py:1848 [cached since 0.2333s ago] (UUID('019f4231-82b7-7692-9598-edfb3f35fac5'),)
INFO     sqlalchemy.engine.Engine:base.py:1848 SELECT api_requests.id, api_requests.collection_id, api_requests.name, api_requests.method, api_requests.url, api_requests.headers, api_requests.query_params, api_requests.body, api_requests.order_index, api_requests.timeout_ms, api_requests.extract_rules, api_requests.created_at, api_requests.updated_at 
FROM api_requests 
WHERE api_requests.collection_id = $1::UUID ORDER BY api_requests.order_index, api_requests.created_at
INFO     sqlalchemy.engine.Engine:base.py:1848 [cached since 10.17s ago] (UUID('019f4231-7fb2-749f-8f62-54bb2445cb18'),)
INFO     sqlalchemy.engine.Engine:base.py:1848 SELECT collections.id, collections.project_id, collections.name, collections.description, collections.created_at, collections.updated_at 
FROM collections 
WHERE collections.id = $1::UUID
INFO     sqlalchemy.engine.Engine:base.py:1848 [cached since 10.17s ago] (UUID('019f4231-7fb2-749f-8f62-54bb2445cb18'),)
INFO     sqlalchemy.engine.Engine:base.py:1848 SELECT environment_variables.id, environment_variables.project_id, environment_variables.key, environment_variables.value, environment_variables.is_secret, environment_variables.created_at, environment_variables.updated_at 
FROM environment_variables 
WHERE environment_variables.project_id = $1::UUID ORDER BY environment_variables.key
INFO     sqlalchemy.engine.Engine:base.py:1848 [cached since 0.243s ago] (UUID('019f4231-7fb1-7fb9-9a84-d57b45ccd7ae'),)
INFO     sqlalchemy.engine.Engine:base.py:1848 INSERT INTO test_runs (id, collection_id, initiated_by, status, run_type, started_at, completed_at, total_tasks, completed_tasks, failed_tasks, config) VALUES ($1::UUID, $2::UUID, $3::UUID, $4::test_run_status, $5::test_run_type, $6::TIMESTAMP WITH TIME ZONE, $7::TIMESTAMP WITH TIME ZONE, $8::INTEGER, $9::INTEGER, $10::INTEGER, $11::JSONB) RETURNING test_runs.created_at, test_runs.updated_at
INFO     sqlalchemy.engine.Engine:base.py:1848 [cached since 0.2422s ago] (UUID('019f4255-a0c9-7af9-8744-c442c38dc136'), UUID('019f4231-7fb2-749f-8f62-54bb2445cb18'), UUID('019f4231-7fae-7d84-8c48-e0ad5ae4ef1d'), 'running', 'scheduled', datetime.datetime(2026, 7, 8, 15, 25, 35, 817439, tzinfo=datetime.timezone.utc), None, 1, 0, 0, '{"environment_variables": {}}')
INFO     sqlalchemy.engine.Engine:base.py:1848 SELECT test_runs.id, test_runs.collection_id, test_runs.initiated_by, test_runs.status, test_runs.run_type, test_runs.started_at, test_runs.completed_at, test_runs.total_tasks, test_runs.completed_tasks, test_runs.failed_tasks, test_runs.config, test_runs.created_at, test_runs.updated_at 
FROM test_runs 
WHERE test_runs.id = $1::UUID
INFO     sqlalchemy.engine.Engine:base.py:1848 [cached since 0.2412s ago] (UUID('019f4255-a0c9-7af9-8744-c442c38dc136'),)
INFO     sqlalchemy.engine.Engine:base.py:1848 INSERT INTO test_tasks (id, test_run_id, api_request_id, sequence_order, data_row_index, data_context, status, retry_count, max_retries, next_retry_at, assigned_worker_id) VALUES ($1::UUID, $2::UUID, $3::UUID, $4::INTEGER, $5::INTEGER, $6::JSONB, $7::test_task_status, $8::INTEGER, $9::INTEGER, $10::TIMESTAMP WITH TIME ZONE, $11::UUID) RETURNING test_tasks.created_at, test_tasks.updated_at
INFO     sqlalchemy.engine.Engine:base.py:1848 [cached since 0.2406s ago] (UUID('019f4255-a0ca-7e3f-87d4-d30404922b6b'), UUID('019f4255-a0c9-7af9-8744-c442c38dc136'), UUID('019f4231-7fb3-7739-bfc7-052fccf63649'), 0, None, 'null', 'pending', 0, 3, None, None)
INFO     sqlalchemy.engine.Engine:base.py:1848 UPDATE schedules SET next_run_at=$1::TIMESTAMP WITH TIME ZONE, last_run_at=$2::TIMESTAMP WITH TIME ZONE, updated_at=now() WHERE schedules.id = $3::UUID
INFO     sqlalchemy.engine.Engine:base.py:1848 [cached since 0.2387s ago] (datetime.datetime(2026, 7, 8, 15, 26, tzinfo=zoneinfo.ZoneInfo(key='UTC')), datetime.datetime(2026, 7, 8, 15, 25, 35, 819688, tzinfo=datetime.timezone.utc), UUID('019f4231-7fb4-7a94-a8d8-e4691129b3e7'))
INFO     sqlalchemy.engine.Engine:base.py:1848 SELECT schedules.id, schedules.collection_id, schedules.cron_expression, schedules.timezone, schedules.is_active, schedules.next_run_at, schedules.last_run_at, schedules.created_by, schedules.created_at, schedules.updated_at 
FROM schedules 
WHERE schedules.id = $1::UUID
INFO     sqlalchemy.engine.Engine:base.py:1848 [cached since 0.238s ago] (UUID('019f4231-7fb4-7a94-a8d8-e4691129b3e7'),)
INFO     sqlalchemy.engine.Engine:base.py:1848 SELECT api_requests.id, api_requests.collection_id, api_requests.name, api_requests.method, api_requests.url, api_requests.headers, api_requests.query_params, api_requests.body, api_requests.order_index, api_requests.timeout_ms, api_requests.extract_rules, api_requests.created_at, api_requests.updated_at 
FROM api_requests 
WHERE api_requests.collection_id = $1::UUID ORDER BY api_requests.order_index, api_requests.created_at
INFO     sqlalchemy.engine.Engine:base.py:1848 [cached since 10.17s ago] (UUID('019f4237-31c7-7fcb-b7dc-d75c962f941c'),)
INFO     sqlalchemy.engine.Engine:base.py:1848 SELECT collections.id, collections.project_id, collections.name, collections.description, collections.created_at, collections.updated_at 
FROM collections 
WHERE collections.id = $1::UUID
INFO     sqlalchemy.engine.Engine:base.py:1848 [cached since 10.18s ago] (UUID('019f4237-31c7-7fcb-b7dc-d75c962f941c'),)
INFO     sqlalchemy.engine.Engine:base.py:1848 SELECT environment_variables.id, environment_variables.project_id, environment_variables.key, environment_variables.value, environment_variables.is_secret, environment_variables.created_at, environment_variables.updated_at 
FROM environment_variables 
WHERE environment_variables.project_id = $1::UUID ORDER BY environment_variables.key
INFO     sqlalchemy.engine.Engine:base.py:1848 [cached since 0.2477s ago] (UUID('019f4237-31c6-7de5-8f56-d0806b72e9a5'),)
INFO     sqlalchemy.engine.Engine:base.py:1848 INSERT INTO test_runs (id, collection_id, initiated_by, status, run_type, started_at, completed_at, total_tasks, completed_tasks, failed_tasks, config) VALUES ($1::UUID, $2::UUID, $3::UUID, $4::test_run_status, $5::test_run_type, $6::TIMESTAMP WITH TIME ZONE, $7::TIMESTAMP WITH TIME ZONE, $8::INTEGER, $9::INTEGER, $10::INTEGER, $11::JSONB) RETURNING test_runs.created_at, test_runs.updated_at
INFO     sqlalchemy.engine.Engine:base.py:1848 [cached since 0.2469s ago] (UUID('019f4255-a0ce-72b9-bad9-8dbbe11b28f0'), UUID('019f4237-31c7-7fcb-b7dc-d75c962f941c'), UUID('019f4237-31c3-78cb-887e-9d188a2c2c0b'), 'running', 'scheduled', datetime.datetime(2026, 7, 8, 15, 25, 35, 822170, tzinfo=datetime.timezone.utc), None, 1, 0, 0, '{"environment_variables": {}}')
INFO     sqlalchemy.engine.Engine:base.py:1848 SELECT test_runs.id, test_runs.collection_id, test_runs.initiated_by, test_runs.status, test_runs.run_type, test_runs.started_at, test_runs.completed_at, test_runs.total_tasks, test_runs.completed_tasks, test_runs.failed_tasks, test_runs.config, test_runs.created_at, test_runs.updated_at 
FROM test_runs 
WHERE test_runs.id = $1::UUID
INFO     sqlalchemy.engine.Engine:base.py:1848 [cached since 0.246s ago] (UUID('019f4255-a0ce-72b9-bad9-8dbbe11b28f0'),)
INFO     sqlalchemy.engine.Engine:base.py:1848 INSERT INTO test_tasks (id, test_run_id, api_request_id, sequence_order, data_row_index, data_context, status, retry_count, max_retries, next_retry_at, assigned_worker_id) VALUES ($1::UUID, $2::UUID, $3::UUID, $4::INTEGER, $5::INTEGER, $6::JSONB, $7::test_task_status, $8::INTEGER, $9::INTEGER, $10::TIMESTAMP WITH TIME ZONE, $11::UUID) RETURNING test_tasks.created_at, test_tasks.updated_at
INFO     sqlalchemy.engine.Engine:base.py:1848 [cached since 0.2453s ago] (UUID('019f4255-a0cf-7c84-bbad-999db1016ae2'), UUID('019f4255-a0ce-72b9-bad9-8dbbe11b28f0'), UUID('019f4237-31c8-7dab-940e-8cd706c7b1d0'), 0, None, 'null', 'pending', 0, 3, None, None)
INFO     sqlalchemy.engine.Engine:base.py:1848 UPDATE schedules SET next_run_at=$1::TIMESTAMP WITH TIME ZONE, last_run_at=$2::TIMESTAMP WITH TIME ZONE, updated_at=now() WHERE schedules.id = $3::UUID
INFO     sqlalchemy.engine.Engine:base.py:1848 [cached since 0.2441s ago] (datetime.datetime(2026, 7, 8, 15, 26, tzinfo=zoneinfo.ZoneInfo(key='UTC')), datetime.datetime(2026, 7, 8, 15, 25, 35, 824920, tzinfo=datetime.timezone.utc), UUID('019f4237-31c9-742c-8bae-7f776bccf78b'))
INFO     sqlalchemy.engine.Engine:base.py:1848 SELECT schedules.id, schedules.collection_id, schedules.cron_expression, schedules.timezone, schedules.is_active, schedules.next_run_at, schedules.last_run_at, schedules.created_by, schedules.created_at, schedules.updated_at 
FROM schedules 
WHERE schedules.id = $1::UUID
INFO     sqlalchemy.engine.Engine:base.py:1848 [cached since 0.2435s ago] (UUID('019f4237-31c9-742c-8bae-7f776bccf78b'),)
INFO     sqlalchemy.engine.Engine:base.py:2718 COMMIT
=============================== warnings summary ===============================
app/models/enums.py:38
  /app/app/models/enums.py:38: PytestCollectionWarning: cannot collect test class 'TestRunType' because it has a __init__ constructor (from: tests/integration/test_cron_scheduler.py)
    class TestRunType(str, enum.Enum):

app/models/test_run.py:27
  /app/app/models/test_run.py:27: PytestCollectionWarning: cannot collect test class 'TestRun' because it has a __init__ constructor (from: tests/integration/test_cron_scheduler.py)
    class TestRun(Base, TimestampMixin):

app/models/enums.py:30
  /app/app/models/enums.py:30: PytestCollectionWarning: cannot collect test class 'TestRunStatus' because it has a __init__ constructor (from: tests/integration/test_result_writer.py)
    class TestRunStatus(str, enum.Enum):

app/models/enums.py:38
  /app/app/models/enums.py:38: PytestCollectionWarning: cannot collect test class 'TestRunType' because it has a __init__ constructor (from: tests/integration/test_result_writer.py)
    class TestRunType(str, enum.Enum):

app/models/enums.py:43
  /app/app/models/enums.py:43: PytestCollectionWarning: cannot collect test class 'TestTaskStatus' because it has a __init__ constructor (from: tests/integration/test_result_writer.py)
    class TestTaskStatus(str, enum.Enum):

app/models/test_run.py:27
  /app/app/models/test_run.py:27: PytestCollectionWarning: cannot collect test class 'TestRun' because it has a __init__ constructor (from: tests/integration/test_result_writer.py)
    class TestRun(Base, TimestampMixin):

app/models/test_task.py:28
  /app/app/models/test_task.py:28: PytestCollectionWarning: cannot collect test class 'TestTask' because it has a __init__ constructor (from: tests/integration/test_result_writer.py)
    class TestTask(Base, TimestampMixin):

app/models/enums.py:30
  /app/app/models/enums.py:30: PytestCollectionWarning: cannot collect test class 'TestRunStatus' because it has a __init__ constructor (from: tests/integration/test_run_details.py)
    class TestRunStatus(str, enum.Enum):

app/models/enums.py:38
  /app/app/models/enums.py:38: PytestCollectionWarning: cannot collect test class 'TestRunType' because it has a __init__ constructor (from: tests/integration/test_run_details.py)
    class TestRunType(str, enum.Enum):

app/models/enums.py:43
  /app/app/models/enums.py:43: PytestCollectionWarning: cannot collect test class 'TestTaskStatus' because it has a __init__ constructor (from: tests/integration/test_run_details.py)
    class TestTaskStatus(str, enum.Enum):

app/models/test_run.py:27
  /app/app/models/test_run.py:27: PytestCollectionWarning: cannot collect test class 'TestRun' because it has a __init__ constructor (from: tests/integration/test_run_details.py)
    class TestRun(Base, TimestampMixin):

app/models/test_task.py:28
  /app/app/models/test_task.py:28: PytestCollectionWarning: cannot collect test class 'TestTask' because it has a __init__ constructor (from: tests/integration/test_run_details.py)
    class TestTask(Base, TimestampMixin):

app/models/test_run.py:27
  /app/app/models/test_run.py:27: PytestCollectionWarning: cannot collect test class 'TestRun' because it has a __init__ constructor (from: tests/integration/test_run_orchestration.py)
    class TestRun(Base, TimestampMixin):

app/models/test_task.py:28
  /app/app/models/test_task.py:28: PytestCollectionWarning: cannot collect test class 'TestTask' because it has a __init__ constructor (from: tests/integration/test_run_orchestration.py)
    class TestTask(Base, TimestampMixin):

app/models/enums.py:30
  /app/app/models/enums.py:30: PytestCollectionWarning: cannot collect test class 'TestRunStatus' because it has a __init__ constructor (from: tests/integration/test_run_results_export.py)
    class TestRunStatus(str, enum.Enum):

app/models/enums.py:38
  /app/app/models/enums.py:38: PytestCollectionWarning: cannot collect test class 'TestRunType' because it has a __init__ constructor (from: tests/integration/test_run_results_export.py)
    class TestRunType(str, enum.Enum):

app/models/enums.py:43
  /app/app/models/enums.py:43: PytestCollectionWarning: cannot collect test class 'TestTaskStatus' because it has a __init__ constructor (from: tests/integration/test_run_results_export.py)
    class TestTaskStatus(str, enum.Enum):

app/models/test_run.py:27
  /app/app/models/test_run.py:27: PytestCollectionWarning: cannot collect test class 'TestRun' because it has a __init__ constructor (from: tests/integration/test_run_results_export.py)
    class TestRun(Base, TimestampMixin):

app/models/test_task.py:28
  /app/app/models/test_task.py:28: PytestCollectionWarning: cannot collect test class 'TestTask' because it has a __init__ constructor (from: tests/integration/test_run_results_export.py)
    class TestTask(Base, TimestampMixin):

app/models/enums.py:30
  /app/app/models/enums.py:30: PytestCollectionWarning: cannot collect test class 'TestRunStatus' because it has a __init__ constructor (from: tests/integration/test_task_processor.py)
    class TestRunStatus(str, enum.Enum):

app/models/enums.py:38
  /app/app/models/enums.py:38: PytestCollectionWarning: cannot collect test class 'TestRunType' because it has a __init__ constructor (from: tests/integration/test_task_processor.py)
    class TestRunType(str, enum.Enum):

app/models/enums.py:43
  /app/app/models/enums.py:43: PytestCollectionWarning: cannot collect test class 'TestTaskStatus' because it has a __init__ constructor (from: tests/integration/test_task_processor.py)
    class TestTaskStatus(str, enum.Enum):

app/models/test_run.py:27
  /app/app/models/test_run.py:27: PytestCollectionWarning: cannot collect test class 'TestRun' because it has a __init__ constructor (from: tests/integration/test_task_processor.py)
    class TestRun(Base, TimestampMixin):

app/models/test_task.py:28
  /app/app/models/test_task.py:28: PytestCollectionWarning: cannot collect test class 'TestTask' because it has a __init__ constructor (from: tests/integration/test_task_processor.py)
    class TestTask(Base, TimestampMixin):

app/repositories/test_run_repository.py:13
  /app/app/repositories/test_run_repository.py:13: PytestCollectionWarning: cannot collect test class 'TestRunRepository' because it has a __init__ constructor (from: tests/integration/test_task_processor.py)
    class TestRunRepository:

app/repositories/test_task_repository.py:12
  /app/app/repositories/test_task_repository.py:12: PytestCollectionWarning: cannot collect test class 'TestTaskRepository' because it has a __init__ constructor (from: tests/integration/test_task_processor.py)
    class TestTaskRepository:

app/models/enums.py:30
  /app/app/models/enums.py:30: PytestCollectionWarning: cannot collect test class 'TestRunStatus' because it has a __init__ constructor (from: tests/integration/test_worker_main.py)
    class TestRunStatus(str, enum.Enum):

app/models/enums.py:38
  /app/app/models/enums.py:38: PytestCollectionWarning: cannot collect test class 'TestRunType' because it has a __init__ constructor (from: tests/integration/test_worker_main.py)
    class TestRunType(str, enum.Enum):

app/models/enums.py:43
  /app/app/models/enums.py:43: PytestCollectionWarning: cannot collect test class 'TestTaskStatus' because it has a __init__ constructor (from: tests/integration/test_worker_main.py)
    class TestTaskStatus(str, enum.Enum):

app/models/test_run.py:27
  /app/app/models/test_run.py:27: PytestCollectionWarning: cannot collect test class 'TestRun' because it has a __init__ constructor (from: tests/integration/test_worker_main.py)
    class TestRun(Base, TimestampMixin):

app/models/test_task.py:28
  /app/app/models/test_task.py:28: PytestCollectionWarning: cannot collect test class 'TestTask' because it has a __init__ constructor (from: tests/integration/test_worker_main.py)
    class TestTask(Base, TimestampMixin):

-- Docs: https://docs.pytest.org/en/stable/how-to/capture-warnings.html
=========================== short test summary info ============================
FAILED tests/integration/test_cron_scheduler.py::test_sweep_once_triggers_a_due_active_schedule - assert 44 == 1
!!!!!!!!!!!!!!!!!!!!!!!!!! stopping after 1 failures !!!!!!!!!!!!!!!!!!!!!!!!!!!
================== 1 failed, 32 passed, 31 warnings in 11.56s ==================
